Archive member included to satisfy reference by file (symbol)

c:/st/stm32cubeide_1.12.1/stm32cubeide/plugins/com.st.stm32cube.ide.mcu.externaltools.gnu-tools-for-stm32.10.3-2021.10.win32_1.0.200.202301161003/tools/bin/../lib/gcc/arm-none-eabi/10.3.1/../../../../arm-none-eabi/lib/thumb/v7e-m+fp/hard\libc_nano.a(lib_a-errno.o)
                              ./Core/Src/syscalls.o (__errno)
c:/st/stm32cubeide_1.12.1/stm32cubeide/plugins/com.st.stm32cube.ide.mcu.externaltools.gnu-tools-for-stm32.10.3-2021.10.win32_1.0.200.202301161003/tools/bin/../lib/gcc/arm-none-eabi/10.3.1/../../../../arm-none-eabi/lib/thumb/v7e-m+fp/hard\libc_nano.a(lib_a-exit.o)
                              c:/st/stm32cubeide_1.12.1/stm32cubeide/plugins/com.st.stm32cube.ide.mcu.externaltools.gnu-tools-for-stm32.10.3-2021.10.win32_1.0.200.202301161003/tools/bin/../lib/gcc/arm-none-eabi/10.3.1/../../../../arm-none-eabi/lib/thumb/v7e-m+fp/hard/crt0.o (exit)
c:/st/stm32cubeide_1.12.1/stm32cubeide/plugins/com.st.stm32cube.ide.mcu.externaltools.gnu-tools-for-stm32.10.3-2021.10.win32_1.0.200.202301161003/tools/bin/../lib/gcc/arm-none-eabi/10.3.1/../../../../arm-none-eabi/lib/thumb/v7e-m+fp/hard\libc_nano.a(lib_a-findfp.o)
                              ./Middlewares/Third_Party/FreeRTOS/Source/tasks.o (__sf_fake_stderr)
c:/st/stm32cubeide_1.12.1/stm32cubeide/plugins/com.st.stm32cube.ide.mcu.externaltools.gnu-tools-for-stm32.10.3-2021.10.win32_1.0.200.202301161003/tools/bin/../lib/gcc/arm-none-eabi/10.3.1/../../../../arm-none-eabi/lib/thumb/v7e-m+fp/hard\libc_nano.a(lib_a-fwalk.o)
                              c:/st/stm32cubeide_1.12.1/stm32cubeide/plugins/com.st.stm32cube.ide.mcu.externaltools.gnu-tools-for-stm32.10.3-2021.10.win32_1.0.200.202301161003/tools/bin/../lib/gcc/arm-none-eabi/10.3.1/../../../../arm-none-eabi/lib/thumb/v7e-m+fp/hard\libc_nano.a(lib_a-findfp.o) (_fwalk)
c:/st/stm32cubeide_1.12.1/stm32cubeide/plugins/com.st.stm32cube.ide.mcu.externaltools.gnu-tools-for-stm32.10.3-2021.10.win32_1.0.200.202301161003/tools/bin/../lib/gcc/arm-none-eabi/10.3.1/../../../../arm-none-eabi/lib/thumb/v7e-m+fp/hard\libc_nano.a(lib_a-impure.o)
                              c:/st/stm32cubeide_1.12.1/stm32cubeide/plugins/com.st.stm32cube.ide.mcu.externaltools.gnu-tools-for-stm32.10.3-2021.10.win32_1.0.200.202301161003/tools/bin/../lib/gcc/arm-none-eabi/10.3.1/../../../../arm-none-eabi/lib/thumb/v7e-m+fp/hard\libc_nano.a(lib_a-exit.o) (_global_impure_ptr)
c:/st/stm32cubeide_1.12.1/stm32cubeide/plugins/com.st.stm32cube.ide.mcu.externaltools.gnu-tools-for-stm32.10.3-2021.10.win32_1.0.200.202301161003/tools/bin/../lib/gcc/arm-none-eabi/10.3.1/../../../../arm-none-eabi/lib/thumb/v7e-m+fp/hard\libc_nano.a(lib_a-init.o)
                              c:/st/stm32cubeide_1.12.1/stm32cubeide/plugins/com.st.stm32cube.ide.mcu.externaltools.gnu-tools-for-stm32.10.3-2021.10.win32_1.0.200.202301161003/tools/bin/../lib/gcc/arm-none-eabi/10.3.1/../../../../arm-none-eabi/lib/thumb/v7e-m+fp/hard/crt0.o (__libc_init_array)
c:/st/stm32cubeide_1.12.1/stm32cubeide/plugins/com.st.stm32cube.ide.mcu.externaltools.gnu-tools-for-stm32.10.3-2021.10.win32_1.0.200.202301161003/tools/bin/../lib/gcc/arm-none-eabi/10.3.1/../../../../arm-none-eabi/lib/thumb/v7e-m+fp/hard\libc_nano.a(lib_a-lock.o)
                              c:/st/stm32cubeide_1.12.1/stm32cubeide/plugins/com.st.stm32cube.ide.mcu.externaltools.gnu-tools-for-stm32.10.3-2021.10.win32_1.0.200.202301161003/tools/bin/../lib/gcc/arm-none-eabi/10.3.1/../../../../arm-none-eabi/lib/thumb/v7e-m+fp/hard\libc_nano.a(lib_a-findfp.o) (__retarget_lock_init_recursive)
c:/st/stm32cubeide_1.12.1/stm32cubeide/plugins/com.st.stm32cube.ide.mcu.externaltools.gnu-tools-for-stm32.10.3-2021.10.win32_1.0.200.202301161003/tools/bin/../lib/gcc/arm-none-eabi/10.3.1/../../../../arm-none-eabi/lib/thumb/v7e-m+fp/hard\libc_nano.a(lib_a-memcpy-stub.o)
                              ./Middlewares/Third_Party/FreeRTOS/Source/CMSIS_RTOS_V2/cmsis_os2.o (memcpy)
c:/st/stm32cubeide_1.12.1/stm32cubeide/plugins/com.st.stm32cube.ide.mcu.externaltools.gnu-tools-for-stm32.10.3-2021.10.win32_1.0.200.202301161003/tools/bin/../lib/gcc/arm-none-eabi/10.3.1/../../../../arm-none-eabi/lib/thumb/v7e-m+fp/hard\libc_nano.a(lib_a-memset.o)
                              c:/st/stm32cubeide_1.12.1/stm32cubeide/plugins/com.st.stm32cube.ide.mcu.externaltools.gnu-tools-for-stm32.10.3-2021.10.win32_1.0.200.202301161003/tools/bin/../lib/gcc/arm-none-eabi/10.3.1/../../../../arm-none-eabi/lib/thumb/v7e-m+fp/hard/crt0.o (memset)
c:/st/stm32cubeide_1.12.1/stm32cubeide/plugins/com.st.stm32cube.ide.mcu.externaltools.gnu-tools-for-stm32.10.3-2021.10.win32_1.0.200.202301161003/tools/bin/../lib/gcc/arm-none-eabi/10.3.1/../../../../arm-none-eabi/lib/thumb/v7e-m+fp/hard\libc_nano.a(lib_a-nano-mallocr.o)
[...]
Memory Configuration

Name             Origin             Length             Attributes
RAM              0x0000000020000000 0x0000000000020000 xrw
FLASH            0x0000000008000000 0x0000000000080000 xr
*default*        0x0000000000000000 0xffffffffffffffff

Linker script and memory map

LOAD c:/st/stm32cubeide_1.12.1/stm32cubeide/plugins/com.st.stm32cube.ide.mcu.externaltools.gnu-tools-for-stm32.10.3-2021.10.win32_1.0.200.202301161003/tools/bin/../lib/gcc/arm-none-eabi/10.3.1/thumb/v7e-m+fp/hard/crti.o
LOAD c:/st/stm32cubeide_1.12.1/stm32cubeide/plugins/com.st.stm32cube.ide.mcu.externaltools.gnu-tools-for-stm32.10.3-2021.10.win32_1.0.200.202301161003/tools/bin/../lib/gcc/arm-none-eabi/10.3.1/thumb/v7e-m+fp/hard/crtbegin.o
LOAD c:/st/stm32cubeide_1.12.1/stm32cubeide/plugins/com.st.stm32cube.ide.mcu.externaltools.gnu-tools-for-stm32.10.3-2021.10.win32_1.0.200.202301161003/tools/bin/../lib/gcc/arm-none-eabi/10.3.1/../../../../arm-none-eabi/lib/thumb/v7e-m+fp/hard/crt0.o
LOAD ./Core/Src/app_freertos.o
LOAD ./Core/Src/buttons.o
LOAD ./Core/Src/communicationStateMachine.o
LOAD ./Core/Src/lcd_hd44780_i2c.o
LOAD ./Core/Src/lineSensors_v2.o
LOAD ./Core/Src/main.o
LOAD ./Core/Src/motorEncoder.o
LOAD ./Core/Src/pid.o
LOAD ./Core/Src/stm32g4xx_hal_msp.o
LOAD ./Core/Src/stm32g4xx_hal_timebase_tim.o
LOAD ./Core/Src/stm32g4xx_it.o
LOAD ./Core/Src/syscalls.o
LOAD ./Core/Src/sysmem.o
LOAD ./Core/Src/system_stm32g4xx.o
LOAD ./Core/Startup/startup_stm32g474retx.o
LOAD ./Drivers/STM32G4xx_HAL_Driver/Src/stm32g4xx_hal.o
LOAD ./Drivers/STM32G4xx_HAL_Driver/Src/stm32g4xx_hal_adc.o
LOAD ./Drivers/STM32G4xx_HAL_Driver/Src/stm32g4xx_hal_adc_ex.o
LOAD ./Drivers/STM32G4xx_HAL_Driver/Src/stm32g4xx_hal_cortex.o
LOAD ./Drivers/STM32G4xx_HAL_Driver/Src/stm32g4xx_hal_dma.o
LOAD ./Drivers/STM32G4xx_HAL_Driver/Src/stm32g4xx_hal_dma_ex.o
LOAD ./Drivers/STM32G4xx_HAL_Driver/Src/stm32g4xx_hal_exti.o
LOAD ./Drivers/STM32G4xx_HAL_Driver/Src/stm32g4xx_hal_flash.o
LOAD ./Drivers/STM32G4xx_HAL_Driver/Src/stm32g4xx_hal_flash_ex.o
LOAD ./Drivers/STM32G4xx_HAL_Driver/Src/stm32g4xx_hal_flash_ramfunc.o
LOAD ./Drivers/STM32G4xx_HAL_Driver/Src/stm32g4xx_hal_gpio.o
LOAD ./Drivers/STM32G4xx_HAL_Driver/Src/stm32g4xx_hal_i2c.o
LOAD ./Drivers/STM32G4xx_HAL_Driver/Src/stm32g4xx_hal_i2c_ex.o
LOAD ./Drivers/STM32G4xx_HAL_Driver/Src/stm32g4xx_hal_pwr.o
LOAD ./Drivers/STM32G4xx_HAL_Driver/Src/stm32g4xx_hal_pwr_ex.o
LOAD ./Drivers/STM32G4xx_HAL_Driver/Src/stm32g4xx_hal_rcc.o
LOAD ./Drivers/STM32G4xx_HAL_Driver/Src/stm32g4xx_hal_rcc_ex.o
LOAD ./Drivers/STM32G4xx_HAL_Driver/Src/stm32g4xx_hal_tim.o
LOAD ./Drivers/STM32G4xx_HAL_Driver/Src/stm32g4xx_hal_tim_ex.o
LOAD ./Drivers/STM32G4xx_HAL_Driver/Src/stm32g4xx_hal_uart.o
LOAD ./Drivers/STM32G4xx_HAL_Driver/Src/stm32g4xx_hal_uart_ex.o
LOAD ./Drivers/STM32G4xx_HAL_Driver/Src/stm32g4xx_ll_adc.o
LOAD ./Middlewares/Third_Party/FreeRTOS/Source/CMSIS_RTOS_V2/cmsis_os2.o
LOAD ./Middlewares/Third_Party/FreeRTOS/Source/croutine.o
LOAD ./Middlewares/Third_Party/FreeRTOS/Source/event_groups.o
LOAD ./Middlewares/Third_Party/FreeRTOS/Source/list.o
LOAD ./Middlewares/Third_Party/FreeRTOS/Source/queue.o
LOAD ./Middlewares/Third_Party/FreeRTOS/Source/stream_buffer.o
LOAD ./Middlewares/Third_Party/FreeRTOS/Source/tasks.o
LOAD ./Middlewares/Third_Party/FreeRTOS/Source/timers.o
LOAD ./Middlewares/Third_Party/FreeRTOS/Source/portable/GCC/ARM_CM4F/port.o
LOAD ./Middlewares/Third_Party/FreeRTOS/Source/portable/MemMang/heap_4.o
START GROUP
LOAD c:/st/stm32cubeide_1.12.1/stm32cubeide/plugins/com.st.stm32cube.ide.mcu.externaltools.gnu-tools-for-stm32.10.3-2021.10.win32_1.0.200.202301161003/tools/bin/../lib/gcc/arm-none-eabi/10.3.1/../../../../arm-none-eabi/lib/thumb/v7e-m+fp/hard\libc_nano.a
LOAD c:/st/stm32cubeide_1.12.1/stm32cubeide/plugins/com.st.stm32cube.ide.mcu.externaltools.gnu-tools-for-stm32.10.3-2021.10.win32_1.0.200.202301161003/tools/bin/../lib/gcc/arm-none-eabi/10.3.1/../../../../arm-none-eabi/lib/thumb/v7e-m+fp/hard\libm.a
END GROUP
START GROUP
LOAD c:/st/stm32cubeide_1.12.1/stm32cubeide/plugins/com.st.stm32cube.ide.mcu.externaltools.gnu-tools-for-stm32.10.3-2021.10.win32_1.0.200.202301161003/tools/bin/../lib/gcc/arm-none-eabi/10.3.1/thumb/v7e-m+fp/hard\libgcc.a
LOAD c:/st/stm32cubeide_1.12.1/stm32cubeide/plugins/com.st.stm32cube.ide.mcu.externaltools.gnu-tools-for-stm32.10.3-2021.10.win32_1.0.200.202301161003/tools/bin/../lib/gcc/arm-none-eabi/10.3.1/../../../../arm-none-eabi/lib/thumb/v7e-m+fp/hard\libc_nano.a
END GROUP
START GROUP
LOAD c:/st/stm32cubeide_1.12.1/stm32cubeide/plugins/com.st.stm32cube.ide.mcu.externaltools.gnu-tools-for-stm32.10.3-2021.10.win32_1.0.200.202301161003/tools/bin/../lib/gcc/arm-none-eabi/10.3.1/thumb/v7e-m+fp/hard\libgcc.a
LOAD c:/st/stm32cubeide_1.12.1/stm32cubeide/plugins/com.st.stm32cube.ide.mcu.externaltools.gnu-tools-for-stm32.10.3-2021.10.win32_1.0.200.202301161003/tools/bin/../lib/gcc/arm-none-eabi/10.3.1/../../../../arm-none-eabi/lib/thumb/v7e-m+fp/hard\libc_nano.a
LOAD c:/st/stm32cubeide_1.12.1/stm32cubeide/plugins/com.st.stm32cube.ide.mcu.externaltools.gnu-tools-for-stm32.10.3-2021.10.win32_1.0.200.202301161003/tools/bin/../lib/gcc/arm-none-eabi/10.3.1/../../../../arm-none-eabi/lib/thumb/v7e-m+fp/hard\libnosys.a
END GROUP
START GROUP
LOAD c:/st/stm32cubeide_1.12.1/stm32cubeide/plugins/com.st.stm32cube.ide.mcu.externaltools.gnu-tools-for-stm32.10.3-2021.10.win32_1.0.200.202301161003/tools/bin/../lib/gcc/arm-none-eabi/10.3.1/thumb/v7e-m+fp/hard\libgcc.a
LOAD c:/st/stm32cubeide_1.12.1/stm32cubeide/plugins/com.st.stm32cube.ide.mcu.externaltools.gnu-tools-for-stm32.10.3-2021.10.win32_1.0.200.202301161003/tools/bin/../lib/gcc/arm-none-eabi/10.3.1/../../../../arm-none-eabi/lib/thumb/v7e-m+fp/hard\libc_nano.a
LOAD c:/st/stm32cubeide_1.12.1/stm32cubeide/plugins/com.st.stm32cube.ide.mcu.externaltools.gnu-tools-for-stm32.10.3-2021.10.win32_1.0.200.202301161003/tools/bin/../lib/gcc/arm-none-eabi/10.3.1/../../../../arm-none-eabi/lib/thumb/v7e-m+fp/hard\libnosys.a
END GROUP
LOAD c:/st/stm32cubeide_1.12.1/stm32cubeide/plugins/com.st.stm32cube.ide.mcu.externaltools.gnu-tools-for-stm32.10.3-2021.10.win32_1.0.200.202301161003/tools/bin/../lib/gcc/arm-none-eabi/10.3.1/thumb/v7e-m+fp/hard/crtend.o
LOAD c:/st/stm32cubeide_1.12.1/stm32cubeide/plugins/com.st.stm32cube.ide.mcu.externaltools.gnu-tools-for-stm32.10.3-2021.10.win32_1.0.200.202301161003/tools/bin/../lib/gcc/arm-none-eabi/10.3.1/thumb/v7e-m+fp/hard/crtn.o
                0x0000000020020000                _estack = (ORIGIN (RAM) + LENGTH (RAM))
                0x0000000000000200                _Min_Heap_Size = 0x200
                0x0000000000000400                _Min_Stack_Size = 0x400

.isr_vector     0x0000000008000000      0x1d8
                0x0000000008000000                . = ALIGN (0x4)
 *(.isr_vector)
 .isr_vector    0x0000000008000000      0x1d8 ./Core/Startup/startup_stm32g474retx.o
                0x0000000008000000                g_pfnVectors
                0x00000000080001d8                . = ALIGN (0x4)

.text           0x00000000080001e0     0xf7b8
                0x00000000080001e0                . = ALIGN (0x4)
 *(.text)
 .text          0x00000000080001e0       0x40 c:/st/stm32cubeide_1.12.1/stm32cubeide/plugins/com.st.stm32cube.ide.mcu.externaltools.gnu-tools-for-stm32.10.3-2021.10.win32_1.0.200.202301161003/tools/bin/../lib/gcc/arm-none-eabi/10.3.1/thumb/v7e-m+fp/hard/crtbegin.o
 .text          0x0000000008000220       0xa0 c:/st/stm32cubeide_1.12.1/stm32cubeide/plugins/com.st.stm32cube.ide.mcu.externaltools.gnu-tools-for-stm32.10.3-2021.10.win32_1.0.200.202301161003/tools/bin/../lib/gcc/arm-none-eabi/10.3.1/../../../../arm-none-eabi/lib/thumb/v7e-m+fp/hard\libc_nano.a(lib_a-memchr.o)
                0x0000000008000220                memchr
 .text          0x00000000080002c0      0x21c c:/st/stm32cubeide_1.12.1/stm32cubeide/plugins/com.st.stm32cube.ide.mcu.externaltools.gnu-tools-for-stm32.10.3-2021.10.win32_1.0.200.202301161003/tools/bin/../lib/gcc/arm-none-eabi/10.3.1/thumb/v7e-m+fp/hard\libgcc.a(_arm_addsubsf3.o)
                0x00000000080002c0                __aeabi_frsub
                0x00000000080002c8                __subsf3
                0x00000000080002c8                __aeabi_fsub
                0x00000000080002cc                __aeabi_fadd
                0x00000000080002cc                __addsf3
                0x000000000800042c                __aeabi_ui2f
                0x000000000800042c                __floatunsisf
                0x0000000008000434                __aeabi_i2f
                0x0000000008000434                __floatsisf
                0x0000000008000450                __aeabi_ul2f
                0x0000000008000450                __floatundisf
                0x0000000008000460                __aeabi_l2f
                0x0000000008000460                __floatdisf
 .text          0x00000000080004dc       0x30 c:/st/stm32cubeide_1.12.1/stm32cubeide/plugins/com.st.stm32cube.ide.mcu.externaltools.gnu-tools-for-stm32.10.3-2021.10.win32_1.0.200.202301161003/tools/bin/../lib/gcc/arm-none-eabi/10.3.1/thumb/v7e-m+fp/hard\libgcc.a(_aeabi_uldivmod.o)
                0x00000000080004dc                __aeabi_uldivmod
 .text          0x000000000800050c      0x2d0 c:/st/stm32cubeide_1.12.1/stm32cubeide/plugins/com.st.stm32cube.ide.mcu.externaltools.gnu-tools-for-stm32.10.3-2021.10.win32_1.0.200.202301161003/tools/bin/../lib/gcc/arm-none-eabi/10.3.1/thumb/v7e-m+fp/hard\libgcc.a(_udivmoddi4.o)
                0x000000000800050c                __udivmoddi4
 .text          0x00000000080007dc        0x4 c:/st/stm32cubeide_1.12.1/stm32cubeide/plugins/com.st.stm32cube.ide.mcu.externaltools.gnu-tools-for-stm32.10.3-2021.10.win32_1.0.200.202301161003/tools/bin/../lib/gcc/arm-none-eabi/10.3.1/thumb/v7e-m+fp/hard\libgcc.a(_dvmd_tls.o)
                0x00000000080007dc                __aeabi_idiv0
                0x00000000080007dc                __aeabi_ldiv0
 *(.text*)
 .text.HAL_GPIO_EXTI_Callback
                0x00000000080007e0       0x30 ./Core/Src/app_freertos.o
                0x00000000080007e0                HAL_GPIO_EXTI_Callback
 .text.task_Controle
                0x0000000008000810      0x118 ./Core/Src/app_freertos.o
                0x0000000008000810                task_Controle
 .text.task_Sensores
                0x0000000008000928       0x88 ./Core/Src/app_freertos.o
                0x0000000008000928                task_Sensores
 .text.task_Bluetooth
                0x00000000080009b0       0x10 ./Core/Src/app_freertos.o
                0x00000000080009b0                task_Bluetooth
 .text.task_Odometria
                0x00000000080009c0       0x10 ./Core/Src/app_freertos.o
                0x00000000080009c0                task_Odometria
 .text.task_LvBateria
                0x00000000080009d0       0x10 ./Core/Src/app_freertos.o
                0x00000000080009d0                task_LvBateria
 .text.task_display
                0x00000000080009e0       0xb0 ./Core/Src/app_freertos.o
                0x00000000080009e0                task_display
 .text.lcdInit  0x0000000008000a90      0x164 ./Core/Src/lcd_hd44780_i2c.o
                0x0000000008000a90                lcdInit
 .text.lcdCommand
                0x0000000008000bf4      0x1dc ./Core/Src/lcd_hd44780_i2c.o
                0x0000000008000bf4                lcdCommand
 .text.lcdSetCursorPosition
                0x0000000008000dd0       0x58 ./Core/Src/lcd_hd44780_i2c.o
                0x0000000008000dd0                lcdSetCursorPosition
 .text.lcdPrintStr
                0x0000000008000e28       0x42 ./Core/Src/lcd_hd44780_i2c.o
                0x0000000008000e28                lcdPrintStr
 *fill*         0x0000000008000e6a        0x2 
 .text.lcdWriteByte
                0x0000000008000e6c       0xe4 ./Core/Src/lcd_hd44780_i2c.o
 .text.main     0x0000000008000f50      0x1ac ./Core/Src/main.o
                0x0000000008000f50                main
 .text.SystemClock_Config
                0x00000000080010fc       0x96 ./Core/Src/main.o
                0x00000000080010fc                SystemClock_Config
 *fill*         0x0000000008001192        0x2 
 .text.MX_ADC1_Init
                0x0000000008001194      0x128 ./Core/Src/main.o
 .text.MX_ADC2_Init
                0x00000000080012bc       0xe4 ./Core/Src/main.o
 .text.MX_ADC3_Init
                0x00000000080013a0      0x108 ./Core/Src/main.o
 .text.MX_ADC4_Init
                0x00000000080014a8       0xe4 ./Core/Src/main.o
 .text.MX_ADC5_Init
                0x000000000800158c       0xe4 ./Core/Src/main.o
 .text.MX_I2C2_Init
                0x0000000008001670       0x80 ./Core/Src/main.o
 .text.MX_LPUART1_UART_Init
                0x00000000080016f0       0x94 ./Core/Src/main.o
 .text.MX_USART3_UART_Init
                0x0000000008001784       0x98 ./Core/Src/main.o
 .text.MX_TIM1_Init
                0x000000000800181c      0x178 ./Core/Src/main.o
 .text.MX_TIM2_Init
                0x0000000008001994       0x9c ./Core/Src/main.o
 .text.MX_TIM3_Init
                0x0000000008001a30       0xe0 ./Core/Src/main.o
 .text.MX_TIM8_Init
                0x0000000008001b10      0x160 ./Core/Src/main.o
 .text.MX_TIM16_Init
                0x0000000008001c70       0x94 ./Core/Src/main.o
 .text.MX_TIM17_Init
                0x0000000008001d04       0x94 ./Core/Src/main.o
 .text.MX_TIM20_Init
                0x0000000008001d98      0x160 ./Core/Src/main.o
 .text.MX_DMA_Init
                0x0000000008001ef8       0xcc ./Core/Src/main.o
 .text.MX_GPIO_Init
                0x0000000008001fc4      0x1a0 ./Core/Src/main.o
 .text.HAL_TIM_IC_CaptureCallback
                0x0000000008002164       0x3c ./Core/Src/main.o
                0x0000000008002164                HAL_TIM_IC_CaptureCallback
 .text.task_Main
                0x00000000080021a0       0x10 ./Core/Src/main.o
                0x00000000080021a0                task_Main
 .text.HAL_TIM_PeriodElapsedCallback
                0x00000000080021b0       0x4c ./Core/Src/main.o
                0x00000000080021b0                HAL_TIM_PeriodElapsedCallback
 .text.Error_Handler
                0x00000000080021fc        0xa ./Core/Src/main.o
                0x00000000080021fc                Error_Handler
 *fill*         0x0000000008002206        0x2 
 .text.vMotorEncoderHandleTimerReset
                0x0000000008002208       0x98 ./Core/Src/motorEncoder.o
                0x0000000008002208                vMotorEncoderHandleTimerReset
 .text.vMotorEncoderHandleTimerCapture
                0x00000000080022a0      0x1e8 ./Core/Src/motorEncoder.o
                0x00000000080022a0                vMotorEncoderHandleTimerCapture
 .text.HAL_MspInit
                0x0000000008002488       0x54 ./Core/Src/stm32g4xx_hal_msp.o
                0x0000000008002488                HAL_MspInit
 .text.HAL_ADC_MspInit
                0x00000000080024dc      0x4f8 ./Core/Src/stm32g4xx_hal_msp.o
                0x00000000080024dc                HAL_ADC_MspInit
 .text.HAL_I2C_MspInit
                0x00000000080029d4      0x1c4 ./Core/Src/stm32g4xx_hal_msp.o
                0x00000000080029d4                HAL_I2C_MspInit
 .text.HAL_UART_MspInit
                0x0000000008002b98      0x140 ./Core/Src/stm32g4xx_hal_msp.o
                0x0000000008002b98                HAL_UART_MspInit
 .text.HAL_TIM_Base_MspInit
                0x0000000008002cd8      0x234 ./Core/Src/stm32g4xx_hal_msp.o
                0x0000000008002cd8                HAL_TIM_Base_MspInit
 .text.HAL_TIM_MspPostInit
                0x0000000008002f0c      0x108 ./Core/Src/stm32g4xx_hal_msp.o
                0x0000000008002f0c                HAL_TIM_MspPostInit
 .text.HAL_InitTick
                0x0000000008003014       0xd8 ./Core/Src/stm32g4xx_hal_timebase_tim.o
                0x0000000008003014                HAL_InitTick
 .text.NMI_Handler
                0x00000000080030ec        0x6 ./Core/Src/stm32g4xx_it.o
                0x00000000080030ec                NMI_Handler
 .text.HardFault_Handler
                0x00000000080030f2        0x6 ./Core/Src/stm32g4xx_it.o
                0x00000000080030f2                HardFault_Handler
 .text.MemManage_Handler
                0x00000000080030f8        0x6 ./Core/Src/stm32g4xx_it.o
                0x00000000080030f8                MemManage_Handler
 .text.BusFault_Handler
                0x00000000080030fe        0x6 ./Core/Src/stm32g4xx_it.o
                0x00000000080030fe                BusFault_Handler
 .text.UsageFault_Handler
                0x0000000008003104        0x6 ./Core/Src/stm32g4xx_it.o
                0x0000000008003104                UsageFault_Handler
 .text.DebugMon_Handler
                0x000000000800310a        0xe ./Core/Src/stm32g4xx_it.o
                0x000000000800310a                DebugMon_Handler
 .text.EXTI2_IRQHandler
                0x0000000008003118        0xe ./Core/Src/stm32g4xx_it.o
                0x0000000008003118                EXTI2_IRQHandler
 *fill*         0x0000000008003126        0x2 
 .text.DMA1_Channel1_IRQHandler
                0x0000000008003128       0x14 ./Core/Src/stm32g4xx_it.o
                0x0000000008003128                DMA1_Channel1_IRQHandler
 .text.DMA1_Channel2_IRQHandler
                0x000000000800313c       0x14 ./Core/Src/stm32g4xx_it.o
                0x000000000800313c                DMA1_Channel2_IRQHandler
 .text.DMA1_Channel3_IRQHandler
                0x0000000008003150       0x14 ./Core/Src/stm32g4xx_it.o
                0x0000000008003150                DMA1_Channel3_IRQHandler
 .text.DMA1_Channel4_IRQHandler
                0x0000000008003164       0x14 ./Core/Src/stm32g4xx_it.o
                0x0000000008003164                DMA1_Channel4_IRQHandler
 .text.DMA1_Channel5_IRQHandler
                0x0000000008003178       0x14 ./Core/Src/stm32g4xx_it.o
                0x0000000008003178                DMA1_Channel5_IRQHandler
 .text.TIM1_UP_TIM16_IRQHandler
                0x000000000800318c       0x1c ./Core/Src/stm32g4xx_it.o
                0x000000000800318c                TIM1_UP_TIM16_IRQHandler
 .text.TIM1_TRG_COM_TIM17_IRQHandler
                0x00000000080031a8       0x1c ./Core/Src/stm32g4xx_it.o
                0x00000000080031a8                TIM1_TRG_COM_TIM17_IRQHandler
 .text.TIM3_IRQHandler
                0x00000000080031c4       0x14 ./Core/Src/stm32g4xx_it.o
                0x00000000080031c4                TIM3_IRQHandler
 .text.I2C2_EV_IRQHandler
                0x00000000080031d8       0x14 ./Core/Src/stm32g4xx_it.o
                0x00000000080031d8                I2C2_EV_IRQHandler
 .text.I2C2_ER_IRQHandler
                0x00000000080031ec       0x14 ./Core/Src/stm32g4xx_it.o
                0x00000000080031ec                I2C2_ER_IRQHandler
 .text.USART3_IRQHandler
                0x0000000008003200       0x14 ./Core/Src/stm32g4xx_it.o
                0x0000000008003200                USART3_IRQHandler
 .text.EXTI15_10_IRQHandler
                0x0000000008003214       0x10 ./Core/Src/stm32g4xx_it.o
                0x0000000008003214                EXTI15_10_IRQHandler
 .text.TIM6_DAC_IRQHandler
                0x0000000008003224       0x14 ./Core/Src/stm32g4xx_it.o
                0x0000000008003224                TIM6_DAC_IRQHandler
 .text.DMA2_Channel1_IRQHandler
                0x0000000008003238       0x14 ./Core/Src/stm32g4xx_it.o
                0x0000000008003238                DMA2_Channel1_IRQHandler
 .text.DMA2_Channel2_IRQHandler
                0x000000000800324c       0x14 ./Core/Src/stm32g4xx_it.o
                0x000000000800324c                DMA2_Channel2_IRQHandler
 .text._sbrk    0x0000000008003260       0x6c ./Core/Src/sysmem.o
                0x0000000008003260                _sbrk
 .text.SystemInit
                0x00000000080032cc       0x24 ./Core/Src/system_stm32g4xx.o
                0x00000000080032cc                SystemInit
 .text.Reset_Handler
                0x00000000080032f0       0x50 ./Core/Startup/startup_stm32g474retx.o
                0x00000000080032f0                Reset_Handler
 .text.Default_Handler
                0x0000000008003340        0x2 ./Core/Startup/startup_stm32g474retx.o
                0x0000000008003340                RTC_Alarm_IRQHandler
                0x0000000008003340                TIM8_TRG_COM_IRQHandler
                0x0000000008003340                TIM8_CC_IRQHandler
                0x0000000008003340                HRTIM1_Master_IRQHandler
                0x0000000008003340                SPI4_IRQHandler
                0x0000000008003340                FDCAN3_IT0_IRQHandler
                0x0000000008003340                TIM1_CC_IRQHandler
                0x0000000008003340                HRTIM1_FLT_IRQHandler
                0x0000000008003340                HRTIM1_TIMF_IRQHandler
                0x0000000008003340                USB_HP_IRQHandler
                0x0000000008003340                CORDIC_IRQHandler
                0x0000000008003340                HRTIM1_TIMD_IRQHandler
                0x0000000008003340                DMA2_Channel8_IRQHandler
                0x0000000008003340                EXTI3_IRQHandler
                0x0000000008003340                I2C3_ER_IRQHandler
                0x0000000008003340                EXTI0_IRQHandler
                0x0000000008003340                FPU_IRQHandler
                0x0000000008003340                FDCAN1_IT1_IRQHandler
                0x0000000008003340                ADC1_2_IRQHandler
                0x0000000008003340                HRTIM1_TIME_IRQHandler
                0x0000000008003340                SPI1_IRQHandler
                0x0000000008003340                HRTIM1_TIMC_IRQHandler
                0x0000000008003340                TIM8_UP_IRQHandler
                0x0000000008003340                TIM20_TRG_COM_IRQHandler
                0x0000000008003340                DMA1_Channel7_IRQHandler
                0x0000000008003340                UART5_IRQHandler
                0x0000000008003340                ADC3_IRQHandler
                0x0000000008003340                TIM4_IRQHandler
                0x0000000008003340                QUADSPI_IRQHandler
                0x0000000008003340                I2C1_EV_IRQHandler
                0x0000000008003340                DMA1_Channel6_IRQHandler
                0x0000000008003340                UART4_IRQHandler
                0x0000000008003340                DMA2_Channel4_IRQHandler
                0x0000000008003340                RCC_IRQHandler
                0x0000000008003340                TIM20_UP_IRQHandler
                0x0000000008003340                Default_Handler
                0x0000000008003340                DMA2_Channel7_IRQHandler
                0x0000000008003340                RTC_TAMP_LSECSS_IRQHandler
                0x0000000008003340                FMAC_IRQHandler
                0x0000000008003340                DMA1_Channel8_IRQHandler
                0x0000000008003340                HRTIM1_TIMA_IRQHandler
                0x0000000008003340                TIM7_DAC_IRQHandler
                0x0000000008003340                FDCAN3_IT1_IRQHandler
                0x0000000008003340                TIM5_IRQHandler
                0x0000000008003340                UCPD1_IRQHandler
                0x0000000008003340                I2C3_EV_IRQHandler
                0x0000000008003340                EXTI9_5_IRQHandler
                0x0000000008003340                RTC_WKUP_IRQHandler
                0x0000000008003340                PVD_PVM_IRQHandler
                0x0000000008003340                SPI2_IRQHandler
                0x0000000008003340                ADC5_IRQHandler
                0x0000000008003340                DMA2_Channel5_IRQHandler
                0x0000000008003340                CRS_IRQHandler
                0x0000000008003340                USB_LP_IRQHandler
                0x0000000008003340                EXTI4_IRQHandler
                0x0000000008003340                RNG_IRQHandler
                0x0000000008003340                HRTIM1_TIMB_IRQHandler
                0x0000000008003340                FDCAN2_IT1_IRQHandler
                0x0000000008003340                ADC4_IRQHandler
                0x0000000008003340                WWDG_IRQHandler
                0x0000000008003340                I2C4_EV_IRQHandler
                0x0000000008003340                FDCAN2_IT0_IRQHandler
                0x0000000008003340                LPUART1_IRQHandler
                0x0000000008003340                DMA2_Channel6_IRQHandler
                0x0000000008003340                FDCAN1_IT0_IRQHandler
                0x0000000008003340                TIM2_IRQHandler
                0x0000000008003340                COMP7_IRQHandler
                0x0000000008003340                COMP1_2_3_IRQHandler
                0x0000000008003340                EXTI1_IRQHandler
                0x0000000008003340                USART2_IRQHandler
                0x0000000008003340                COMP4_5_6_IRQHandler
                0x0000000008003340                TIM20_BRK_IRQHandler
                0x0000000008003340                TIM8_BRK_IRQHandler
                0x0000000008003340                FLASH_IRQHandler
                0x0000000008003340                TIM20_CC_IRQHandler
                0x0000000008003340                USART1_IRQHandler
                0x0000000008003340                SPI3_IRQHandler
                0x0000000008003340                I2C1_ER_IRQHandler
                0x0000000008003340                FMC_IRQHandler
                0x0000000008003340                LPTIM1_IRQHandler
                0x0000000008003340                DMAMUX_OVR_IRQHandler
                0x0000000008003340                I2C4_ER_IRQHandler
                0x0000000008003340                USBWakeUp_IRQHandler
                0x0000000008003340                SAI1_IRQHandler
                0x0000000008003340                DMA2_Channel3_IRQHandler
                0x0000000008003340                TIM1_BRK_TIM15_IRQHandler
 .text.HAL_Init
                0x0000000008003342       0x30 ./Drivers/STM32G4xx_HAL_Driver/Src/stm32g4xx_hal.o
                0x0000000008003342                HAL_Init
 *fill*         0x0000000008003372        0x2 
 .text.HAL_IncTick
                0x0000000008003374       0x24 ./Drivers/STM32G4xx_HAL_Driver/Src/stm32g4xx_hal.o
                0x0000000008003374                HAL_IncTick
 .text.HAL_GetTick
                0x0000000008003398       0x18 ./Drivers/STM32G4xx_HAL_Driver/Src/stm32g4xx_hal.o
                0x0000000008003398                HAL_GetTick
 .text.LL_ADC_SetCommonClock
                0x00000000080033b0       0x26 ./Drivers/STM32G4xx_HAL_Driver/Src/stm32g4xx_hal_adc.o
 .text.LL_ADC_SetCommonPathInternalCh
                0x00000000080033d6       0x26 ./Drivers/STM32G4xx_HAL_Driver/Src/stm32g4xx_hal_adc.o
 .text.LL_ADC_GetCommonPathInternalCh
                0x00000000080033fc       0x1c ./Drivers/STM32G4xx_HAL_Driver/Src/stm32g4xx_hal_adc.o
 .text.LL_ADC_SetOffset
                0x0000000008003418       0x48 ./Drivers/STM32G4xx_HAL_Driver/Src/stm32g4xx_hal_adc.o
 .text.LL_ADC_GetOffsetChannel
                0x0000000008003460       0x2c ./Drivers/STM32G4xx_HAL_Driver/Src/stm32g4xx_hal_adc.o
 .text.LL_ADC_SetOffsetState
                0x000000000800348c       0x36 ./Drivers/STM32G4xx_HAL_Driver/Src/stm32g4xx_hal_adc.o
 .text.LL_ADC_SetOffsetSign
                0x00000000080034c2       0x36 ./Drivers/STM32G4xx_HAL_Driver/Src/stm32g4xx_hal_adc.o
 .text.LL_ADC_SetOffsetSaturation
                0x00000000080034f8       0x36 ./Drivers/STM32G4xx_HAL_Driver/Src/stm32g4xx_hal_adc.o
 .text.LL_ADC_SetSamplingTimeCommonConfig
                0x000000000800352e       0x26 ./Drivers/STM32G4xx_HAL_Driver/Src/stm32g4xx_hal_adc.o
 .text.LL_ADC_REG_SetSequencerRanks
                0x0000000008003554       0x58 ./Drivers/STM32G4xx_HAL_Driver/Src/stm32g4xx_hal_adc.o
 .text.LL_ADC_SetChannelSamplingTime
                0x00000000080035ac       0x56 ./Drivers/STM32G4xx_HAL_Driver/Src/stm32g4xx_hal_adc.o
 *fill*         0x0000000008003602        0x2 
 .text.LL_ADC_SetChannelSingleDiff
                0x0000000008003604       0x48 ./Drivers/STM32G4xx_HAL_Driver/Src/stm32g4xx_hal_adc.o
 .text.LL_ADC_DisableDeepPowerDown
                0x000000000800364c       0x24 ./Drivers/STM32G4xx_HAL_Driver/Src/stm32g4xx_hal_adc.o
 .text.LL_ADC_IsDeepPowerDownEnabled
                0x0000000008003670       0x28 ./Drivers/STM32G4xx_HAL_Driver/Src/stm32g4xx_hal_adc.o
 .text.LL_ADC_EnableInternalRegulator
                0x0000000008003698       0x28 ./Drivers/STM32G4xx_HAL_Driver/Src/stm32g4xx_hal_adc.o
 .text.LL_ADC_IsInternalRegulatorEnabled
                0x00000000080036c0       0x28 ./Drivers/STM32G4xx_HAL_Driver/Src/stm32g4xx_hal_adc.o
 .text.LL_ADC_IsEnabled
                0x00000000080036e8       0x26 ./Drivers/STM32G4xx_HAL_Driver/Src/stm32g4xx_hal_adc.o
 .text.LL_ADC_REG_IsConversionOngoing
                0x000000000800370e       0x26 ./Drivers/STM32G4xx_HAL_Driver/Src/stm32g4xx_hal_adc.o
 .text.LL_ADC_INJ_IsConversionOngoing
                0x0000000008003734       0x26 ./Drivers/STM32G4xx_HAL_Driver/Src/stm32g4xx_hal_adc.o
 *fill*         0x000000000800375a        0x2 
 .text.HAL_ADC_Init
                0x000000000800375c      0x378 ./Drivers/STM32G4xx_HAL_Driver/Src/stm32g4xx_hal_adc.o
                0x000000000800375c                HAL_ADC_Init
 .text.HAL_ADC_ConfigChannel
                0x0000000008003ad4      0x880 ./Drivers/STM32G4xx_HAL_Driver/Src/stm32g4xx_hal_adc.o
                0x0000000008003ad4                HAL_ADC_ConfigChannel
 .text.LL_ADC_IsEnabled
                0x0000000008004354       0x26 ./Drivers/STM32G4xx_HAL_Driver/Src/stm32g4xx_hal_adc_ex.o
 .text.LL_ADC_REG_IsConversionOngoing
                0x000000000800437a       0x26 ./Drivers/STM32G4xx_HAL_Driver/Src/stm32g4xx_hal_adc_ex.o
 .text.HAL_ADCEx_MultiModeConfigChannel
                0x00000000080043a0      0x210 ./Drivers/STM32G4xx_HAL_Driver/Src/stm32g4xx_hal_adc_ex.o
                0x00000000080043a0                HAL_ADCEx_MultiModeConfigChannel
 .text.__NVIC_SetPriorityGrouping
                0x00000000080045b0       0x48 ./Drivers/STM32G4xx_HAL_Driver/Src/stm32g4xx_hal_cortex.o
 .text.__NVIC_GetPriorityGrouping
                0x00000000080045f8       0x1c ./Drivers/STM32G4xx_HAL_Driver/Src/stm32g4xx_hal_cortex.o
 .text.__NVIC_EnableIRQ
                0x0000000008004614       0x3c ./Drivers/STM32G4xx_HAL_Driver/Src/stm32g4xx_hal_cortex.o
 .text.__NVIC_SetPriority
                0x0000000008004650       0x54 ./Drivers/STM32G4xx_HAL_Driver/Src/stm32g4xx_hal_cortex.o
 .text.NVIC_EncodePriority
                0x00000000080046a4       0x66 ./Drivers/STM32G4xx_HAL_Driver/Src/stm32g4xx_hal_cortex.o
 .text.HAL_NVIC_SetPriorityGrouping
                0x000000000800470a       0x16 ./Drivers/STM32G4xx_HAL_Driver/Src/stm32g4xx_hal_cortex.o
                0x000000000800470a                HAL_NVIC_SetPriorityGrouping
 .text.HAL_NVIC_SetPriority
                0x0000000008004720       0x34 ./Drivers/STM32G4xx_HAL_Driver/Src/stm32g4xx_hal_cortex.o
                0x0000000008004720                HAL_NVIC_SetPriority
 .text.HAL_NVIC_EnableIRQ
                0x0000000008004754       0x1c ./Drivers/STM32G4xx_HAL_Driver/Src/stm32g4xx_hal_cortex.o
                0x0000000008004754                HAL_NVIC_EnableIRQ
 .text.HAL_DMA_Init
                0x0000000008004770      0x150 ./Drivers/STM32G4xx_HAL_Driver/Src/stm32g4xx_hal_dma.o
                0x0000000008004770                HAL_DMA_Init
 .text.HAL_DMA_Start_IT
                0x00000000080048c0       0xf6 ./Drivers/STM32G4xx_HAL_Driver/Src/stm32g4xx_hal_dma.o
                0x00000000080048c0                HAL_DMA_Start_IT
 .text.HAL_DMA_Abort
                0x00000000080049b6       0xb2 ./Drivers/STM32G4xx_HAL_Driver/Src/stm32g4xx_hal_dma.o
                0x00000000080049b6                HAL_DMA_Abort
 .text.HAL_DMA_Abort_IT
                0x0000000008004a68       0xce ./Drivers/STM32G4xx_HAL_Driver/Src/stm32g4xx_hal_dma.o
                0x0000000008004a68                HAL_DMA_Abort_IT
 .text.HAL_DMA_IRQHandler
                0x0000000008004b36      0x15e ./Drivers/STM32G4xx_HAL_Driver/Src/stm32g4xx_hal_dma.o
                0x0000000008004b36                HAL_DMA_IRQHandler
 .text.HAL_DMA_GetState
                0x0000000008004c94       0x1c ./Drivers/STM32G4xx_HAL_Driver/Src/stm32g4xx_hal_dma.o
                0x0000000008004c94                HAL_DMA_GetState
 .text.DMA_SetConfig
                0x0000000008004cb0       0x7c ./Drivers/STM32G4xx_HAL_Driver/Src/stm32g4xx_hal_dma.o
 .text.DMA_CalcDMAMUXChannelBaseAndMask
                0x0000000008004d2c       0x7c ./Drivers/STM32G4xx_HAL_Driver/Src/stm32g4xx_hal_dma.o
 .text.DMA_CalcDMAMUXRequestGenBaseAndMask
                0x0000000008004da8       0x48 ./Drivers/STM32G4xx_HAL_Driver/Src/stm32g4xx_hal_dma.o
 .text.HAL_GPIO_Init
                0x0000000008004df0      0x304 ./Drivers/STM32G4xx_HAL_Driver/Src/stm32g4xx_hal_gpio.o
                0x0000000008004df0                HAL_GPIO_Init
 .text.HAL_GPIO_ReadPin
                0x00000000080050f4       0x30 ./Drivers/STM32G4xx_HAL_Driver/Src/stm32g4xx_hal_gpio.o
                0x00000000080050f4                HAL_GPIO_ReadPin
 .text.HAL_GPIO_WritePin
                0x0000000008005124       0x30 ./Drivers/STM32G4xx_HAL_Driver/Src/stm32g4xx_hal_gpio.o
                0x0000000008005124                HAL_GPIO_WritePin
 .text.HAL_GPIO_EXTI_IRQHandler
                0x0000000008005154       0x30 ./Drivers/STM32G4xx_HAL_Driver/Src/stm32g4xx_hal_gpio.o
                0x0000000008005154                HAL_GPIO_EXTI_IRQHandler
 .text.HAL_I2C_Init
                0x0000000008005184      0x136 ./Drivers/STM32G4xx_HAL_Driver/Src/stm32g4xx_hal_i2c.o
                0x0000000008005184                HAL_I2C_Init
 *fill*         0x00000000080052ba        0x2 
 .text.HAL_I2C_Master_Transmit_DMA
                0x00000000080052bc      0x228 ./Drivers/STM32G4xx_HAL_Driver/Src/stm32g4xx_hal_i2c.o
                0x00000000080052bc                HAL_I2C_Master_Transmit_DMA
 .text.HAL_I2C_EV_IRQHandler
                0x00000000080054e4       0x34 ./Drivers/STM32G4xx_HAL_Driver/Src/stm32g4xx_hal_i2c.o
                0x00000000080054e4                HAL_I2C_EV_IRQHandler
 .text.HAL_I2C_ER_IRQHandler
                0x0000000008005518       0xc2 ./Drivers/STM32G4xx_HAL_Driver/Src/stm32g4xx_hal_i2c.o
                0x0000000008005518                HAL_I2C_ER_IRQHandler
 .text.HAL_I2C_MasterTxCpltCallback
                0x00000000080055da       0x14 ./Drivers/STM32G4xx_HAL_Driver/Src/stm32g4xx_hal_i2c.o
                0x00000000080055da                HAL_I2C_MasterTxCpltCallback
 .text.HAL_I2C_MasterRxCpltCallback
                0x00000000080055ee       0x14 ./Drivers/STM32G4xx_HAL_Driver/Src/stm32g4xx_hal_i2c.o
                0x00000000080055ee                HAL_I2C_MasterRxCpltCallback
 .text.HAL_I2C_SlaveTxCpltCallback
                0x0000000008005602       0x14 ./Drivers/STM32G4xx_HAL_Driver/Src/stm32g4xx_hal_i2c.o
                0x0000000008005602                HAL_I2C_SlaveTxCpltCallback
 .text.HAL_I2C_SlaveRxCpltCallback
                0x0000000008005616       0x14 ./Drivers/STM32G4xx_HAL_Driver/Src/stm32g4xx_hal_i2c.o
                0x0000000008005616                HAL_I2C_SlaveRxCpltCallback
 .text.HAL_I2C_AddrCallback
                0x000000000800562a       0x1c ./Drivers/STM32G4xx_HAL_Driver/Src/stm32g4xx_hal_i2c.o
                0x000000000800562a                HAL_I2C_AddrCallback
 .text.HAL_I2C_ListenCpltCallback
                0x0000000008005646       0x14 ./Drivers/STM32G4xx_HAL_Driver/Src/stm32g4xx_hal_i2c.o
                0x0000000008005646                HAL_I2C_ListenCpltCallback
 .text.HAL_I2C_MemTxCpltCallback
                0x000000000800565a       0x14 ./Drivers/STM32G4xx_HAL_Driver/Src/stm32g4xx_hal_i2c.o
                0x000000000800565a                HAL_I2C_MemTxCpltCallback
 .text.HAL_I2C_MemRxCpltCallback
                0x000000000800566e       0x14 ./Drivers/STM32G4xx_HAL_Driver/Src/stm32g4xx_hal_i2c.o
                0x000000000800566e                HAL_I2C_MemRxCpltCallback
 .text.HAL_I2C_ErrorCallback
                0x0000000008005682       0x14 ./Drivers/STM32G4xx_HAL_Driver/Src/stm32g4xx_hal_i2c.o
                0x0000000008005682                HAL_I2C_ErrorCallback
 .text.HAL_I2C_AbortCpltCallback
                0x0000000008005696       0x14 ./Drivers/STM32G4xx_HAL_Driver/Src/stm32g4xx_hal_i2c.o
                0x0000000008005696                HAL_I2C_AbortCpltCallback
 .text.HAL_I2C_GetState
                0x00000000080056aa       0x1c ./Drivers/STM32G4xx_HAL_Driver/Src/stm32g4xx_hal_i2c.o
                0x00000000080056aa                HAL_I2C_GetState
 .text.I2C_Master_ISR_IT
                0x00000000080056c6      0x268 ./Drivers/STM32G4xx_HAL_Driver/Src/stm32g4xx_hal_i2c.o
 .text.I2C_Slave_ISR_IT
                0x000000000800592e      0x208 ./Drivers/STM32G4xx_HAL_Driver/Src/stm32g4xx_hal_i2c.o
 .text.I2C_Master_ISR_DMA
                0x0000000008005b36      0x1e6 ./Drivers/STM32G4xx_HAL_Driver/Src/stm32g4xx_hal_i2c.o
 .text.I2C_Mem_ISR_DMA
                0x0000000008005d1c      0x260 ./Drivers/STM32G4xx_HAL_Driver/Src/stm32g4xx_hal_i2c.o
 .text.I2C_Slave_ISR_DMA
                0x0000000008005f7c      0x1c2 ./Drivers/STM32G4xx_HAL_Driver/Src/stm32g4xx_hal_i2c.o
 .text.I2C_ITAddrCplt
                0x000000000800613e      0x108 ./Drivers/STM32G4xx_HAL_Driver/Src/stm32g4xx_hal_i2c.o
 .text.I2C_ITMasterSeqCplt
                0x0000000008006246       0x7a ./Drivers/STM32G4xx_HAL_Driver/Src/stm32g4xx_hal_i2c.o
 .text.I2C_ITSlaveSeqCplt
                0x00000000080062c0       0xbc ./Drivers/STM32G4xx_HAL_Driver/Src/stm32g4xx_hal_i2c.o
 .text.I2C_ITMasterCplt
                0x000000000800637c      0x194 ./Drivers/STM32G4xx_HAL_Driver/Src/stm32g4xx_hal_i2c.o
 .text.I2C_ITSlaveCplt
                0x0000000008006510      0x2d4 ./Drivers/STM32G4xx_HAL_Driver/Src/stm32g4xx_hal_i2c.o
 .text.I2C_ITListenCplt
                0x00000000080067e4       0xac ./Drivers/STM32G4xx_HAL_Driver/Src/stm32g4xx_hal_i2c.o
 .text.I2C_ITError
                0x0000000008006890      0x1e0 ./Drivers/STM32G4xx_HAL_Driver/Src/stm32g4xx_hal_i2c.o
 .text.I2C_TreatErrorCallback
                0x0000000008006a70       0x4e ./Drivers/STM32G4xx_HAL_Driver/Src/stm32g4xx_hal_i2c.o
 .text.I2C_Flush_TXDR
                0x0000000008006abe       0x48 ./Drivers/STM32G4xx_HAL_Driver/Src/stm32g4xx_hal_i2c.o
 .text.I2C_DMAMasterTransmitCplt
                0x0000000008006b06       0x96 ./Drivers/STM32G4xx_HAL_Driver/Src/stm32g4xx_hal_i2c.o
 .text.I2C_DMAError
                0x0000000008006b9c       0x2e ./Drivers/STM32G4xx_HAL_Driver/Src/stm32g4xx_hal_i2c.o
 .text.I2C_DMAAbort
                0x0000000008006bca       0x3c ./Drivers/STM32G4xx_HAL_Driver/Src/stm32g4xx_hal_i2c.o
 *fill*         0x0000000008006c06        0x2 
 .text.I2C_TransferConfig
                0x0000000008006c08       0x64 ./Drivers/STM32G4xx_HAL_Driver/Src/stm32g4xx_hal_i2c.o
 .text.I2C_Enable_IRQ
                0x0000000008006c6c      0x108 ./Drivers/STM32G4xx_HAL_Driver/Src/stm32g4xx_hal_i2c.o
 .text.I2C_Disable_IRQ
                0x0000000008006d74       0xbc ./Drivers/STM32G4xx_HAL_Driver/Src/stm32g4xx_hal_i2c.o
 .text.HAL_I2CEx_ConfigAnalogFilter
                0x0000000008006e30       0x96 ./Drivers/STM32G4xx_HAL_Driver/Src/stm32g4xx_hal_i2c_ex.o
                0x0000000008006e30                HAL_I2CEx_ConfigAnalogFilter
 .text.HAL_I2CEx_ConfigDigitalFilter
                0x0000000008006ec6       0x98 ./Drivers/STM32G4xx_HAL_Driver/Src/stm32g4xx_hal_i2c_ex.o
                0x0000000008006ec6                HAL_I2CEx_ConfigDigitalFilter
 *fill*         0x0000000008006f5e        0x2 
 .text.HAL_PWREx_ControlVoltageScaling
                0x0000000008006f60      0x148 ./Drivers/STM32G4xx_HAL_Driver/Src/stm32g4xx_hal_pwr_ex.o
                0x0000000008006f60                HAL_PWREx_ControlVoltageScaling
 .text.HAL_PWREx_DisableUCPDDeadBattery
                0x00000000080070a8       0x20 ./Drivers/STM32G4xx_HAL_Driver/Src/stm32g4xx_hal_pwr_ex.o
                0x00000000080070a8                HAL_PWREx_DisableUCPDDeadBattery
 .text.HAL_RCC_OscConfig
                0x00000000080070c8      0x624 ./Drivers/STM32G4xx_HAL_Driver/Src/stm32g4xx_hal_rcc.o
                0x00000000080070c8                HAL_RCC_OscConfig
 .text.HAL_RCC_ClockConfig
                0x00000000080076ec      0x278 ./Drivers/STM32G4xx_HAL_Driver/Src/stm32g4xx_hal_rcc.o
                0x00000000080076ec                HAL_RCC_ClockConfig
 .text.HAL_RCC_GetSysClockFreq
                0x0000000008007964       0xc4 ./Drivers/STM32G4xx_HAL_Driver/Src/stm32g4xx_hal_rcc.o
                0x0000000008007964                HAL_RCC_GetSysClockFreq
 .text.HAL_RCC_GetHCLKFreq
                0x0000000008007a28       0x18 ./Drivers/STM32G4xx_HAL_Driver/Src/stm32g4xx_hal_rcc.o
                0x0000000008007a28                HAL_RCC_GetHCLKFreq
 .text.HAL_RCC_GetPCLK1Freq
                0x0000000008007a40       0x2c ./Drivers/STM32G4xx_HAL_Driver/Src/stm32g4xx_hal_rcc.o
                0x0000000008007a40                HAL_RCC_GetPCLK1Freq
 .text.HAL_RCC_GetPCLK2Freq
                0x0000000008007a6c       0x2c ./Drivers/STM32G4xx_HAL_Driver/Src/stm32g4xx_hal_rcc.o
                0x0000000008007a6c                HAL_RCC_GetPCLK2Freq
 .text.HAL_RCC_GetClockConfig
                0x0000000008007a98       0x64 ./Drivers/STM32G4xx_HAL_Driver/Src/stm32g4xx_hal_rcc.o
                0x0000000008007a98                HAL_RCC_GetClockConfig
 .text.RCC_GetSysClockFreqFromPLLSource
                0x0000000008007afc       0x8c ./Drivers/STM32G4xx_HAL_Driver/Src/stm32g4xx_hal_rcc.o
 .text.HAL_RCCEx_PeriphCLKConfig
                0x0000000008007b88      0x49c ./Drivers/STM32G4xx_HAL_Driver/Src/stm32g4xx_hal_rcc_ex.o
                0x0000000008007b88                HAL_RCCEx_PeriphCLKConfig
 .text.HAL_TIM_Base_Init
                0x0000000008008024       0xae ./Drivers/STM32G4xx_HAL_Driver/Src/stm32g4xx_hal_tim.o
                0x0000000008008024                HAL_TIM_Base_Init
 *fill*         0x00000000080080d2        0x2 
 .text.HAL_TIM_Base_Start_IT
                0x00000000080080d4       0xf0 ./Drivers/STM32G4xx_HAL_Driver/Src/stm32g4xx_hal_tim.o
                0x00000000080080d4                HAL_TIM_Base_Start_IT
 .text.HAL_TIM_Base_Stop_IT
                0x00000000080081c4       0x5e ./Drivers/STM32G4xx_HAL_Driver/Src/stm32g4xx_hal_tim.o
                0x00000000080081c4                HAL_TIM_Base_Stop_IT
 .text.HAL_TIM_OC_Init
                0x0000000008008222       0xae ./Drivers/STM32G4xx_HAL_Driver/Src/stm32g4xx_hal_tim.o
                0x0000000008008222                HAL_TIM_OC_Init
 .text.HAL_TIM_OC_MspInit
                0x00000000080082d0       0x14 ./Drivers/STM32G4xx_HAL_Driver/Src/stm32g4xx_hal_tim.o
                0x00000000080082d0                HAL_TIM_OC_MspInit
 .text.HAL_TIM_PWM_Init
                0x00000000080082e4       0xae ./Drivers/STM32G4xx_HAL_Driver/Src/stm32g4xx_hal_tim.o
                0x00000000080082e4                HAL_TIM_PWM_Init
 .text.HAL_TIM_PWM_MspInit
                0x0000000008008392       0x14 ./Drivers/STM32G4xx_HAL_Driver/Src/stm32g4xx_hal_tim.o
                0x0000000008008392                HAL_TIM_PWM_MspInit
 *fill*         0x00000000080083a6        0x2 
 .text.HAL_TIM_PWM_Start
                0x00000000080083a8      0x224 ./Drivers/STM32G4xx_HAL_Driver/Src/stm32g4xx_hal_tim.o
                0x00000000080083a8                HAL_TIM_PWM_Start
 .text.HAL_TIM_IC_Init
                0x00000000080085cc       0xae ./Drivers/STM32G4xx_HAL_Driver/Src/stm32g4xx_hal_tim.o
                0x00000000080085cc                HAL_TIM_IC_Init
 .text.HAL_TIM_IC_MspInit
                0x000000000800867a       0x14 ./Drivers/STM32G4xx_HAL_Driver/Src/stm32g4xx_hal_tim.o
                0x000000000800867a                HAL_TIM_IC_MspInit
 *fill*         0x000000000800868e        0x2 
 .text.HAL_TIM_IC_Start_IT
                0x0000000008008690      0x2a0 ./Drivers/STM32G4xx_HAL_Driver/Src/stm32g4xx_hal_tim.o
                0x0000000008008690                HAL_TIM_IC_Start_IT
 .text.HAL_TIM_IC_Stop_IT
                0x0000000008008930      0x17c ./Drivers/STM32G4xx_HAL_Driver/Src/stm32g4xx_hal_tim.o
                0x0000000008008930                HAL_TIM_IC_Stop_IT
 .text.HAL_TIM_IRQHandler
                0x0000000008008aac      0x29e ./Drivers/STM32G4xx_HAL_Driver/Src/stm32g4xx_hal_tim.o
                0x0000000008008aac                HAL_TIM_IRQHandler
 *fill*         0x0000000008008d4a        0x2 
 .text.HAL_TIM_OC_ConfigChannel
                0x0000000008008d4c       0xf4 ./Drivers/STM32G4xx_HAL_Driver/Src/stm32g4xx_hal_tim.o
                0x0000000008008d4c                HAL_TIM_OC_ConfigChannel
 .text.HAL_TIM_IC_ConfigChannel
                0x0000000008008e40      0x138 ./Drivers/STM32G4xx_HAL_Driver/Src/stm32g4xx_hal_tim.o
                0x0000000008008e40                HAL_TIM_IC_ConfigChannel
 .text.HAL_TIM_PWM_ConfigChannel
                0x0000000008008f78      0x228 ./Drivers/STM32G4xx_HAL_Driver/Src/stm32g4xx_hal_tim.o
                0x0000000008008f78                HAL_TIM_PWM_ConfigChannel
 .text.HAL_TIM_ConfigClockSource
                0x00000000080091a0      0x22c ./Drivers/STM32G4xx_HAL_Driver/Src/stm32g4xx_hal_tim.o
                0x00000000080091a0                HAL_TIM_ConfigClockSource
 .text.HAL_TIM_ReadCapturedValue
                0x00000000080093cc       0x88 ./Drivers/STM32G4xx_HAL_Driver/Src/stm32g4xx_hal_tim.o
                0x00000000080093cc                HAL_TIM_ReadCapturedValue
 .text.HAL_TIM_OC_DelayElapsedCallback
                0x0000000008009454       0x14 ./Drivers/STM32G4xx_HAL_Driver/Src/stm32g4xx_hal_tim.o
                0x0000000008009454                HAL_TIM_OC_DelayElapsedCallback
 .text.HAL_TIM_PWM_PulseFinishedCallback
                0x0000000008009468       0x14 ./Drivers/STM32G4xx_HAL_Driver/Src/stm32g4xx_hal_tim.o
                0x0000000008009468                HAL_TIM_PWM_PulseFinishedCallback
 .text.HAL_TIM_TriggerCallback
                0x000000000800947c       0x14 ./Drivers/STM32G4xx_HAL_Driver/Src/stm32g4xx_hal_tim.o
                0x000000000800947c                HAL_TIM_TriggerCallback
 .text.TIM_Base_SetConfig
                0x0000000008009490      0x168 ./Drivers/STM32G4xx_HAL_Driver/Src/stm32g4xx_hal_tim.o
                0x0000000008009490                TIM_Base_SetConfig
 .text.TIM_OC1_SetConfig
                0x00000000080095f8      0x134 ./Drivers/STM32G4xx_HAL_Driver/Src/stm32g4xx_hal_tim.o
 .text.TIM_OC2_SetConfig
                0x000000000800972c      0x128 ./Drivers/STM32G4xx_HAL_Driver/Src/stm32g4xx_hal_tim.o
                0x000000000800972c                TIM_OC2_SetConfig
 .text.TIM_OC3_SetConfig
                0x0000000008009854      0x124 ./Drivers/STM32G4xx_HAL_Driver/Src/stm32g4xx_hal_tim.o
 .text.TIM_OC4_SetConfig
                0x0000000008009978      0x128 ./Drivers/STM32G4xx_HAL_Driver/Src/stm32g4xx_hal_tim.o
 .text.TIM_OC5_SetConfig
                0x0000000008009aa0       0xd4 ./Drivers/STM32G4xx_HAL_Driver/Src/stm32g4xx_hal_tim.o
 .text.TIM_OC6_SetConfig
                0x0000000008009b74       0xd8 ./Drivers/STM32G4xx_HAL_Driver/Src/stm32g4xx_hal_tim.o
 .text.TIM_TI1_SetConfig
                0x0000000008009c4c       0xe8 ./Drivers/STM32G4xx_HAL_Driver/Src/stm32g4xx_hal_tim.o
                0x0000000008009c4c                TIM_TI1_SetConfig
 .text.TIM_TI1_ConfigInputStage
                0x0000000008009d34       0x5e ./Drivers/STM32G4xx_HAL_Driver/Src/stm32g4xx_hal_tim.o
 .text.TIM_TI2_SetConfig
                0x0000000008009d92       0x7a ./Drivers/STM32G4xx_HAL_Driver/Src/stm32g4xx_hal_tim.o
 .text.TIM_TI2_ConfigInputStage
                0x0000000008009e0c       0x60 ./Drivers/STM32G4xx_HAL_Driver/Src/stm32g4xx_hal_tim.o
 .text.TIM_TI3_SetConfig
                0x0000000008009e6c       0x78 ./Drivers/STM32G4xx_HAL_Driver/Src/stm32g4xx_hal_tim.o
 .text.TIM_TI4_SetConfig
                0x0000000008009ee4       0x7a ./Drivers/STM32G4xx_HAL_Driver/Src/stm32g4xx_hal_tim.o
 .text.TIM_ITRx_SetConfig
                0x0000000008009f5e       0x3a ./Drivers/STM32G4xx_HAL_Driver/Src/stm32g4xx_hal_tim.o
 .text.TIM_ETR_SetConfig
                0x0000000008009f98       0x40 ./Drivers/STM32G4xx_HAL_Driver/Src/stm32g4xx_hal_tim.o
                0x0000000008009f98                TIM_ETR_SetConfig
 .text.TIM_CCxChannelCmd
                0x0000000008009fd8       0x4a ./Drivers/STM32G4xx_HAL_Driver/Src/stm32g4xx_hal_tim.o
                0x0000000008009fd8                TIM_CCxChannelCmd
 *fill*         0x000000000800a022        0x2 
 .text.HAL_TIMEx_MasterConfigSynchronization
                0x000000000800a024      0x12c ./Drivers/STM32G4xx_HAL_Driver/Src/stm32g4xx_hal_tim_ex.o
                0x000000000800a024                HAL_TIMEx_MasterConfigSynchronization
 .text.HAL_TIMEx_ConfigBreakDeadTime
                0x000000000800a150      0x128 ./Drivers/STM32G4xx_HAL_Driver/Src/stm32g4xx_hal_tim_ex.o
                0x000000000800a150                HAL_TIMEx_ConfigBreakDeadTime
 .text.HAL_TIMEx_CommutCallback
                0x000000000800a278       0x14 ./Drivers/STM32G4xx_HAL_Driver/Src/stm32g4xx_hal_tim_ex.o
                0x000000000800a278                HAL_TIMEx_CommutCallback
 .text.HAL_TIMEx_BreakCallback
                0x000000000800a28c       0x14 ./Drivers/STM32G4xx_HAL_Driver/Src/stm32g4xx_hal_tim_ex.o
                0x000000000800a28c                HAL_TIMEx_BreakCallback
 .text.HAL_TIMEx_Break2Callback
                0x000000000800a2a0       0x14 ./Drivers/STM32G4xx_HAL_Driver/Src/stm32g4xx_hal_tim_ex.o
                0x000000000800a2a0                HAL_TIMEx_Break2Callback
 .text.HAL_TIMEx_EncoderIndexCallback
                0x000000000800a2b4       0x14 ./Drivers/STM32G4xx_HAL_Driver/Src/stm32g4xx_hal_tim_ex.o
                0x000000000800a2b4                HAL_TIMEx_EncoderIndexCallback
 .text.HAL_TIMEx_DirectionChangeCallback
                0x000000000800a2c8       0x14 ./Drivers/STM32G4xx_HAL_Driver/Src/stm32g4xx_hal_tim_ex.o
                0x000000000800a2c8                HAL_TIMEx_DirectionChangeCallback
 .text.HAL_TIMEx_IndexErrorCallback
                0x000000000800a2dc       0x14 ./Drivers/STM32G4xx_HAL_Driver/Src/stm32g4xx_hal_tim_ex.o
                0x000000000800a2dc                HAL_TIMEx_IndexErrorCallback
 .text.HAL_TIMEx_TransitionErrorCallback
                0x000000000800a2f0       0x14 ./Drivers/STM32G4xx_HAL_Driver/Src/stm32g4xx_hal_tim_ex.o
                0x000000000800a2f0                HAL_TIMEx_TransitionErrorCallback
 .text.HAL_UART_Init
                0x000000000800a304       0xa0 ./Drivers/STM32G4xx_HAL_Driver/Src/stm32g4xx_hal_uart.o
                0x000000000800a304                HAL_UART_Init
 .text.HAL_UART_IRQHandler
                0x000000000800a3a4      0x648 ./Drivers/STM32G4xx_HAL_Driver/Src/stm32g4xx_hal_uart.o
                0x000000000800a3a4                HAL_UART_IRQHandler
 .text.HAL_UART_TxCpltCallback
                0x000000000800a9ec       0x14 ./Drivers/STM32G4xx_HAL_Driver/Src/stm32g4xx_hal_uart.o
                0x000000000800a9ec                HAL_UART_TxCpltCallback
 .text.HAL_UART_ErrorCallback
                0x000000000800aa00       0x14 ./Drivers/STM32G4xx_HAL_Driver/Src/stm32g4xx_hal_uart.o
                0x000000000800aa00                HAL_UART_ErrorCallback
 .text.HAL_UARTEx_RxEventCallback
                0x000000000800aa14       0x18 ./Drivers/STM32G4xx_HAL_Driver/Src/stm32g4xx_hal_uart.o
                0x000000000800aa14                HAL_UARTEx_RxEventCallback
 .text.UART_SetConfig
                0x000000000800aa2c      0x5f8 ./Drivers/STM32G4xx_HAL_Driver/Src/stm32g4xx_hal_uart.o
                0x000000000800aa2c                UART_SetConfig
 .text.UART_AdvFeatureConfig
                0x000000000800b024      0x144 ./Drivers/STM32G4xx_HAL_Driver/Src/stm32g4xx_hal_uart.o
                0x000000000800b024                UART_AdvFeatureConfig
 .text.UART_CheckIdleState
                0x000000000800b168      0x154 ./Drivers/STM32G4xx_HAL_Driver/Src/stm32g4xx_hal_uart.o
                0x000000000800b168                UART_CheckIdleState
 .text.UART_WaitOnFlagUntilTimeout
                0x000000000800b2bc       0xda ./Drivers/STM32G4xx_HAL_Driver/Src/stm32g4xx_hal_uart.o
                0x000000000800b2bc                UART_WaitOnFlagUntilTimeout
 .text.UART_EndRxTransfer
                0x000000000800b396       0xcc ./Drivers/STM32G4xx_HAL_Driver/Src/stm32g4xx_hal_uart.o
 .text.UART_DMAAbortOnError
                0x000000000800b462       0x2c ./Drivers/STM32G4xx_HAL_Driver/Src/stm32g4xx_hal_uart.o
 .text.UART_EndTransmit_IT
                0x000000000800b48e       0x56 ./Drivers/STM32G4xx_HAL_Driver/Src/stm32g4xx_hal_uart.o
 .text.HAL_UARTEx_WakeupCallback
                0x000000000800b4e4       0x14 ./Drivers/STM32G4xx_HAL_Driver/Src/stm32g4xx_hal_uart_ex.o
                0x000000000800b4e4                HAL_UARTEx_WakeupCallback
 .text.HAL_UARTEx_RxFifoFullCallback
                0x000000000800b4f8       0x14 ./Drivers/STM32G4xx_HAL_Driver/Src/stm32g4xx_hal_uart_ex.o
                0x000000000800b4f8                HAL_UARTEx_RxFifoFullCallback
 .text.HAL_UARTEx_TxFifoEmptyCallback
                0x000000000800b50c       0x14 ./Drivers/STM32G4xx_HAL_Driver/Src/stm32g4xx_hal_uart_ex.o
                0x000000000800b50c                HAL_UARTEx_TxFifoEmptyCallback
 .text.HAL_UARTEx_DisableFifoMode
                0x000000000800b520       0x72 ./Drivers/STM32G4xx_HAL_Driver/Src/stm32g4xx_hal_uart_ex.o
                0x000000000800b520                HAL_UARTEx_DisableFifoMode
 .text.HAL_UARTEx_SetTxFifoThreshold
                0x000000000800b592       0x7c ./Drivers/STM32G4xx_HAL_Driver/Src/stm32g4xx_hal_uart_ex.o
                0x000000000800b592                HAL_UARTEx_SetTxFifoThreshold
 .text.HAL_UARTEx_SetRxFifoThreshold
                0x000000000800b60e       0x7c ./Drivers/STM32G4xx_HAL_Driver/Src/stm32g4xx_hal_uart_ex.o
                0x000000000800b60e                HAL_UARTEx_SetRxFifoThreshold
 *fill*         0x000000000800b68a        0x2 
 .text.UARTEx_SetNbDataToProcess
                0x000000000800b68c       0x9c ./Drivers/STM32G4xx_HAL_Driver/Src/stm32g4xx_hal_uart_ex.o
 .text.__NVIC_SetPriority
                0x000000000800b728       0x54 ./Middlewares/Third_Party/FreeRTOS/Source/CMSIS_RTOS_V2/cmsis_os2.o
 .text.SysTick_Handler
                0x000000000800b77c       0x20 ./Middlewares/Third_Party/FreeRTOS/Source/CMSIS_RTOS_V2/cmsis_os2.o
                0x000000000800b77c                SysTick_Handler
 .text.SVC_Setup
                0x000000000800b79c       0x12 ./Middlewares/Third_Party/FreeRTOS/Source/CMSIS_RTOS_V2/cmsis_os2.o
 *fill*         0x000000000800b7ae        0x2 
 .text.osKernelInitialize
                0x000000000800b7b0       0x48 ./Middlewares/Third_Party/FreeRTOS/Source/CMSIS_RTOS_V2/cmsis_os2.o
                0x000000000800b7b0                osKernelInitialize
 .text.osKernelStart
                0x000000000800b7f8       0x4c ./Middlewares/Third_Party/FreeRTOS/Source/CMSIS_RTOS_V2/cmsis_os2.o
                0x000000000800b7f8                osKernelStart
 .text.osThreadNew
                0x000000000800b844      0x124 ./Middlewares/Third_Party/FreeRTOS/Source/CMSIS_RTOS_V2/cmsis_os2.o
                0x000000000800b844                osThreadNew
 .text.osDelay  0x000000000800b968       0x36 ./Middlewares/Third_Party/FreeRTOS/Source/CMSIS_RTOS_V2/cmsis_os2.o
                0x000000000800b968                osDelay
 .text.osMutexNew
                0x000000000800b99e      0x10c ./Middlewares/Third_Party/FreeRTOS/Source/CMSIS_RTOS_V2/cmsis_os2.o
                0x000000000800b99e                osMutexNew
 .text.osMutexAcquire
                0x000000000800baaa       0x96 ./Middlewares/Third_Party/FreeRTOS/Source/CMSIS_RTOS_V2/cmsis_os2.o
                0x000000000800baaa                osMutexAcquire
 .text.osMutexRelease
                0x000000000800bb40       0x7a ./Middlewares/Third_Party/FreeRTOS/Source/CMSIS_RTOS_V2/cmsis_os2.o
                0x000000000800bb40                osMutexRelease
 .text.osSemaphoreNew
                0x000000000800bbba      0x112 ./Middlewares/Third_Party/FreeRTOS/Source/CMSIS_RTOS_V2/cmsis_os2.o
                0x000000000800bbba                osSemaphoreNew
 .text.osMessageQueueNew
                0x000000000800bccc       0xe6 ./Middlewares/Third_Party/FreeRTOS/Source/CMSIS_RTOS_V2/cmsis_os2.o
                0x000000000800bccc                osMessageQueueNew
 *fill*         0x000000000800bdb2        0x2 
 .text.vApplicationGetIdleTaskMemory
                0x000000000800bdb4       0x34 ./Middlewares/Third_Party/FreeRTOS/Source/CMSIS_RTOS_V2/cmsis_os2.o
                0x000000000800bdb4                vApplicationGetIdleTaskMemory
 .text.vApplicationGetTimerTaskMemory
                0x000000000800bde8       0x34 ./Middlewares/Third_Party/FreeRTOS/Source/CMSIS_RTOS_V2/cmsis_os2.o
                0x000000000800bde8                vApplicationGetTimerTaskMemory
 .text.vListInitialise
                0x000000000800be1c       0x40 ./Middlewares/Third_Party/FreeRTOS/Source/list.o
                0x000000000800be1c                vListInitialise
 .text.vListInitialiseItem
                0x000000000800be5c       0x1a ./Middlewares/Third_Party/FreeRTOS/Source/list.o
                0x000000000800be5c                vListInitialiseItem
 .text.vListInsertEnd
                0x000000000800be76       0x48 ./Middlewares/Third_Party/FreeRTOS/Source/list.o
                0x000000000800be76                vListInsertEnd
 .text.vListInsert
                0x000000000800bebe       0x72 ./Middlewares/Third_Party/FreeRTOS/Source/list.o
                0x000000000800bebe                vListInsert
 .text.uxListRemove
                0x000000000800bf30       0x54 ./Middlewares/Third_Party/FreeRTOS/Source/list.o
                0x000000000800bf30                uxListRemove
 .text.xQueueGenericReset
                0x000000000800bf84       0xd0 ./Middlewares/Third_Party/FreeRTOS/Source/queue.o
                0x000000000800bf84                xQueueGenericReset
 .text.xQueueGenericCreateStatic
                0x000000000800c054       0xf0 ./Middlewares/Third_Party/FreeRTOS/Source/queue.o
                0x000000000800c054                xQueueGenericCreateStatic
 .text.xQueueGenericCreate
                0x000000000800c144       0x74 ./Middlewares/Third_Party/FreeRTOS/Source/queue.o
                0x000000000800c144                xQueueGenericCreate
 .text.prvInitialiseNewQueue
                0x000000000800c1b8       0x46 ./Middlewares/Third_Party/FreeRTOS/Source/queue.o
 .text.prvInitialiseMutex
                0x000000000800c1fe       0x34 ./Middlewares/Third_Party/FreeRTOS/Source/queue.o
 .text.xQueueCreateMutex
                0x000000000800c232       0x30 ./Middlewares/Third_Party/FreeRTOS/Source/queue.o
                0x000000000800c232                xQueueCreateMutex
 .text.xQueueCreateMutexStatic
                0x000000000800c262       0x36 ./Middlewares/Third_Party/FreeRTOS/Source/queue.o
                0x000000000800c262                xQueueCreateMutexStatic
 .text.xQueueGiveMutexRecursive
                0x000000000800c298       0x68 ./Middlewares/Third_Party/FreeRTOS/Source/queue.o
                0x000000000800c298                xQueueGiveMutexRecursive
 .text.xQueueTakeMutexRecursive
                0x000000000800c300       0x6c ./Middlewares/Third_Party/FreeRTOS/Source/queue.o
                0x000000000800c300                xQueueTakeMutexRecursive
 .text.xQueueCreateCountingSemaphoreStatic
                0x000000000800c36c       0x6e ./Middlewares/Third_Party/FreeRTOS/Source/queue.o
                0x000000000800c36c                xQueueCreateCountingSemaphoreStatic
 .text.xQueueCreateCountingSemaphore
                0x000000000800c3da       0x66 ./Middlewares/Third_Party/FreeRTOS/Source/queue.o
                0x000000000800c3da                xQueueCreateCountingSemaphore
 .text.xQueueGenericSend
                0x000000000800c440      0x1fc ./Middlewares/Third_Party/FreeRTOS/Source/queue.o
                0x000000000800c440                xQueueGenericSend
 .text.xQueueGenericSendFromISR
                0x000000000800c63c      0x136 ./Middlewares/Third_Party/FreeRTOS/Source/queue.o
                0x000000000800c63c                xQueueGenericSendFromISR
 *fill*         0x000000000800c772        0x2 
 .text.xQueueReceive
                0x000000000800c774      0x1c0 ./Middlewares/Third_Party/FreeRTOS/Source/queue.o
                0x000000000800c774                xQueueReceive
 .text.xQueueSemaphoreTake
                0x000000000800c934      0x218 ./Middlewares/Third_Party/FreeRTOS/Source/queue.o
                0x000000000800c934                xQueueSemaphoreTake
 .text.vQueueDelete
                0x000000000800cb4c       0x46 ./Middlewares/Third_Party/FreeRTOS/Source/queue.o
                0x000000000800cb4c                vQueueDelete
 .text.prvGetDisinheritPriorityAfterTimeout
                0x000000000800cb92       0x30 ./Middlewares/Third_Party/FreeRTOS/Source/queue.o
 .text.prvCopyDataToQueue
                0x000000000800cbc2       0xd4 ./Middlewares/Third_Party/FreeRTOS/Source/queue.o
 .text.prvCopyDataFromQueue
                0x000000000800cc96       0x4c ./Middlewares/Third_Party/FreeRTOS/Source/queue.o
 .text.prvUnlockQueue
                0x000000000800cce2       0xa4 ./Middlewares/Third_Party/FreeRTOS/Source/queue.o
 .text.prvIsQueueEmpty
                0x000000000800cd86       0x2c ./Middlewares/Third_Party/FreeRTOS/Source/queue.o
 .text.prvIsQueueFull
                0x000000000800cdb2       0x30 ./Middlewares/Third_Party/FreeRTOS/Source/queue.o
 *fill*         0x000000000800cde2        0x2 
 .text.vQueueAddToRegistry
                0x000000000800cde4       0x54 ./Middlewares/Third_Party/FreeRTOS/Source/queue.o
                0x000000000800cde4                vQueueAddToRegistry
 .text.vQueueUnregisterQueue
                0x000000000800ce38       0x54 ./Middlewares/Third_Party/FreeRTOS/Source/queue.o
                0x000000000800ce38                vQueueUnregisterQueue
 .text.vQueueWaitForMessageRestricted
                0x000000000800ce8c       0x68 ./Middlewares/Third_Party/FreeRTOS/Source/queue.o
                0x000000000800ce8c                vQueueWaitForMessageRestricted
 .text.xTaskCreateStatic
                0x000000000800cef4       0xba ./Middlewares/Third_Party/FreeRTOS/Source/tasks.o
                0x000000000800cef4                xTaskCreateStatic
 .text.xTaskCreate
                0x000000000800cfae       0x8a ./Middlewares/Third_Party/FreeRTOS/Source/tasks.o
                0x000000000800cfae                xTaskCreate
 .text.prvInitialiseNewTask
                0x000000000800d038      0x14c ./Middlewares/Third_Party/FreeRTOS/Source/tasks.o
 .text.prvAddNewTaskToReadyList
                0x000000000800d184       0xe0 ./Middlewares/Third_Party/FreeRTOS/Source/tasks.o
 .text.vTaskDelayUntil
                0x000000000800d264       0xfc ./Middlewares/Third_Party/FreeRTOS/Source/tasks.o
                0x000000000800d264                vTaskDelayUntil
 .text.vTaskDelay
                0x000000000800d360       0x68 ./Middlewares/Third_Party/FreeRTOS/Source/tasks.o
                0x000000000800d360                vTaskDelay
 .text.vTaskStartScheduler
                0x000000000800d3c8       0xe0 ./Middlewares/Third_Party/FreeRTOS/Source/tasks.o
                0x000000000800d3c8                vTaskStartScheduler
 .text.vTaskSuspendAll
                0x000000000800d4a8       0x1c ./Middlewares/Third_Party/FreeRTOS/Source/tasks.o
                0x000000000800d4a8                vTaskSuspendAll
 .text.xTaskResumeAll
                0x000000000800d4c4      0x13c ./Middlewares/Third_Party/FreeRTOS/Source/tasks.o
                0x000000000800d4c4                xTaskResumeAll
 .text.xTaskGetTickCount
                0x000000000800d600       0x20 ./Middlewares/Third_Party/FreeRTOS/Source/tasks.o
                0x000000000800d600                xTaskGetTickCount
 .text.xTaskIncrementTick
                0x000000000800d620      0x174 ./Middlewares/Third_Party/FreeRTOS/Source/tasks.o
                0x000000000800d620                xTaskIncrementTick
 .text.vTaskSwitchContext
                0x000000000800d794       0xc8 ./Middlewares/Third_Party/FreeRTOS/Source/tasks.o
                0x000000000800d794                vTaskSwitchContext
 .text.vTaskPlaceOnEventList
                0x000000000800d85c       0x48 ./Middlewares/Third_Party/FreeRTOS/Source/tasks.o
                0x000000000800d85c                vTaskPlaceOnEventList
 .text.vTaskPlaceOnEventListRestricted
                0x000000000800d8a4       0x58 ./Middlewares/Third_Party/FreeRTOS/Source/tasks.o
                0x000000000800d8a4                vTaskPlaceOnEventListRestricted
 .text.xTaskRemoveFromEventList
                0x000000000800d8fc       0xc8 ./Middlewares/Third_Party/FreeRTOS/Source/tasks.o
                0x000000000800d8fc                xTaskRemoveFromEventList
 .text.vTaskInternalSetTimeOutState
                0x000000000800d9c4       0x2c ./Middlewares/Third_Party/FreeRTOS/Source/tasks.o
                0x000000000800d9c4                vTaskInternalSetTimeOutState
 .text.xTaskCheckForTimeOut
                0x000000000800d9f0       0xc4 ./Middlewares/Third_Party/FreeRTOS/Source/tasks.o
                0x000000000800d9f0                xTaskCheckForTimeOut
 .text.vTaskMissedYield
                0x000000000800dab4       0x18 ./Middlewares/Third_Party/FreeRTOS/Source/tasks.o
                0x000000000800dab4                vTaskMissedYield
 .text.prvIdleTask
                0x000000000800dacc       0x30 ./Middlewares/Third_Party/FreeRTOS/Source/tasks.o
 .text.prvInitialiseTaskLists
                0x000000000800dafc       0x80 ./Middlewares/Third_Party/FreeRTOS/Source/tasks.o
 .text.prvCheckTasksWaitingTermination
                0x000000000800db7c       0x5c ./Middlewares/Third_Party/FreeRTOS/Source/tasks.o
 .text.prvDeleteTCB
                0x000000000800dbd8       0x68 ./Middlewares/Third_Party/FreeRTOS/Source/tasks.o
 .text.prvResetNextTaskUnblockTime
                0x000000000800dc40       0x40 ./Middlewares/Third_Party/FreeRTOS/Source/tasks.o
 .text.xTaskGetCurrentTaskHandle
                0x000000000800dc80       0x20 ./Middlewares/Third_Party/FreeRTOS/Source/tasks.o
                0x000000000800dc80                xTaskGetCurrentTaskHandle
 .text.xTaskGetSchedulerState
                0x000000000800dca0       0x3c ./Middlewares/Third_Party/FreeRTOS/Source/tasks.o
                0x000000000800dca0                xTaskGetSchedulerState
 .text.xTaskPriorityInherit
                0x000000000800dcdc       0xd0 ./Middlewares/Third_Party/FreeRTOS/Source/tasks.o
                0x000000000800dcdc                xTaskPriorityInherit
 .text.xTaskPriorityDisinherit
                0x000000000800ddac       0xdc ./Middlewares/Third_Party/FreeRTOS/Source/tasks.o
                0x000000000800ddac                xTaskPriorityDisinherit
 .text.vTaskPriorityDisinheritAfterTimeout
                0x000000000800de88      0x104 ./Middlewares/Third_Party/FreeRTOS/Source/tasks.o
                0x000000000800de88                vTaskPriorityDisinheritAfterTimeout
 .text.pvTaskIncrementMutexHeldCount
                0x000000000800df8c       0x28 ./Middlewares/Third_Party/FreeRTOS/Source/tasks.o
                0x000000000800df8c                pvTaskIncrementMutexHeldCount
 .text.prvAddCurrentTaskToDelayedList
                0x000000000800dfb4       0xa8 ./Middlewares/Third_Party/FreeRTOS/Source/tasks.o
 .text.xTimerCreateTimerTask
                0x000000000800e05c       0x90 ./Middlewares/Third_Party/FreeRTOS/Source/timers.o
                0x000000000800e05c                xTimerCreateTimerTask
 .text.xTimerGenericCommand
                0x000000000800e0ec       0x9c ./Middlewares/Third_Party/FreeRTOS/Source/timers.o
                0x000000000800e0ec                xTimerGenericCommand
 .text.prvProcessExpiredTimer
                0x000000000800e188       0x98 ./Middlewares/Third_Party/FreeRTOS/Source/timers.o
 .text.prvTimerTask
                0x000000000800e220       0x24 ./Middlewares/Third_Party/FreeRTOS/Source/timers.o
 .text.prvProcessTimerOrBlockTask
                0x000000000800e244       0x9c ./Middlewares/Third_Party/FreeRTOS/Source/timers.o
 .text.prvGetNextExpireTime
                0x000000000800e2e0       0x48 ./Middlewares/Third_Party/FreeRTOS/Source/timers.o
 .text.prvSampleTimeNow
                0x000000000800e328       0x40 ./Middlewares/Third_Party/FreeRTOS/Source/timers.o
 .text.prvInsertTimerInActiveList
                0x000000000800e368       0x84 ./Middlewares/Third_Party/FreeRTOS/Source/timers.o
 .text.prvProcessReceivedCommands
                0x000000000800e3ec      0x1c4 ./Middlewares/Third_Party/FreeRTOS/Source/timers.o
 .text.prvSwitchTimerLists
                0x000000000800e5b0       0xc8 ./Middlewares/Third_Party/FreeRTOS/Source/timers.o
 .text.prvCheckForValidListAndQueue
                0x000000000800e678       0x80 ./Middlewares/Third_Party/FreeRTOS/Source/timers.o
 .text.pxPortInitialiseStack
                0x000000000800e6f8       0x68 ./Middlewares/Third_Party/FreeRTOS/Source/portable/GCC/ARM_CM4F/port.o
                0x000000000800e6f8                pxPortInitialiseStack
 .text.prvTaskExitError
                0x000000000800e760       0x58 ./Middlewares/Third_Party/FreeRTOS/Source/portable/GCC/ARM_CM4F/port.o
 *fill*         0x000000000800e7b8        0x8 
 .text.SVC_Handler
                0x000000000800e7c0       0x28 ./Middlewares/Third_Party/FreeRTOS/Source/portable/GCC/ARM_CM4F/port.o
                0x000000000800e7c0                SVC_Handler
 .text.prvPortStartFirstTask
                0x000000000800e7e8       0x28 ./Middlewares/Third_Party/FreeRTOS/Source/portable/GCC/ARM_CM4F/port.o
 .text.xPortStartScheduler
                0x000000000800e810      0x144 ./Middlewares/Third_Party/FreeRTOS/Source/portable/GCC/ARM_CM4F/port.o
                0x000000000800e810                xPortStartScheduler
 .text.vPortEnterCritical
                0x000000000800e954       0x60 ./Middlewares/Third_Party/FreeRTOS/Source/portable/GCC/ARM_CM4F/port.o
                0x000000000800e954                vPortEnterCritical
 .text.vPortExitCritical
                0x000000000800e9b4       0x54 ./Middlewares/Third_Party/FreeRTOS/Source/portable/GCC/ARM_CM4F/port.o
                0x000000000800e9b4                vPortExitCritical
 *fill*         0x000000000800ea08        0x8 
 .text.PendSV_Handler
                0x000000000800ea10       0x68 ./Middlewares/Third_Party/FreeRTOS/Source/portable/GCC/ARM_CM4F/port.o
                0x000000000800ea10                PendSV_Handler
 .text.xPortSysTickHandler
                0x000000000800ea78       0x44 ./Middlewares/Third_Party/FreeRTOS/Source/portable/GCC/ARM_CM4F/port.o
                0x000000000800ea78                xPortSysTickHandler
 .text.vPortSetupTimerInterrupt
                0x000000000800eabc       0x48 ./Middlewares/Third_Party/FreeRTOS/Source/portable/GCC/ARM_CM4F/port.o
                0x000000000800eabc                vPortSetupTimerInterrupt
 .text.vPortEnableVFP
                0x000000000800eb04       0x14 ./Middlewares/Third_Party/FreeRTOS/Source/portable/GCC/ARM_CM4F/port.o
 .text.vPortValidateInterruptPriority
                0x000000000800eb18       0x80 ./Middlewares/Third_Party/FreeRTOS/Source/portable/GCC/ARM_CM4F/port.o
                0x000000000800eb18                vPortValidateInterruptPriority
 .text.pvPortMalloc
                0x000000000800eb98      0x198 ./Middlewares/Third_Party/FreeRTOS/Source/portable/MemMang/heap_4.o
                0x000000000800eb98                pvPortMalloc
 .text.vPortFree
                0x000000000800ed30       0xc4 ./Middlewares/Third_Party/FreeRTOS/Source/portable/MemMang/heap_4.o
                0x000000000800ed30                vPortFree
 .text.prvHeapInit
                0x000000000800edf4       0xc4 ./Middlewares/Third_Party/FreeRTOS/Source/portable/MemMang/heap_4.o
 .text.prvInsertBlockIntoFreeList
                0x000000000800eeb8       0xb4 ./Middlewares/Third_Party/FreeRTOS/Source/portable/MemMang/heap_4.o
 .text.__errno  0x000000000800ef6c        0xc c:/st/stm32cubeide_1.12.1/stm32cubeide/plugins/com.st.stm32cube.ide.mcu.externaltools.gnu-tools-for-stm32.10.3-2021.10.win32_1.0.200.202301161003/tools/bin/../lib/gcc/arm-none-eabi/10.3.1/../../../../arm-none-eabi/lib/thumb/v7e-m+fp/hard\libc_nano.a(lib_a-errno.o)
                0x000000000800ef6c                __errno
 .text.__libc_init_array
                0x000000000800ef78       0x48 c:/st/stm32cubeide_1.12.1/stm32cubeide/plugins/com.st.stm32cube.ide.mcu.externaltools.gnu-tools-for-stm32.10.3-2021.10.win32_1.0.200.202301161003/tools/bin/../lib/gcc/arm-none-eabi/10.3.1/../../../../arm-none-eabi/lib/thumb/v7e-m+fp/hard\libc_nano.a(lib_a-init.o)
                0x000000000800ef78                __libc_init_array
 .text.__retarget_lock_acquire_recursive
                0x000000000800efc0        0x2 c:/st/stm32cubeide_1.12.1/stm32cubeide/plugins/com.st.stm32cube.ide.mcu.externaltools.gnu-tools-for-stm32.10.3-2021.10.win32_1.0.200.202301161003/tools/bin/../lib/gcc/arm-none-eabi/10.3.1/../../../../arm-none-eabi/lib/thumb/v7e-m+fp/hard\libc_nano.a(lib_a-lock.o)
                0x000000000800efc0                __retarget_lock_acquire_recursive
 .text.__retarget_lock_release_recursive
                0x000000000800efc2        0x2 c:/st/stm32cubeide_1.12.1/stm32cubeide/plugins/com.st.stm32cube.ide.mcu.externaltools.gnu-tools-for-stm32.10.3-2021.10.win32_1.0.200.202301161003/tools/bin/../lib/gcc/arm-none-eabi/10.3.1/../../../../arm-none-eabi/lib/thumb/v7e-m+fp/hard\libc_nano.a(lib_a-lock.o)
                0x000000000800efc2                __retarget_lock_release_recursive
 .text.memcpy   0x000000000800efc4       0x1c c:/st/stm32cubeide_1.12.1/stm32cubeide/plugins/com.st.stm32cube.ide.mcu.externaltools.gnu-tools-for-stm32.10.3-2021.10.win32_1.0.200.202301161003/tools/bin/../lib/gcc/arm-none-eabi/10.3.1/../../../../arm-none-eabi/lib/thumb/v7e-m+fp/hard\libc_nano.a(lib_a-memcpy-stub.o)
                0x000000000800efc4                memcpy
 .text.memset   0x000000000800efe0       0x10 c:/st/stm32cubeide_1.12.1/stm32cubeide/plugins/com.st.stm32cube.ide.mcu.externaltools.gnu-tools-for-stm32.10.3-2021.10.win32_1.0.200.202301161003/tools/bin/../lib/gcc/arm-none-eabi/10.3.1/../../../../arm-none-eabi/lib/thumb/v7e-m+fp/hard\libc_nano.a(lib_a-memset.o)
                0x000000000800efe0                memset
 .text.sbrk_aligned
                0x000000000800eff0       0x40 c:/st/stm32cubeide_1.12.1/stm32cubeide/plugins/com.st.stm32cube.ide.mcu.externaltools.gnu-tools-for-stm32.10.3-2021.10.win32_1.0.200.202301161003/tools/bin/../lib/gcc/arm-none-eabi/10.3.1/../../../../arm-none-eabi/lib/thumb/v7e-m+fp/hard\libc_nano.a(lib_a-nano-mallocr.o)
 .text._malloc_r
                0x000000000800f030       0xe8 c:/st/stm32cubeide_1.12.1/stm32cubeide/plugins/com.st.stm32cube.ide.mcu.externaltools.gnu-tools-for-stm32.10.3-2021.10.win32_1.0.200.202301161003/tools/bin/../lib/gcc/arm-none-eabi/10.3.1/../../../../arm-none-eabi/lib/thumb/v7e-m+fp/hard\libc_nano.a(lib_a-nano-mallocr.o)
                0x000000000800f030                _malloc_r
 .text.cleanup_glue
                0x000000000800f118       0x1a c:/st/stm32cubeide_1.12.1/stm32cubeide/plugins/com.st.stm32cube.ide.mcu.externaltools.gnu-tools-for-stm32.10.3-2021.10.win32_1.0.200.202301161003/tools/bin/../lib/gcc/arm-none-eabi/10.3.1/../../../../arm-none-eabi/lib/thumb/v7e-m+fp/hard\libc_nano.a(lib_a-reent.o)
                0x000000000800f118                cleanup_glue
 *fill*         0x000000000800f132        0x2 
 .text._reclaim_reent
                0x000000000800f134       0xb8 c:/st/stm32cubeide_1.12.1/stm32cubeide/plugins/com.st.stm32cube.ide.mcu.externaltools.gnu-tools-for-stm32.10.3-2021.10.win32_1.0.200.202301161003/tools/bin/../lib/gcc/arm-none-eabi/10.3.1/../../../../arm-none-eabi/lib/thumb/v7e-m+fp/hard\libc_nano.a(lib_a-reent.o)
                0x000000000800f134                _reclaim_reent
 .text._sbrk_r  0x000000000800f1ec       0x20 c:/st/stm32cubeide_1.12.1/stm32cubeide/plugins/com.st.stm32cube.ide.mcu.externaltools.gnu-tools-for-stm32.10.3-2021.10.win32_1.0.200.202301161003/tools/bin/../lib/gcc/arm-none-eabi/10.3.1/../../../../arm-none-eabi/lib/thumb/v7e-m+fp/hard\libc_nano.a(lib_a-sbrkr.o)
                0x000000000800f1ec                _sbrk_r
 .text.sprintf  0x000000000800f20c       0x40 c:/st/stm32cubeide_1.12.1/stm32cubeide/plugins/com.st.stm32cube.ide.mcu.externaltools.gnu-tools-for-stm32.10.3-2021.10.win32_1.0.200.202301161003/tools/bin/../lib/gcc/arm-none-eabi/10.3.1/../../../../arm-none-eabi/lib/thumb/v7e-m+fp/hard\libc_nano.a(lib_a-sprintf.o)
                0x000000000800f20c                siprintf
                0x000000000800f20c                sprintf
 .text.__malloc_lock
                0x000000000800f24c        0xc c:/st/stm32cubeide_1.12.1/stm32cubeide/plugins/com.st.stm32cube.ide.mcu.externaltools.gnu-tools-for-stm32.10.3-2021.10.win32_1.0.200.202301161003/tools/bin/../lib/gcc/arm-none-eabi/10.3.1/../../../../arm-none-eabi/lib/thumb/v7e-m+fp/hard\libc_nano.a(lib_a-mlock.o)
                0x000000000800f24c                __malloc_lock
 .text.__malloc_unlock
                0x000000000800f258        0xc c:/st/stm32cubeide_1.12.1/stm32cubeide/plugins/com.st.stm32cube.ide.mcu.externaltools.gnu-tools-for-stm32.10.3-2021.10.win32_1.0.200.202301161003/tools/bin/../lib/gcc/arm-none-eabi/10.3.1/../../../../arm-none-eabi/lib/thumb/v7e-m+fp/hard\libc_nano.a(lib_a-mlock.o)
                0x000000000800f258                __malloc_unlock
 .text._free_r  0x000000000800f264       0x98 c:/st/stm32cubeide_1.12.1/stm32cubeide/plugins/com.st.stm32cube.ide.mcu.externaltools.gnu-tools-for-stm32.10.3-2021.10.win32_1.0.200.202301161003/tools/bin/../lib/gcc/arm-none-eabi/10.3.1/../../../../arm-none-eabi/lib/thumb/v7e-m+fp/hard\libc_nano.a(lib_a-nano-freer.o)
                0x000000000800f264                _free_r
 .text.__ssputs_r
                0x000000000800f2fc       0xb6 c:/st/stm32cubeide_1.12.1/stm32cubeide/plugins/com.st.stm32cube.ide.mcu.externaltools.gnu-tools-for-stm32.10.3-2021.10.win32_1.0.200.202301161003/tools/bin/../lib/gcc/arm-none-eabi/10.3.1/../../../../arm-none-eabi/lib/thumb/v7e-m+fp/hard\libc_nano.a(lib_a-nano-svfprintf.o)
                0x000000000800f2fc                __ssputs_r
 *fill*         0x000000000800f3b2        0x2 
 .text._svfprintf_r
                0x000000000800f3b4      0x200 c:/st/stm32cubeide_1.12.1/stm32cubeide/plugins/com.st.stm32cube.ide.mcu.externaltools.gnu-tools-for-stm32.10.3-2021.10.win32_1.0.200.202301161003/tools/bin/../lib/gcc/arm-none-eabi/10.3.1/../../../../arm-none-eabi/lib/thumb/v7e-m+fp/hard\libc_nano.a(lib_a-nano-svfprintf.o)
                0x000000000800f3b4                _svfiprintf_r
                0x000000000800f3b4                _svfprintf_r
 .text._printf_common
                0x000000000800f5b4       0xda c:/st/stm32cubeide_1.12.1/stm32cubeide/plugins/com.st.stm32cube.ide.mcu.externaltools.gnu-tools-for-stm32.10.3-2021.10.win32_1.0.200.202301161003/tools/bin/../lib/gcc/arm-none-eabi/10.3.1/../../../../arm-none-eabi/lib/thumb/v7e-m+fp/hard\libc_nano.a(lib_a-nano-vfprintf_i.o)
                0x000000000800f5b4                _printf_common
 *fill*         0x000000000800f68e        0x2 
 .text._printf_i
                0x000000000800f690      0x24c c:/st/stm32cubeide_1.12.1/stm32cubeide/plugins/com.st.stm32cube.ide.mcu.externaltools.gnu-tools-for-stm32.10.3-2021.10.win32_1.0.200.202301161003/tools/bin/../lib/gcc/arm-none-eabi/10.3.1/../../../../arm-none-eabi/lib/thumb/v7e-m+fp/hard\libc_nano.a(lib_a-nano-vfprintf_i.o)
                0x000000000800f690                _printf_i
 .text.memmove  0x000000000800f8dc       0x34 c:/st/stm32cubeide_1.12.1/stm32cubeide/plugins/com.st.stm32cube.ide.mcu.externaltools.gnu-tools-for-stm32.10.3-2021.10.win32_1.0.200.202301161003/tools/bin/../lib/gcc/arm-none-eabi/10.3.1/../../../../arm-none-eabi/lib/thumb/v7e-m+fp/hard\libc_nano.a(lib_a-memmove.o)
                0x000000000800f8dc                memmove
 .text._realloc_r
                0x000000000800f910       0x5e c:/st/stm32cubeide_1.12.1/stm32cubeide/plugins/com.st.stm32cube.ide.mcu.externaltools.gnu-tools-for-stm32.10.3-2021.10.win32_1.0.200.202301161003/tools/bin/../lib/gcc/arm-none-eabi/10.3.1/../../../../arm-none-eabi/lib/thumb/v7e-m+fp/hard\libc_nano.a(lib_a-nano-reallocr.o)
                0x000000000800f910                _realloc_r
 .text._malloc_usable_size_r
                0x000000000800f96e       0x10 c:/st/stm32cubeide_1.12.1/stm32cubeide/plugins/com.st.stm32cube.ide.mcu.externaltools.gnu-tools-for-stm32.10.3-2021.10.win32_1.0.200.202301161003/tools/bin/../lib/gcc/arm-none-eabi/10.3.1/../../../../arm-none-eabi/lib/thumb/v7e-m+fp/hard\libc_nano.a(lib_a-nano-msizer.o)
                0x000000000800f96e                _malloc_usable_size_r
 *(.glue_7)
 .glue_7        0x000000000800f97e        0x0 linker stubs
 *(.glue_7t)
 .glue_7t       0x000000000800f97e        0x0 linker stubs
 *(.eh_frame)
 *fill*         0x000000000800f97e        0x2 
 .eh_frame      0x000000000800f980        0x0 c:/st/stm32cubeide_1.12.1/stm32cubeide/plugins/com.st.stm32cube.ide.mcu.externaltools.gnu-tools-for-stm32.10.3-2021.10.win32_1.0.200.202301161003/tools/bin/../lib/gcc/arm-none-eabi/10.3.1/thumb/v7e-m+fp/hard/crtbegin.o
 *(.init)
 .init          0x000000000800f980        0x4 c:/st/stm32cubeide_1.12.1/stm32cubeide/plugins/com.st.stm32cube.ide.mcu.externaltools.gnu-tools-for-stm32.10.3-2021.10.win32_1.0.200.202301161003/tools/bin/../lib/gcc/arm-none-eabi/10.3.1/thumb/v7e-m+fp/hard/crti.o
                0x000000000800f980                _init
 .init          0x000000000800f984        0x8 c:/st/stm32cubeide_1.12.1/stm32cubeide/plugins/com.st.stm32cube.ide.mcu.externaltools.gnu-tools-for-stm32.10.3-2021.10.win32_1.0.200.202301161003/tools/bin/../lib/gcc/arm-none-eabi/10.3.1/thumb/v7e-m+fp/hard/crtn.o
 *(.fini)
 .fini          0x000000000800f98c        0x4 c:/st/stm32cubeide_1.12.1/stm32cubeide/plugins/com.st.stm32cube.ide.mcu.externaltools.gnu-tools-for-stm32.10.3-2021.10.win32_1.0.200.202301161003/tools/bin/../lib/gcc/arm-none-eabi/10.3.1/thumb/v7e-m+fp/hard/crti.o
                0x000000000800f98c                _fini
 .fini          0x000000000800f990        0x8 c:/st/stm32cubeide_1.12.1/stm32cubeide/plugins/com.st.stm32cube.ide.mcu.externaltools.gnu-tools-for-stm32.10.3-2021.10.win32_1.0.200.202301161003/tools/bin/../lib/gcc/arm-none-eabi/10.3.1/thumb/v7e-m+fp/hard/crtn.o
                0x000000000800f998                . = ALIGN (0x4)
                0x000000000800f998                _etext = .

.vfp11_veneer   0x000000000800f998        0x0
 .vfp11_veneer  0x000000000800f998        0x0 linker stubs

.v4_bx          0x000000000800f998        0x0
 .v4_bx         0x000000000800f998        0x0 linker stubs

.iplt           0x000000000800f998        0x0
 .iplt          0x000000000800f998        0x0 c:/st/stm32cubeide_1.12.1/stm32cubeide/plugins/com.st.stm32cube.ide.mcu.externaltools.gnu-tools-for-stm32.10.3-2021.10.win32_1.0.200.202301161003/tools/bin/../lib/gcc/arm-none-eabi/10.3.1/thumb/v7e-m+fp/hard/crtbegin.o

.rodata         0x000000000800f998      0x324
                0x000000000800f998                . = ALIGN (0x4)
 *(.rodata)
 .rodata        0x000000000800f998       0x2c ./Core/Src/app_freertos.o
 .rodata        0x000000000800f9c4       0xb4 ./Core/Src/main.o
 .rodata        0x000000000800fa78        0x5 ./Middlewares/Third_Party/FreeRTOS/Source/tasks.o
 *fill*         0x000000000800fa7d        0x3 
 .rodata        0x000000000800fa80        0xd ./Middlewares/Third_Party/FreeRTOS/Source/timers.o
 *(.rodata*)
 *fill*         0x000000000800fa8d        0x3 
 .rodata.lineOffsets.0
                0x000000000800fa90        0x4 ./Core/Src/lcd_hd44780_i2c.o
 .rodata.task_main_attributes
                0x000000000800fa94       0x24 ./Core/Src/main.o
                0x000000000800fa94                task_main_attributes
 .rodata.task_controle_attributes
                0x000000000800fab8       0x24 ./Core/Src/main.o
                0x000000000800fab8                task_controle_attributes
 .rodata.task_sensores_attributes
                0x000000000800fadc       0x24 ./Core/Src/main.o
                0x000000000800fadc                task_sensores_attributes
 .rodata.task_odometria_attributes
                0x000000000800fb00       0x24 ./Core/Src/main.o
                0x000000000800fb00                task_odometria_attributes
 .rodata.task_bluetooth_attributes
                0x000000000800fb24       0x24 ./Core/Src/main.o
                0x000000000800fb24                task_bluetooth_attributes
 .rodata.task_LVBateria_attributes
                0x000000000800fb48       0x24 ./Core/Src/main.o
                0x000000000800fb48                task_LVBateria_attributes
 .rodata.task_Display_attributes
                0x000000000800fb6c       0x24 ./Core/Src/main.o
                0x000000000800fb6c                task_Display_attributes
 .rodata.Queue_Comandos_attributes
                0x000000000800fb90       0x18 ./Core/Src/main.o
                0x000000000800fb90                Queue_Comandos_attributes
 .rodata.Mutex_Sensores_attributes
                0x000000000800fba8       0x10 ./Core/Src/main.o
                0x000000000800fba8                Mutex_Sensores_attributes
 .rodata.Mutex_Odometria_attributes
                0x000000000800fbb8       0x10 ./Core/Src/main.o
                0x000000000800fbb8                Mutex_Odometria_attributes
 .rodata.Mutex_PID_attributes
                0x000000000800fbc8       0x10 ./Core/Src/main.o
                0x000000000800fbc8                Mutex_PID_attributes
 .rodata.Sem_Colisao_attributes
                0x000000000800fbd8       0x10 ./Core/Src/main.o
                0x000000000800fbd8                Sem_Colisao_attributes
 .rodata.AHBPrescTable
                0x000000000800fbe8       0x10 ./Core/Src/system_stm32g4xx.o
                0x000000000800fbe8                AHBPrescTable
 .rodata.APBPrescTable
                0x000000000800fbf8        0x8 ./Core/Src/system_stm32g4xx.o
                0x000000000800fbf8                APBPrescTable
 .rodata.UARTPrescTable
                0x000000000800fc00       0x18 ./Drivers/STM32G4xx_HAL_Driver/Src/stm32g4xx_hal_uart.o
                0x000000000800fc00                UARTPrescTable
 .rodata.numerator.1
                0x000000000800fc18        0x8 ./Drivers/STM32G4xx_HAL_Driver/Src/stm32g4xx_hal_uart_ex.o
 .rodata.denominator.0
                0x000000000800fc20        0x8 ./Drivers/STM32G4xx_HAL_Driver/Src/stm32g4xx_hal_uart_ex.o
 .rodata.__sf_fake_stderr
                0x000000000800fc28       0x20 c:/st/stm32cubeide_1.12.1/stm32cubeide/plugins/com.st.stm32cube.ide.mcu.externaltools.gnu-tools-for-stm32.10.3-2021.10.win32_1.0.200.202301161003/tools/bin/../lib/gcc/arm-none-eabi/10.3.1/../../../../arm-none-eabi/lib/thumb/v7e-m+fp/hard\libc_nano.a(lib_a-findfp.o)
                0x000000000800fc28                __sf_fake_stderr
 .rodata.__sf_fake_stdin
                0x000000000800fc48       0x20 c:/st/stm32cubeide_1.12.1/stm32cubeide/plugins/com.st.stm32cube.ide.mcu.externaltools.gnu-tools-for-stm32.10.3-2021.10.win32_1.0.200.202301161003/tools/bin/../lib/gcc/arm-none-eabi/10.3.1/../../../../arm-none-eabi/lib/thumb/v7e-m+fp/hard\libc_nano.a(lib_a-findfp.o)
                0x000000000800fc48                __sf_fake_stdin
 .rodata.__sf_fake_stdout
                0x000000000800fc68       0x20 c:/st/stm32cubeide_1.12.1/stm32cubeide/plugins/com.st.stm32cube.ide.mcu.externaltools.gnu-tools-for-stm32.10.3-2021.10.win32_1.0.200.202301161003/tools/bin/../lib/gcc/arm-none-eabi/10.3.1/../../../../arm-none-eabi/lib/thumb/v7e-m+fp/hard\libc_nano.a(lib_a-findfp.o)
                0x000000000800fc68                __sf_fake_stdout
 .rodata._svfprintf_r.str1.1
                0x000000000800fc88       0x11 c:/st/stm32cubeide_1.12.1/stm32cubeide/plugins/com.st.stm32cube.ide.mcu.externaltools.gnu-tools-for-stm32.10.3-2021.10.win32_1.0.200.202301161003/tools/bin/../lib/gcc/arm-none-eabi/10.3.1/../../../../arm-none-eabi/lib/thumb/v7e-m+fp/hard\libc_nano.a(lib_a-nano-svfprintf.o)
 .rodata._printf_i.str1.1
                0x000000000800fc99       0x22 c:/st/stm32cubeide_1.12.1/stm32cubeide/plugins/com.st.stm32cube.ide.mcu.externaltools.gnu-tools-for-stm32.10.3-2021.10.win32_1.0.200.202301161003/tools/bin/../lib/gcc/arm-none-eabi/10.3.1/../../../../arm-none-eabi/lib/thumb/v7e-m+fp/hard\libc_nano.a(lib_a-nano-vfprintf_i.o)
                0x000000000800fcbc                . = ALIGN (0x4)
 *fill*         0x000000000800fcbb        0x1 

.ARM.extab      0x000000000800fcbc        0x0
                0x000000000800fcbc                . = ALIGN (0x4)
 *(.ARM.extab* .gnu.linkonce.armextab.*)
                0x000000000800fcbc                . = ALIGN (0x4)

.ARM            0x000000000800fcbc        0x8
                0x000000000800fcbc                . = ALIGN (0x4)
                0x000000000800fcbc                __exidx_start = .
 *(.ARM.exidx*)
 .ARM.exidx     0x000000000800fcbc        0x8 c:/st/stm32cubeide_1.12.1/stm32cubeide/plugins/com.st.stm32cube.ide.mcu.externaltools.gnu-tools-for-stm32.10.3-2021.10.win32_1.0.200.202301161003/tools/bin/../lib/gcc/arm-none-eabi/10.3.1/thumb/v7e-m+fp/hard\libgcc.a(_udivmoddi4.o)
                0x000000000800fcc4                __exidx_end = .
                0x000000000800fcc4                . = ALIGN (0x4)

.rel.dyn        0x000000000800fcc4        0x0
 .rel.iplt      0x000000000800fcc4        0x0 c:/st/stm32cubeide_1.12.1/stm32cubeide/plugins/com.st.stm32cube.ide.mcu.externaltools.gnu-tools-for-stm32.10.3-2021.10.win32_1.0.200.202301161003/tools/bin/../lib/gcc/arm-none-eabi/10.3.1/thumb/v7e-m+fp/hard/crtbegin.o

.preinit_array  0x000000000800fcc4        0x0
                0x000000000800fcc4                . = ALIGN (0x4)
                0x000000000800fcc4                PROVIDE (__preinit_array_start = .)
 *(.preinit_array*)
                0x000000000800fcc4                PROVIDE (__preinit_array_end = .)
                0x000000000800fcc4                . = ALIGN (0x4)

.init_array     0x000000000800fcc4        0x4
                0x000000000800fcc4                . = ALIGN (0x4)
                0x000000000800fcc4                PROVIDE (__init_array_start = .)
 *(SORT_BY_NAME(.init_array.*))
 *(.init_array*)
 .init_array    0x000000000800fcc4        0x4 c:/st/stm32cubeide_1.12.1/stm32cubeide/plugins/com.st.stm32cube.ide.mcu.externaltools.gnu-tools-for-stm32.10.3-2021.10.win32_1.0.200.202301161003/tools/bin/../lib/gcc/arm-none-eabi/10.3.1/thumb/v7e-m+fp/hard/crtbegin.o
                0x000000000800fcc8                PROVIDE (__init_array_end = .)
                0x000000000800fcc8                . = ALIGN (0x4)

.fini_array     0x000000000800fcc8        0x4
                0x000000000800fcc8                . = ALIGN (0x4)
                [!provide]                        PROVIDE (__fini_array_start = .)
 *(SORT_BY_NAME(.fini_array.*))
 *(.fini_array*)
 .fini_array    0x000000000800fcc8        0x4 c:/st/stm32cubeide_1.12.1/stm32cubeide/plugins/com.st.stm32cube.ide.mcu.externaltools.gnu-tools-for-stm32.10.3-2021.10.win32_1.0.200.202301161003/tools/bin/../lib/gcc/arm-none-eabi/10.3.1/thumb/v7e-m+fp/hard/crtbegin.o
                [!provide]                        PROVIDE (__fini_array_end = .)
                0x000000000800fccc                . = ALIGN (0x4)
                0x000000000800fccc                _sidata = LOADADDR (.data)

.data           0x0000000020000000       0x74 load address 0x000000000800fccc
                0x0000000020000000                . = ALIGN (0x4)
                0x0000000020000000                _sdata = .
 *(.data)
 *(.data*)
 .data.SystemCoreClock
                0x0000000020000000        0x4 ./Core/Src/system_stm32g4xx.o
                0x0000000020000000                SystemCoreClock
 .data.uwTickPrio
                0x0000000020000004        0x4 ./Drivers/STM32G4xx_HAL_Driver/Src/stm32g4xx_hal.o
                0x0000000020000004                uwTickPrio
 .data.uwTickFreq
                0x0000000020000008        0x4 ./Drivers/STM32G4xx_HAL_Driver/Src/stm32g4xx_hal.o
                0x0000000020000008                uwTickFreq
 .data.uxCriticalNesting
                0x000000002000000c        0x4 ./Middlewares/Third_Party/FreeRTOS/Source/portable/GCC/ARM_CM4F/port.o
 .data._impure_ptr
                0x0000000020000010        0x4 c:/st/stm32cubeide_1.12.1/stm32cubeide/plugins/com.st.stm32cube.ide.mcu.externaltools.gnu-tools-for-stm32.10.3-2021.10.win32_1.0.200.202301161003/tools/bin/../lib/gcc/arm-none-eabi/10.3.1/../../../../arm-none-eabi/lib/thumb/v7e-m+fp/hard\libc_nano.a(lib_a-impure.o)
                0x0000000020000010                _impure_ptr
 .data.impure_data
                0x0000000020000014       0x60 c:/st/stm32cubeide_1.12.1/stm32cubeide/plugins/com.st.stm32cube.ide.mcu.externaltools.gnu-tools-for-stm32.10.3-2021.10.win32_1.0.200.202301161003/tools/bin/../lib/gcc/arm-none-eabi/10.3.1/../../../../arm-none-eabi/lib/thumb/v7e-m+fp/hard\libc_nano.a(lib_a-impure.o)
 *(.RamFunc)
 *(.RamFunc*)
                0x0000000020000074                . = ALIGN (0x4)
                0x0000000020000074                _edata = .

.igot.plt       0x0000000020000074        0x0 load address 0x000000000800fd40
 .igot.plt      0x0000000020000074        0x0 c:/st/stm32cubeide_1.12.1/stm32cubeide/plugins/com.st.stm32cube.ide.mcu.externaltools.gnu-tools-for-stm32.10.3-2021.10.win32_1.0.200.202301161003/tools/bin/../lib/gcc/arm-none-eabi/10.3.1/thumb/v7e-m+fp/hard/crtbegin.o
                0x0000000020000074                . = ALIGN (0x4)

.bss            0x0000000020000074     0x3fa0 load address 0x000000000800fd40
                0x0000000020000074                _sbss = .