Archive member included to satisfy reference by file (symbol)

c:/st/stm32cubeide_1.12.1/stm32cubeide/plugins/com.st.stm32cube.ide.mcu.externaltools.gnu-tools-for-stm32.10.3-2021.10.win32_1.0.200.202301161003/tools/bin/../lib/gcc/arm-none-eabi/10.3.1/../../../../arm-none-eabi/lib/thumb/v7e-m+fp/hard\libc_nano.a(lib_a-errno.o)
                              ./Core/Src/syscalls.o (__errno)
c:/st/stm32cubeide_1.12.1/stm32cubeide/plugins/com.st.stm32cube.ide.mcu.externaltools.gnu-tools-for-stm32.10.3-2021.10.win32_1.0.200.202301161003/tools/bin/../lib/gcc/arm-none-eabi/10.3.1/../../../../arm-none-eabi/lib/thumb/v7e-m+fp/hard\libc_nano.a(lib_a-exit.o)
                              c:/st/stm32cubeide_1.12.1/stm32cubeide/plugins/com.st.stm32cube.ide.mcu.externaltools.gnu-tools-for-stm32.10.3-2021.10.win32_1.0.200.202301161003/tools/bin/../lib/gcc/arm-none-eabi/10.3.1/../../../../arm-none-eabi/lib/thumb/v7e-m+fp/hard/crt0.o (exit)
c:/st/stm32cubeide_1.12.1/stm32cubeide/plugins/com.st.stm32cube.ide.mcu.externaltools.gnu-tools-for-stm32.10.3-2021.10.win32_1.0.200.202301161003/tools/bin/../lib/gcc/arm-none-eabi/10.3.1/../../../../arm-none-eabi/lib/thumb/v7e-m+fp/hard\libc_nano.a(lib_a-findfp.o)
                              ./Middlewares/Third_Party/FreeRTOS/Source/tasks.o (__sf_fake_stderr)
c:/st/stm32cubeide_1.12.1/stm32cubeide/plugins/com.st.stm32cube.ide.mcu.externaltools.gnu-tools-for-stm32.10.3-2021.10.win32_1.0.200.202301161003/tools/bin/../lib/gcc/arm-none-eabi/10.3.1/../../../../arm-none-eabi/lib/thumb/v7e-m+fp/hard\libc_nano.a(lib_a-fwalk.o)
                              c:/st/stm32cubeide_1.12.1/stm32cubeide/plugins/com.st.stm32cube.ide.mcu.externaltools.gnu-tools-for-stm32.10.3-2021.10.win32_1.0.200.202301161003/tools/bin/../lib/gcc/arm-none-eabi/10.3.1/../../../../arm-none-eabi/lib/thumb/v7e-m+fp/hard\libc_nano.a(lib_a-findfp.o) (_fwalk)
c:/st/stm32cubeide_1.12.1/stm32cubeide/plugins/com.st.stm32cube.ide.mcu.externaltools.gnu-tools-for-stm32.10.3-2021.10.win32_1.0.200.202301161003/tools/bin/../lib/gcc/arm-none-eabi/10.3.1/../../../../arm-none-eabi/lib/thumb/v7e-m+fp/hard\libc_nano.a(lib_a-impure.o)
                              c:/st/stm32cubeide_1.12.1/stm32cubeide/plugins/com.st.stm32cube.ide.mcu.externaltools.gnu-tools-for-stm32.10.3-2021.10.win32_1.0.200.202301161003/tools/bin/../lib/gcc/arm-none-eabi/10.3.1/../../../../arm-none-eabi/lib/thumb/v7e-m+fp/hard\libc_nano.a(lib_a-exit.o) (_global_impure_ptr)
c:/st/stm32cubeide_1.12.1/stm32cubeide/plugins/com.st.stm32cube.ide.mcu.externaltools.gnu-tools-for-stm32.10.3-2021.10.win32_1.0.200.202301161003/tools/bin/../lib/gcc/arm-none-eabi/10.3.1/../../../../arm-none-eabi/lib/thumb/v7e-m+fp/hard\libc_nano.a(lib_a-init.o)
                              c:/st/stm32cubeide_1.12.1/stm32cubeide/plugins/com.st.stm32cube.ide.mcu.externaltools.gnu-tools-for-stm32.10.3-2021.10.win32_1.0.200.202301161003/tools/bin/../lib/gcc/arm-none-eabi/10.3.1/../../../../arm-none-eabi/lib/thumb/v7e-m+fp/hard/crt0.o (__libc_init_array)
c:/st/stm32cubeide_1.12.1/stm32cubeide/plugins/com.st.stm32cube.ide.mcu.externaltools.gnu-tools-for-stm32.10.3-2021.10.win32_1.0.200.202301161003/tools/bin/../lib/gcc/arm-none-eabi/10.3.1/../../../../arm-none-eabi/lib/thumb/v7e-m+fp/hard\libc_nano.a(lib_a-lock.o)
                              c:/st/stm32cubeide_1.12.1/stm32cubeide/plugins/com.st.stm32cube.ide.mcu.externaltools.gnu-tools-for-stm32.10.3-2021.10.win32_1.0.200.202301161003/tools/bin/../lib/gcc/arm-none-eabi/10.3.1/../../../../arm-none-eabi/lib/thumb/v7e-m+fp/hard\libc_nano.a(lib_a-findfp.o) (__retarget_lock_init_recursive)
c:/st/stm32cubeide_1.12.1/stm32cubeide/plugins/com.st.stm32cube.ide.mcu.externaltools.gnu-tools-for-stm32.10.3-2021.10.win32_1.0.200.202301161003/tools/bin/../lib/gcc/arm-none-eabi/10.3.1/../../../../arm-none-eabi/lib/thumb/v7e-m+fp/hard\libc_nano.a(lib_a-memcpy-stub.o)
                              ./Middlewares/Third_Party/FreeRTOS/Source/CMSIS_RTOS_V2/cmsis_os2.o (memcpy)
c:/st/stm32cubeide_1.12.1/stm32cubeide/plugins/com.st.stm32cube.ide.mcu.externaltools.gnu-tools-for-stm32.10.3-2021.10.win32_1.0.200.202301161003/tools/bin/../lib/gcc/arm-none-eabi/10.3.1/../../../../arm-none-eabi/lib/thumb/v7e-m+fp/hard\libc_nano.a(lib_a-memset.o)
                              c:/st/stm32cubeide_1.12.1/stm32cubeide/plugins/com.st.stm32cube.ide.mcu.externaltools.gnu-tools-for-stm32.10.3-2021.10.win32_1.0.200.202301161003/tools/bin/../lib/gcc/arm-none-eabi/10.3.1/../../../../arm-none-eabi/lib/thumb/v7e-m+fp/hard/crt0.o (memset)
c:/st/stm32cubeide_1.12.1/stm32cubeide/plugins/com.st.stm32cube.ide.mcu.externaltools.gnu-tools-for-stm32.10.3-2021.10.win32_1.0.200.202301161003/tools/bin/../lib/gcc/arm-none-eabi/10.3.1/../../../../arm-none-eabi/lib/thumb/v7e-m+fp/hard\libc_nano.a(lib_a-nano-mallocr.o)
[...]
Memory Configuration

Name             Origin             Length             Attributes
RAM              0x0000000020000000 0x0000000000020000 xrw
FLASH            0x0000000008000000 0x0000000000080000 xr
*default*        0x0000000000000000 0xffffffffffffffff

Linker script and memory map

LOAD c:/st/stm32cubeide_1.12.1/stm32cubeide/plugins/com.st.stm32cube.ide.mcu.externaltools.gnu-tools-for-stm32.10.3-2021.10.win32_1.0.200.202301161003/tools/bin/../lib/gcc/arm-none-eabi/10.3.1/thumb/v7e-m+fp/hard/crti.o
LOAD c:/st/stm32cubeide_1.12.1/stm32cubeide/plugins/com.st.stm32cube.ide.mcu.externaltools.gnu-tools-for-stm32.10.3-2021.10.win32_1.0.200.202301161003/tools/bin/../lib/gcc/arm-none-eabi/10.3.1/thumb/v7e-m+fp/hard/crtbegin.o
LOAD c:/st/stm32cubeide_1.12.1/stm32cubeide/plugins/com.st.stm32cube.ide.mcu.externaltools.gnu-tools-for-stm32.10.3-2021.10.win32_1.0.200.202301161003/tools/bin/../lib/gcc/arm-none-eabi/10.3.1/../../../../arm-none-eabi/lib/thumb/v7e-m+fp/hard/crt0.o
LOAD ./Core/Src/app_freertos.o
LOAD ./Core/Src/battery.o
LOAD ./Core/Src/buttons.o
LOAD ./Core/Src/communicationStateMachine.o
LOAD ./Core/Src/lcd_hd44780_i2c.o
LOAD ./Core/Src/lineSensors_v2.o
LOAD ./Core/Src/main.o
LOAD ./Core/Src/motorEncoder.o
LOAD ./Core/Src/pid.o
LOAD ./Core/Src/stm32g4xx_hal_msp.o
LOAD ./Core/Src/stm32g4xx_hal_timebase_tim.o
LOAD ./Core/Src/stm32g4xx_it.o
LOAD ./Core/Src/syscalls.o
LOAD ./Core/Src/sysmem.o
LOAD ./Core/Src/system_stm32g4xx.o
LOAD ./Core/Startup/startup_stm32g474retx.o
LOAD ./Drivers/STM32G4xx_HAL_Driver/Src/stm32g4xx_hal.o
LOAD ./Drivers/STM32G4xx_HAL_Driver/Src/stm32g4xx_hal_adc.o
LOAD ./Drivers/STM32G4xx_HAL_Driver/Src/stm32g4xx_hal_adc_ex.o
LOAD ./Drivers/STM32G4xx_HAL_Driver/Src/stm32g4xx_hal_cortex.o
LOAD ./Drivers/STM32G4xx_HAL_Driver/Src/stm32g4xx_hal_dma.o
LOAD ./Drivers/STM32G4xx_HAL_Driver/Src/stm32g4xx_hal_dma_ex.o
LOAD ./Drivers/STM32G4xx_HAL_Driver/Src/stm32g4xx_hal_exti.o
LOAD ./Drivers/STM32G4xx_HAL_Driver/Src/stm32g4xx_hal_flash.o
LOAD ./Drivers/STM32G4xx_HAL_Driver/Src/stm32g4xx_hal_flash_ex.o
LOAD ./Drivers/STM32G4xx_HAL_Driver/Src/stm32g4xx_hal_flash_ramfunc.o
LOAD ./Drivers/STM32G4xx_HAL_Driver/Src/stm32g4xx_hal_gpio.o
LOAD ./Drivers/STM32G4xx_HAL_Driver/Src/stm32g4xx_hal_i2c.o
LOAD ./Drivers/STM32G4xx_HAL_Driver/Src/stm32g4xx_hal_i2c_ex.o
LOAD ./Drivers/STM32G4xx_HAL_Driver/Src/stm32g4xx_hal_opamp.o
LOAD ./Drivers/STM32G4xx_HAL_Driver/Src/stm32g4xx_hal_opamp_ex.o
LOAD ./Drivers/STM32G4xx_HAL_Driver/Src/stm32g4xx_hal_pwr.o
LOAD ./Drivers/STM32G4xx_HAL_Driver/Src/stm32g4xx_hal_pwr_ex.o
LOAD ./Drivers/STM32G4xx_HAL_Driver/Src/stm32g4xx_hal_rcc.o
LOAD ./Drivers/STM32G4xx_HAL_Driver/Src/stm32g4xx_hal_rcc_ex.o
LOAD ./Drivers/STM32G4xx_HAL_Driver/Src/stm32g4xx_hal_tim.o
LOAD ./Drivers/STM32G4xx_HAL_Driver/Src/stm32g4xx_hal_tim_ex.o
LOAD ./Drivers/STM32G4xx_HAL_Driver/Src/stm32g4xx_hal_uart.o
LOAD ./Drivers/STM32G4xx_HAL_Driver/Src/stm32g4xx_hal_uart_ex.o
LOAD ./Drivers/STM32G4xx_HAL_Driver/Src/stm32g4xx_ll_adc.o
LOAD ./Middlewares/Third_Party/FreeRTOS/Source/CMSIS_RTOS_V2/cmsis_os2.o
LOAD ./Middlewares/Third_Party/FreeRTOS/Source/croutine.o
LOAD ./Middlewares/Third_Party/FreeRTOS/Source/event_groups.o
LOAD ./Middlewares/Third_Party/FreeRTOS/Source/list.o
LOAD ./Middlewares/Third_Party/FreeRTOS/Source/queue.o
LOAD ./Middlewares/Third_Party/FreeRTOS/Source/stream_buffer.o
LOAD ./Middlewares/Third_Party/FreeRTOS/Source/tasks.o
LOAD ./Middlewares/Third_Party/FreeRTOS/Source/timers.o
LOAD ./Middlewares/Third_Party/FreeRTOS/Source/portable/GCC/ARM_CM4F/port.o
LOAD ./Middlewares/Third_Party/FreeRTOS/Source/portable/MemMang/heap_4.o
START GROUP
LOAD c:/st/stm32cubeide_1.12.1/stm32cubeide/plugins/com.st.stm32cube.ide.mcu.externaltools.gnu-tools-for-stm32.10.3-2021.10.win32_1.0.200.202301161003/tools/bin/../lib/gcc/arm-none-eabi/10.3.1/../../../../arm-none-eabi/lib/thumb/v7e-m+fp/hard\libc_nano.a
LOAD c:/st/stm32cubeide_1.12.1/stm32cubeide/plugins/com.st.stm32cube.ide.mcu.externaltools.gnu-tools-for-stm32.10.3-2021.10.win32_1.0.200.202301161003/tools/bin/../lib/gcc/arm-none-eabi/10.3.1/../../../../arm-none-eabi/lib/thumb/v7e-m+fp/hard\libm.a
END GROUP
START GROUP
LOAD c:/st/stm32cubeide_1.12.1/stm32cubeide/plugins/com.st.stm32cube.ide.mcu.externaltools.gnu-tools-for-stm32.10.3-2021.10.win32_1.0.200.202301161003/tools/bin/../lib/gcc/arm-none-eabi/10.3.1/thumb/v7e-m+fp/hard\libgcc.a
LOAD c:/st/stm32cubeide_1.12.1/stm32cubeide/plugins/com.st.stm32cube.ide.mcu.externaltools.gnu-tools-for-stm32.10.3-2021.10.win32_1.0.200.202301161003/tools/bin/../lib/gcc/arm-none-eabi/10.3.1/../../../../arm-none-eabi/lib/thumb/v7e-m+fp/hard\libc_nano.a
END GROUP
START GROUP
LOAD c:/st/stm32cubeide_1.12.1/stm32cubeide/plugins/com.st.stm32cube.ide.mcu.externaltools.gnu-tools-for-stm32.10.3-2021.10.win32_1.0.200.202301161003/tools/bin/../lib/gcc/arm-none-eabi/10.3.1/thumb/v7e-m+fp/hard\libgcc.a
LOAD c:/st/stm32cubeide_1.12.1/stm32cubeide/plugins/com.st.stm32cube.ide.mcu.externaltools.gnu-tools-for-stm32.10.3-2021.10.win32_1.0.200.202301161003/tools/bin/../lib/gcc/arm-none-eabi/10.3.1/../../../../arm-none-eabi/lib/thumb/v7e-m+fp/hard\libc_nano.a
LOAD c:/st/stm32cubeide_1.12.1/stm32cubeide/plugins/com.st.stm32cube.ide.mcu.externaltools.gnu-tools-for-stm32.10.3-2021.10.win32_1.0.200.202301161003/tools/bin/../lib/gcc/arm-none-eabi/10.3.1/../../../../arm-none-eabi/lib/thumb/v7e-m+fp/hard\libnosys.a
END GROUP
START GROUP
LOAD c:/st/stm32cubeide_1.12.1/stm32cubeide/plugins/com.st.stm32cube.ide.mcu.externaltools.gnu-tools-for-stm32.10.3-2021.10.win32_1.0.200.202301161003/tools/bin/../lib/gcc/arm-none-eabi/10.3.1/thumb/v7e-m+fp/hard\libgcc.a
LOAD c:/st/stm32cubeide_1.12.1/stm32cubeide/plugins/com.st.stm32cube.ide.mcu.externaltools.gnu-tools-for-stm32.10.3-2021.10.win32_1.0.200.202301161003/tools/bin/../lib/gcc/arm-none-eabi/10.3.1/../../../../arm-none-eabi/lib/thumb/v7e-m+fp/hard\libc_nano.a
LOAD c:/st/stm32cubeide_1.12.1/stm32cubeide/plugins/com.st.stm32cube.ide.mcu.externaltools.gnu-tools-for-stm32.10.3-2021.10.win32_1.0.200.202301161003/tools/bin/../lib/gcc/arm-none-eabi/10.3.1/../../../../arm-none-eabi/lib/thumb/v7e-m+fp/hard\libnosys.a
END GROUP
LOAD c:/st/stm32cubeide_1.12.1/stm32cubeide/plugins/com.st.stm32cube.ide.mcu.externaltools.gnu-tools-for-stm32.10.3-2021.10.win32_1.0.200.202301161003/tools/bin/../lib/gcc/arm-none-eabi/10.3.1/thumb/v7e-m+fp/hard/crtend.o
LOAD c:/st/stm32cubeide_1.12.1/stm32cubeide/plugins/com.st.stm32cube.ide.mcu.externaltools.gnu-tools-for-stm32.10.3-2021.10.win32_1.0.200.202301161003/tools/bin/../lib/gcc/arm-none-eabi/10.3.1/thumb/v7e-m+fp/hard/crtn.o
                0x0000000020020000                _estack = (ORIGIN (RAM) + LENGTH (RAM))
                0x0000000000000200                _Min_Heap_Size = 0x200
                0x0000000000000400                _Min_Stack_Size = 0x400

.isr_vector     0x0000000008000000      0x1d8
                0x0000000008000000                . = ALIGN (0x4)
 *(.isr_vector)
 .isr_vector    0x0000000008000000      0x1d8 ./Core/Startup/startup_stm32g474retx.o
                0x0000000008000000                g_pfnVectors
                0x00000000080001d8                . = ALIGN (0x4)

.text           0x00000000080001e0    0x117c8
                0x00000000080001e0                . = ALIGN (0x4)
 *(.text)
 .text          0x00000000080001e0       0x40 c:/st/stm32cubeide_1.12.1/stm32cubeide/plugins/com.st.stm32cube.ide.mcu.externaltools.gnu-tools-for-stm32.10.3-2021.10.win32_1.0.200.202301161003/tools/bin/../lib/gcc/arm-none-eabi/10.3.1/thumb/v7e-m+fp/hard/crtbegin.o
 .text          0x0000000008000220       0xa0 c:/st/stm32cubeide_1.12.1/stm32cubeide/plugins/com.st.stm32cube.ide.mcu.externaltools.gnu-tools-for-stm32.10.3-2021.10.win32_1.0.200.202301161003/tools/bin/../lib/gcc/arm-none-eabi/10.3.1/../../../../arm-none-eabi/lib/thumb/v7e-m+fp/hard\libc_nano.a(lib_a-memchr.o)
                0x0000000008000220                memchr
 .text          0x00000000080002c0      0x378 c:/st/stm32cubeide_1.12.1/stm32cubeide/plugins/com.st.stm32cube.ide.mcu.externaltools.gnu-tools-for-stm32.10.3-2021.10.win32_1.0.200.202301161003/tools/bin/../lib/gcc/arm-none-eabi/10.3.1/thumb/v7e-m+fp/hard\libgcc.a(_arm_addsubdf3.o)
                0x00000000080002c0                __aeabi_drsub
                0x00000000080002c8                __aeabi_dsub
                0x00000000080002c8                __subdf3
                0x00000000080002cc                __aeabi_dadd
                0x00000000080002cc                __adddf3
                0x0000000008000544                __floatunsidf
                0x0000000008000544                __aeabi_ui2d
                0x0000000008000564                __floatsidf
                0x0000000008000564                __aeabi_i2d
                0x0000000008000588                __aeabi_f2d
                0x0000000008000588                __extendsfdf2
                0x00000000080005cc                __floatundidf
                0x00000000080005cc                __aeabi_ul2d
                0x00000000080005dc                __floatdidf
                0x00000000080005dc                __aeabi_l2d
 .text          0x0000000008000638      0x424 c:/st/stm32cubeide_1.12.1/stm32cubeide/plugins/com.st.stm32cube.ide.mcu.externaltools.gnu-tools-for-stm32.10.3-2021.10.win32_1.0.200.202301161003/tools/bin/../lib/gcc/arm-none-eabi/10.3.1/thumb/v7e-m+fp/hard\libgcc.a(_arm_muldivdf3.o)
                0x0000000008000638                __aeabi_dmul
                0x0000000008000638                __muldf3
                0x000000000800088c                __divdf3
                0x000000000800088c                __aeabi_ddiv
 .text          0x0000000008000a5c       0xa0 c:/st/stm32cubeide_1.12.1/stm32cubeide/plugins/com.st.stm32cube.ide.mcu.externaltools.gnu-tools-for-stm32.10.3-2021.10.win32_1.0.200.202301161003/tools/bin/../lib/gcc/arm-none-eabi/10.3.1/thumb/v7e-m+fp/hard\libgcc.a(_arm_truncdfsf2.o)
                0x0000000008000a5c                __truncdfsf2
                0x0000000008000a5c                __aeabi_d2f
 .text          0x0000000008000afc      0x21c c:/st/stm32cubeide_1.12.1/stm32cubeide/plugins/com.st.stm32cube.ide.mcu.externaltools.gnu-tools-for-stm32.10.3-2021.10.win32_1.0.200.202301161003/tools/bin/../lib/gcc/arm-none-eabi/10.3.1/thumb/v7e-m+fp/hard\libgcc.a(_arm_addsubsf3.o)
                0x0000000008000afc                __aeabi_frsub
                0x0000000008000b04                __subsf3
                0x0000000008000b04                __aeabi_fsub
                0x0000000008000b08                __aeabi_fadd
                0x0000000008000b08                __addsf3
                0x0000000008000c68                __aeabi_ui2f
                0x0000000008000c68                __floatunsisf
                0x0000000008000c70                __aeabi_i2f
                0x0000000008000c70                __floatsisf
                0x0000000008000c8c                __aeabi_ul2f
                0x0000000008000c8c                __floatundisf
                0x0000000008000c9c                __aeabi_l2f
                0x0000000008000c9c                __floatdisf
 .text          0x0000000008000d18       0x30 c:/st/stm32cubeide_1.12.1/stm32cubeide/plugins/com.st.stm32cube.ide.mcu.externaltools.gnu-tools-for-stm32.10.3-2021.10.win32_1.0.200.202301161003/tools/bin/../lib/gcc/arm-none-eabi/10.3.1/thumb/v7e-m+fp/hard\libgcc.a(_aeabi_uldivmod.o)
                0x0000000008000d18                __aeabi_uldivmod
 .text          0x0000000008000d48      0x2d0 c:/st/stm32cubeide_1.12.1/stm32cubeide/plugins/com.st.stm32cube.ide.mcu.externaltools.gnu-tools-for-stm32.10.3-2021.10.win32_1.0.200.202301161003/tools/bin/../lib/gcc/arm-none-eabi/10.3.1/thumb/v7e-m+fp/hard\libgcc.a(_udivmoddi4.o)
                0x0000000008000d48                __udivmoddi4
 .text          0x0000000008001018        0x4 c:/st/stm32cubeide_1.12.1/stm32cubeide/plugins/com.st.stm32cube.ide.mcu.externaltools.gnu-tools-for-stm32.10.3-2021.10.win32_1.0.200.202301161003/tools/bin/../lib/gcc/arm-none-eabi/10.3.1/thumb/v7e-m+fp/hard\libgcc.a(_dvmd_tls.o)
                0x0000000008001018                __aeabi_idiv0
                0x0000000008001018                __aeabi_ldiv0
 *(.text*)
 .text.HAL_GPIO_EXTI_Callback
                0x000000000800101c       0x30 ./Core/Src/app_freertos.o
                0x000000000800101c                HAL_GPIO_EXTI_Callback
 .text.task_Controle
                0x000000000800104c      0x208 ./Core/Src/app_freertos.o
                0x000000000800104c                task_Controle
 .text.task_Sensores
                0x0000000008001254       0x88 ./Core/Src/app_freertos.o
                0x0000000008001254                task_Sensores
 .text.task_Bluetooth
                0x00000000080012dc       0x10 ./Core/Src/app_freertos.o
                0x00000000080012dc                task_Bluetooth
 .text.task_Odometria
                0x00000000080012ec      0x128 ./Core/Src/app_freertos.o
                0x00000000080012ec                task_Odometria
 .text.task_LvBateria
                0x0000000008001414       0x4c ./Core/Src/app_freertos.o
                0x0000000008001414                task_LvBateria
 .text.task_display
                0x0000000008001460      0x170 ./Core/Src/app_freertos.o
                0x0000000008001460                task_display
 .text.vBatteryInit
                0x00000000080015d0       0x34 ./Core/Src/battery.o
                0x00000000080015d0                vBatteryInit
 .text.usBatteryGetCharge
                0x0000000008001604       0x74 ./Core/Src/battery.o
                0x0000000008001604                usBatteryGetCharge
 .text.lcdInit  0x0000000008001678      0x164 ./Core/Src/lcd_hd44780_i2c.o
                0x0000000008001678                lcdInit
 .text.lcdCommand
                0x00000000080017dc      0x1dc ./Core/Src/lcd_hd44780_i2c.o
                0x00000000080017dc                lcdCommand
 .text.lcdSetCursorPosition
                0x00000000080019b8       0x58 ./Core/Src/lcd_hd44780_i2c.o
                0x00000000080019b8                lcdSetCursorPosition
 .text.lcdPrintStr
                0x0000000008001a10       0x42 ./Core/Src/lcd_hd44780_i2c.o
                0x0000000008001a10                lcdPrintStr
 *fill*         0x0000000008001a52        0x2 
 .text.lcdWriteByte
                0x0000000008001a54       0xe4 ./Core/Src/lcd_hd44780_i2c.o
 .text.main     0x0000000008001b38      0x1c8 ./Core/Src/main.o
                0x0000000008001b38                main
 .text.SystemClock_Config
                0x0000000008001d00       0x96 ./Core/Src/main.o
                0x0000000008001d00                SystemClock_Config
 *fill*         0x0000000008001d96        0x2 
 .text.MX_ADC1_Init
                0x0000000008001d98      0x128 ./Core/Src/main.o
 .text.MX_ADC2_Init
                0x0000000008001ec0       0xe4 ./Core/Src/main.o
 .text.MX_ADC3_Init
                0x0000000008001fa4      0x108 ./Core/Src/main.o
 .text.MX_ADC4_Init
                0x00000000080020ac       0xe4 ./Core/Src/main.o
 .text.MX_ADC5_Init
                0x0000000008002190       0xe4 ./Core/Src/main.o
 .text.MX_I2C2_Init
                0x0000000008002274       0x80 ./Core/Src/main.o
 .text.MX_LPUART1_UART_Init
                0x00000000080022f4       0x94 ./Core/Src/main.o
 .text.MX_USART3_UART_Init
                0x0000000008002388       0x98 ./Core/Src/main.o
 .text.MX_OPAMP1_Init
                0x0000000008002420       0x58 ./Core/Src/main.o
 .text.MX_OPAMP2_Init
                0x0000000008002478       0x58 ./Core/Src/main.o
 .text.MX_TIM1_Init
                0x00000000080024d0      0x178 ./Core/Src/main.o
 .text.MX_TIM2_Init
                0x0000000008002648       0x9c ./Core/Src/main.o
 .text.MX_TIM3_Init
                0x00000000080026e4       0xe0 ./Core/Src/main.o
 .text.MX_TIM8_Init
                0x00000000080027c4      0x160 ./Core/Src/main.o
 .text.MX_TIM16_Init
                0x0000000008002924       0x94 ./Core/Src/main.o
 .text.MX_TIM17_Init
                0x00000000080029b8       0x94 ./Core/Src/main.o
 .text.MX_TIM20_Init
                0x0000000008002a4c      0x160 ./Core/Src/main.o
 .text.MX_DMA_Init
                0x0000000008002bac       0xcc ./Core/Src/main.o
 .text.MX_GPIO_Init
                0x0000000008002c78      0x1a0 ./Core/Src/main.o
 .text.HAL_TIM_IC_CaptureCallback
                0x0000000008002e18       0x3c ./Core/Src/main.o
                0x0000000008002e18                HAL_TIM_IC_CaptureCallback
 .text.task_Main
                0x0000000008002e54       0x10 ./Core/Src/main.o
                0x0000000008002e54                task_Main
 .text.HAL_TIM_PeriodElapsedCallback
                0x0000000008002e64       0x4c ./Core/Src/main.o
                0x0000000008002e64                HAL_TIM_PeriodElapsedCallback
 .text.Error_Handler
                0x0000000008002eb0        0xa ./Core/Src/main.o
                0x0000000008002eb0                Error_Handler
 *fill*         0x0000000008002eba        0x2 
 .text.vMotorEncoderSetDirection
                0x0000000008002ebc      0x17c ./Core/Src/motorEncoder.o
 .text.vMotorEncoderInitMotors
                0x0000000008003038       0xa4 ./Core/Src/motorEncoder.o
                0x0000000008003038                vMotorEncoderInitMotors
 .text.vMotorEncoderControlMotor
                0x00000000080030dc      0x134 ./Core/Src/motorEncoder.o
                0x00000000080030dc                vMotorEncoderControlMotor
 .text.vMotorEncoderInitEncoders
                0x0000000008003210       0x68 ./Core/Src/motorEncoder.o
                0x0000000008003210                vMotorEncoderInitEncoders
 .text.fMotorEncoderReadVelocity
                0x0000000008003278       0x3c ./Core/Src/motorEncoder.o
                0x0000000008003278                fMotorEncoderReadVelocity
 .text.vMotorEncoderHandleTimerReset
                0x00000000080032b4       0x98 ./Core/Src/motorEncoder.o
                0x00000000080032b4                vMotorEncoderHandleTimerReset
 .text.vMotorEncoderHandleTimerCapture
                0x000000000800334c      0x1e8 ./Core/Src/motorEncoder.o
                0x000000000800334c                vMotorEncoderHandleTimerCapture
 .text.vPidInit
                0x0000000008003534       0x56 ./Core/Src/pid.o
                0x0000000008003534                vPidInit
 *fill*         0x000000000800358a        0x6 
 .text.fPidUpdateData
                0x0000000008003590      0x170 ./Core/Src/pid.o
                0x0000000008003590                fPidUpdateData
 .text.HAL_MspInit
                0x0000000008003700       0x54 ./Core/Src/stm32g4xx_hal_msp.o
                0x0000000008003700                HAL_MspInit
 .text.HAL_ADC_MspInit
                0x0000000008003754      0x54c ./Core/Src/stm32g4xx_hal_msp.o
                0x0000000008003754                HAL_ADC_MspInit
 .text.HAL_I2C_MspInit
                0x0000000008003ca0      0x1c4 ./Core/Src/stm32g4xx_hal_msp.o
                0x0000000008003ca0                HAL_I2C_MspInit
 .text.HAL_UART_MspInit
                0x0000000008003e64      0x140 ./Core/Src/stm32g4xx_hal_msp.o
                0x0000000008003e64                HAL_UART_MspInit
 .text.HAL_OPAMP_MspInit
                0x0000000008003fa4       0xa8 ./Core/Src/stm32g4xx_hal_msp.o
                0x0000000008003fa4                HAL_OPAMP_MspInit
 .text.HAL_TIM_Base_MspInit
                0x000000000800404c      0x234 ./Core/Src/stm32g4xx_hal_msp.o
                0x000000000800404c                HAL_TIM_Base_MspInit
 .text.HAL_TIM_MspPostInit
                0x0000000008004280      0x108 ./Core/Src/stm32g4xx_hal_msp.o
                0x0000000008004280                HAL_TIM_MspPostInit
 .text.HAL_InitTick
                0x0000000008004388       0xd8 ./Core/Src/stm32g4xx_hal_timebase_tim.o
                0x0000000008004388                HAL_InitTick
 .text.NMI_Handler
                0x0000000008004460        0x6 ./Core/Src/stm32g4xx_it.o
                0x0000000008004460                NMI_Handler
 .text.HardFault_Handler
                0x0000000008004466        0x6 ./Core/Src/stm32g4xx_it.o
                0x0000000008004466                HardFault_Handler
 .text.MemManage_Handler
                0x000000000800446c        0x6 ./Core/Src/stm32g4xx_it.o
                0x000000000800446c                MemManage_Handler
 .text.BusFault_Handler
                0x0000000008004472        0x6 ./Core/Src/stm32g4xx_it.o
                0x0000000008004472                BusFault_Handler
 .text.UsageFault_Handler
                0x0000000008004478        0x6 ./Core/Src/stm32g4xx_it.o
                0x0000000008004478                UsageFault_Handler
 .text.DebugMon_Handler
                0x000000000800447e        0xe ./Core/Src/stm32g4xx_it.o
                0x000000000800447e                DebugMon_Handler
 .text.EXTI2_IRQHandler
                0x000000000800448c        0xe ./Core/Src/stm32g4xx_it.o
                0x000000000800448c                EXTI2_IRQHandler
 *fill*         0x000000000800449a        0x2 
 .text.DMA1_Channel1_IRQHandler
                0x000000000800449c       0x14 ./Core/Src/stm32g4xx_it.o
                0x000000000800449c                DMA1_Channel1_IRQHandler
 .text.DMA1_Channel2_IRQHandler
                0x00000000080044b0       0x14 ./Core/Src/stm32g4xx_it.o
                0x00000000080044b0                DMA1_Channel2_IRQHandler
 .text.DMA1_Channel3_IRQHandler
                0x00000000080044c4       0x14 ./Core/Src/stm32g4xx_it.o
                0x00000000080044c4                DMA1_Channel3_IRQHandler
 .text.DMA1_Channel4_IRQHandler
                0x00000000080044d8       0x14 ./Core/Src/stm32g4xx_it.o
                0x00000000080044d8                DMA1_Channel4_IRQHandler
 .text.DMA1_Channel5_IRQHandler
                0x00000000080044ec       0x14 ./Core/Src/stm32g4xx_it.o
                0x00000000080044ec                DMA1_Channel5_IRQHandler
 .text.ADC1_2_IRQHandler
                0x0000000008004500       0x1c ./Core/Src/stm32g4xx_it.o
                0x0000000008004500                ADC1_2_IRQHandler
 .text.TIM1_UP_TIM16_IRQHandler
                0x000000000800451c       0x1c ./Core/Src/stm32g4xx_it.o
                0x000000000800451c                TIM1_UP_TIM16_IRQHandler
 .text.TIM1_TRG_COM_TIM17_IRQHandler
                0x0000000008004538       0x1c ./Core/Src/stm32g4xx_it.o
                0x0000000008004538                TIM1_TRG_COM_TIM17_IRQHandler
 .text.TIM3_IRQHandler
                0x0000000008004554       0x14 ./Core/Src/stm32g4xx_it.o
                0x0000000008004554                TIM3_IRQHandler
 .text.I2C2_EV_IRQHandler
                0x0000000008004568       0x14 ./Core/Src/stm32g4xx_it.o
                0x0000000008004568                I2C2_EV_IRQHandler
 .text.I2C2_ER_IRQHandler
                0x000000000800457c       0x14 ./Core/Src/stm32g4xx_it.o
                0x000000000800457c                I2C2_ER_IRQHandler
 .text.USART3_IRQHandler
                0x0000000008004590       0x14 ./Core/Src/stm32g4xx_it.o
                0x0000000008004590                USART3_IRQHandler
 .text.EXTI15_10_IRQHandler
                0x00000000080045a4       0x10 ./Core/Src/stm32g4xx_it.o
                0x00000000080045a4                EXTI15_10_IRQHandler
 .text.ADC3_IRQHandler
                0x00000000080045b4       0x14 ./Core/Src/stm32g4xx_it.o
                0x00000000080045b4                ADC3_IRQHandler
 .text.TIM6_DAC_IRQHandler
                0x00000000080045c8       0x14 ./Core/Src/stm32g4xx_it.o
                0x00000000080045c8                TIM6_DAC_IRQHandler
 .text.ADC4_IRQHandler
                0x00000000080045dc       0x14 ./Core/Src/stm32g4xx_it.o
                0x00000000080045dc                ADC4_IRQHandler
 .text.ADC5_IRQHandler
                0x00000000080045f0       0x14 ./Core/Src/stm32g4xx_it.o
                0x00000000080045f0                ADC5_IRQHandler
 .text.DMA2_Channel6_IRQHandler
                0x0000000008004604       0x14 ./Core/Src/stm32g4xx_it.o
                0x0000000008004604                DMA2_Channel6_IRQHandler
 .text.DMA2_Channel7_IRQHandler
                0x0000000008004618       0x14 ./Core/Src/stm32g4xx_it.o
                0x0000000008004618                DMA2_Channel7_IRQHandler
 .text._sbrk    0x000000000800462c       0x6c ./Core/Src/sysmem.o
                0x000000000800462c                _sbrk
 .text.SystemInit
                0x0000000008004698       0x24 ./Core/Src/system_stm32g4xx.o
                0x0000000008004698                SystemInit
 .text.Reset_Handler
                0x00000000080046bc       0x50 ./Core/Startup/startup_stm32g474retx.o
                0x00000000080046bc                Reset_Handler
 .text.Default_Handler
                0x000000000800470c        0x2 ./Core/Startup/startup_stm32g474retx.o
                0x000000000800470c                RTC_Alarm_IRQHandler
                0x000000000800470c                TIM8_TRG_COM_IRQHandler
                0x000000000800470c                TIM8_CC_IRQHandler
                0x000000000800470c                HRTIM1_Master_IRQHandler
                0x000000000800470c                SPI4_IRQHandler
                0x000000000800470c                FDCAN3_IT0_IRQHandler
                0x000000000800470c                TIM1_CC_IRQHandler
                0x000000000800470c                HRTIM1_FLT_IRQHandler
                0x000000000800470c                HRTIM1_TIMF_IRQHandler
                0x000000000800470c                USB_HP_IRQHandler
                0x000000000800470c                CORDIC_IRQHandler
                0x000000000800470c                HRTIM1_TIMD_IRQHandler
                0x000000000800470c                DMA2_Channel8_IRQHandler
                0x000000000800470c                EXTI3_IRQHandler
                0x000000000800470c                I2C3_ER_IRQHandler
                0x000000000800470c                EXTI0_IRQHandler
                0x000000000800470c                FPU_IRQHandler
                0x000000000800470c                FDCAN1_IT1_IRQHandler
                0x000000000800470c                HRTIM1_TIME_IRQHandler
                0x000000000800470c                SPI1_IRQHandler
                0x000000000800470c                HRTIM1_TIMC_IRQHandler
                0x000000000800470c                TIM8_UP_IRQHandler
                0x000000000800470c                DMA2_Channel2_IRQHandler
                0x000000000800470c                TIM20_TRG_COM_IRQHandler
                0x000000000800470c                DMA1_Channel7_IRQHandler
                0x000000000800470c                UART5_IRQHandler
                0x000000000800470c                TIM4_IRQHandler
                0x000000000800470c                DMA2_Channel1_IRQHandler
                0x000000000800470c                QUADSPI_IRQHandler
                0x000000000800470c                I2C1_EV_IRQHandler
                0x000000000800470c                DMA1_Channel6_IRQHandler
                0x000000000800470c                UART4_IRQHandler
                0x000000000800470c                DMA2_Channel4_IRQHandler
                0x000000000800470c                RCC_IRQHandler
                0x000000000800470c                TIM20_UP_IRQHandler
                0x000000000800470c                Default_Handler
                0x000000000800470c                RTC_TAMP_LSECSS_IRQHandler
                0x000000000800470c                FMAC_IRQHandler
                0x000000000800470c                DMA1_Channel8_IRQHandler
                0x000000000800470c                HRTIM1_TIMA_IRQHandler
                0x000000000800470c                TIM7_DAC_IRQHandler
                0x000000000800470c                FDCAN3_IT1_IRQHandler
                0x000000000800470c                TIM5_IRQHandler
                0x000000000800470c                UCPD1_IRQHandler
                0x000000000800470c                I2C3_EV_IRQHandler
                0x000000000800470c                EXTI9_5_IRQHandler
                0x000000000800470c                RTC_WKUP_IRQHandler
                0x000000000800470c                PVD_PVM_IRQHandler
                0x000000000800470c                SPI2_IRQHandler
                0x000000000800470c                DMA2_Channel5_IRQHandler
                0x000000000800470c                CRS_IRQHandler
                0x000000000800470c                USB_LP_IRQHandler
                0x000000000800470c                EXTI4_IRQHandler
                0x000000000800470c                RNG_IRQHandler
                0x000000000800470c                HRTIM1_TIMB_IRQHandler
                0x000000000800470c                FDCAN2_IT1_IRQHandler
                0x000000000800470c                WWDG_IRQHandler
                0x000000000800470c                I2C4_EV_IRQHandler
                0x000000000800470c                FDCAN2_IT0_IRQHandler
                0x000000000800470c                LPUART1_IRQHandler
                0x000000000800470c                FDCAN1_IT0_IRQHandler
                0x000000000800470c                TIM2_IRQHandler
                0x000000000800470c                COMP7_IRQHandler
                0x000000000800470c                COMP1_2_3_IRQHandler
                0x000000000800470c                EXTI1_IRQHandler
                0x000000000800470c                USART2_IRQHandler
                0x000000000800470c                COMP4_5_6_IRQHandler
                0x000000000800470c                TIM20_BRK_IRQHandler
                0x000000000800470c                TIM8_BRK_IRQHandler
                0x000000000800470c                FLASH_IRQHandler
                0x000000000800470c                TIM20_CC_IRQHandler
                0x000000000800470c                USART1_IRQHandler
                0x000000000800470c                SPI3_IRQHandler
                0x000000000800470c                I2C1_ER_IRQHandler
                0x000000000800470c                FMC_IRQHandler
                0x000000000800470c                LPTIM1_IRQHandler
                0x000000000800470c                DMAMUX_OVR_IRQHandler
                0x000000000800470c                I2C4_ER_IRQHandler
                0x000000000800470c                USBWakeUp_IRQHandler
                0x000000000800470c                SAI1_IRQHandler
                0x000000000800470c                DMA2_Channel3_IRQHandler
                0x000000000800470c                TIM1_BRK_TIM15_IRQHandler
 .text.HAL_Init
                0x000000000800470e       0x30 ./Drivers/STM32G4xx_HAL_Driver/Src/stm32g4xx_hal.o
                0x000000000800470e                HAL_Init
 *fill*         0x000000000800473e        0x2 
 .text.HAL_IncTick
                0x0000000008004740       0x24 ./Drivers/STM32G4xx_HAL_Driver/Src/stm32g4xx_hal.o
                0x0000000008004740                HAL_IncTick
 .text.HAL_GetTick
                0x0000000008004764       0x18 ./Drivers/STM32G4xx_HAL_Driver/Src/stm32g4xx_hal.o
                0x0000000008004764                HAL_GetTick
 .text.LL_ADC_SetCommonClock
                0x000000000800477c       0x26 ./Drivers/STM32G4xx_HAL_Driver/Src/stm32g4xx_hal_adc.o
 .text.LL_ADC_SetCommonPathInternalCh
                0x00000000080047a2       0x26 ./Drivers/STM32G4xx_HAL_Driver/Src/stm32g4xx_hal_adc.o
 .text.LL_ADC_GetCommonPathInternalCh
                0x00000000080047c8       0x1c ./Drivers/STM32G4xx_HAL_Driver/Src/stm32g4xx_hal_adc.o
 .text.LL_ADC_SetOffset
                0x00000000080047e4       0x48 ./Drivers/STM32G4xx_HAL_Driver/Src/stm32g4xx_hal_adc.o
 .text.LL_ADC_GetOffsetChannel
                0x000000000800482c       0x2c ./Drivers/STM32G4xx_HAL_Driver/Src/stm32g4xx_hal_adc.o
 .text.LL_ADC_SetOffsetState
                0x0000000008004858       0x36 ./Drivers/STM32G4xx_HAL_Driver/Src/stm32g4xx_hal_adc.o
 .text.LL_ADC_SetOffsetSign
                0x000000000800488e       0x36 ./Drivers/STM32G4xx_HAL_Driver/Src/stm32g4xx_hal_adc.o
 .text.LL_ADC_SetOffsetSaturation
                0x00000000080048c4       0x36 ./Drivers/STM32G4xx_HAL_Driver/Src/stm32g4xx_hal_adc.o
 .text.LL_ADC_SetSamplingTimeCommonConfig
                0x00000000080048fa       0x26 ./Drivers/STM32G4xx_HAL_Driver/Src/stm32g4xx_hal_adc.o
 .text.LL_ADC_REG_IsTriggerSourceSWStart
                0x0000000008004920       0x26 ./Drivers/STM32G4xx_HAL_Driver/Src/stm32g4xx_hal_adc.o
 .text.LL_ADC_REG_SetSequencerRanks
                0x0000000008004946       0x58 ./Drivers/STM32G4xx_HAL_Driver/Src/stm32g4xx_hal_adc.o
 .text.LL_ADC_INJ_IsTriggerSourceSWStart
                0x000000000800499e       0x26 ./Drivers/STM32G4xx_HAL_Driver/Src/stm32g4xx_hal_adc.o
 .text.LL_ADC_SetChannelSamplingTime
                0x00000000080049c4       0x56 ./Drivers/STM32G4xx_HAL_Driver/Src/stm32g4xx_hal_adc.o
 *fill*         0x0000000008004a1a        0x2 
 .text.LL_ADC_SetChannelSingleDiff
                0x0000000008004a1c       0x48 ./Drivers/STM32G4xx_HAL_Driver/Src/stm32g4xx_hal_adc.o
 .text.LL_ADC_GetMultimode
                0x0000000008004a64       0x1c ./Drivers/STM32G4xx_HAL_Driver/Src/stm32g4xx_hal_adc.o
 .text.LL_ADC_GetMultiDMATransfer
                0x0000000008004a80       0x1c ./Drivers/STM32G4xx_HAL_Driver/Src/stm32g4xx_hal_adc.o
 .text.LL_ADC_DisableDeepPowerDown
                0x0000000008004a9c       0x24 ./Drivers/STM32G4xx_HAL_Driver/Src/stm32g4xx_hal_adc.o
 .text.LL_ADC_IsDeepPowerDownEnabled
                0x0000000008004ac0       0x28 ./Drivers/STM32G4xx_HAL_Driver/Src/stm32g4xx_hal_adc.o
 .text.LL_ADC_EnableInternalRegulator
                0x0000000008004ae8       0x28 ./Drivers/STM32G4xx_HAL_Driver/Src/stm32g4xx_hal_adc.o
 .text.LL_ADC_IsInternalRegulatorEnabled
                0x0000000008004b10       0x28 ./Drivers/STM32G4xx_HAL_Driver/Src/stm32g4xx_hal_adc.o
 .text.LL_ADC_Enable
                0x0000000008004b38       0x28 ./Drivers/STM32G4xx_HAL_Driver/Src/stm32g4xx_hal_adc.o
 .text.LL_ADC_IsEnabled
                0x0000000008004b60       0x26 ./Drivers/STM32G4xx_HAL_Driver/Src/stm32g4xx_hal_adc.o
 .text.LL_ADC_REG_StartConversion
                0x0000000008004b86       0x28 ./Drivers/STM32G4xx_HAL_Driver/Src/stm32g4xx_hal_adc.o
 .text.LL_ADC_REG_IsConversionOngoing
                0x0000000008004bae       0x26 ./Drivers/STM32G4xx_HAL_Driver/Src/stm32g4xx_hal_adc.o
 .text.LL_ADC_INJ_IsConversionOngoing
                0x0000000008004bd4       0x26 ./Drivers/STM32G4xx_HAL_Driver/Src/stm32g4xx_hal_adc.o
 *fill*         0x0000000008004bfa        0x2 
 .text.HAL_ADC_Init
                0x0000000008004bfc      0x378 ./Drivers/STM32G4xx_HAL_Driver/Src/stm32g4xx_hal_adc.o
                0x0000000008004bfc                HAL_ADC_Init
 .text.HAL_ADC_Start_DMA
                0x0000000008004f74      0x1a8 ./Drivers/STM32G4xx_HAL_Driver/Src/stm32g4xx_hal_adc.o
                0x0000000008004f74                HAL_ADC_Start_DMA
 .text.HAL_ADC_IRQHandler
                0x000000000800511c      0x4c0 ./Drivers/STM32G4xx_HAL_Driver/Src/stm32g4xx_hal_adc.o
                0x000000000800511c                HAL_ADC_IRQHandler
 .text.HAL_ADC_ConvCpltCallback
                0x00000000080055dc       0x14 ./Drivers/STM32G4xx_HAL_Driver/Src/stm32g4xx_hal_adc.o
                0x00000000080055dc                HAL_ADC_ConvCpltCallback
 .text.HAL_ADC_ConvHalfCpltCallback
                0x00000000080055f0       0x14 ./Drivers/STM32G4xx_HAL_Driver/Src/stm32g4xx_hal_adc.o
                0x00000000080055f0                HAL_ADC_ConvHalfCpltCallback
 .text.HAL_ADC_LevelOutOfWindowCallback
                0x0000000008005604       0x14 ./Drivers/STM32G4xx_HAL_Driver/Src/stm32g4xx_hal_adc.o
                0x0000000008005604                HAL_ADC_LevelOutOfWindowCallback
 .text.HAL_ADC_ErrorCallback
                0x0000000008005618       0x14 ./Drivers/STM32G4xx_HAL_Driver/Src/stm32g4xx_hal_adc.o
                0x0000000008005618                HAL_ADC_ErrorCallback
 .text.HAL_ADC_ConfigChannel
                0x000000000800562c      0x880 ./Drivers/STM32G4xx_HAL_Driver/Src/stm32g4xx_hal_adc.o
                0x000000000800562c                HAL_ADC_ConfigChannel
 .text.ADC_Enable
                0x0000000008005eac      0x12c ./Drivers/STM32G4xx_HAL_Driver/Src/stm32g4xx_hal_adc.o
                0x0000000008005eac                ADC_Enable
 .text.ADC_DMAConvCplt
                0x0000000008005fd8       0xd8 ./Drivers/STM32G4xx_HAL_Driver/Src/stm32g4xx_hal_adc.o
                0x0000000008005fd8                ADC_DMAConvCplt
 .text.ADC_DMAHalfConvCplt
                0x00000000080060b0       0x1c ./Drivers/STM32G4xx_HAL_Driver/Src/stm32g4xx_hal_adc.o
                0x00000000080060b0                ADC_DMAHalfConvCplt
 .text.ADC_DMAError
                0x00000000080060cc       0x34 ./Drivers/STM32G4xx_HAL_Driver/Src/stm32g4xx_hal_adc.o
                0x00000000080060cc                ADC_DMAError
 .text.LL_ADC_IsEnabled
                0x0000000008006100       0x26 ./Drivers/STM32G4xx_HAL_Driver/Src/stm32g4xx_hal_adc_ex.o
 .text.LL_ADC_REG_IsConversionOngoing
                0x0000000008006126       0x26 ./Drivers/STM32G4xx_HAL_Driver/Src/stm32g4xx_hal_adc_ex.o
 .text.HAL_ADCEx_InjectedConvCpltCallback
                0x000000000800614c       0x14 ./Drivers/STM32G4xx_HAL_Driver/Src/stm32g4xx_hal_adc_ex.o
                0x000000000800614c                HAL_ADCEx_InjectedConvCpltCallback
 .text.HAL_ADCEx_InjectedQueueOverflowCallback
                0x0000000008006160       0x14 ./Drivers/STM32G4xx_HAL_Driver/Src/stm32g4xx_hal_adc_ex.o
                0x0000000008006160                HAL_ADCEx_InjectedQueueOverflowCallback
 .text.HAL_ADCEx_LevelOutOfWindow2Callback
                0x0000000008006174       0x14 ./Drivers/STM32G4xx_HAL_Driver/Src/stm32g4xx_hal_adc_ex.o
                0x0000000008006174                HAL_ADCEx_LevelOutOfWindow2Callback
 .text.HAL_ADCEx_LevelOutOfWindow3Callback
                0x0000000008006188       0x14 ./Drivers/STM32G4xx_HAL_Driver/Src/stm32g4xx_hal_adc_ex.o
                0x0000000008006188                HAL_ADCEx_LevelOutOfWindow3Callback
 .text.HAL_ADCEx_EndOfSamplingCallback
                0x000000000800619c       0x14 ./Drivers/STM32G4xx_HAL_Driver/Src/stm32g4xx_hal_adc_ex.o
                0x000000000800619c                HAL_ADCEx_EndOfSamplingCallback
 .text.HAL_ADCEx_MultiModeConfigChannel
                0x00000000080061b0      0x210 ./Drivers/STM32G4xx_HAL_Driver/Src/stm32g4xx_hal_adc_ex.o
                0x00000000080061b0                HAL_ADCEx_MultiModeConfigChannel
 .text.__NVIC_SetPriorityGrouping
                0x00000000080063c0       0x48 ./Drivers/STM32G4xx_HAL_Driver/Src/stm32g4xx_hal_cortex.o
 .text.__NVIC_GetPriorityGrouping
                0x0000000008006408       0x1c ./Drivers/STM32G4xx_HAL_Driver/Src/stm32g4xx_hal_cortex.o
 .text.__NVIC_EnableIRQ
                0x0000000008006424       0x3c ./Drivers/STM32G4xx_HAL_Driver/Src/stm32g4xx_hal_cortex.o
 .text.__NVIC_SetPriority
                0x0000000008006460       0x54 ./Drivers/STM32G4xx_HAL_Driver/Src/stm32g4xx_hal_cortex.o
 .text.NVIC_EncodePriority
                0x00000000080064b4       0x66 ./Drivers/STM32G4xx_HAL_Driver/Src/stm32g4xx_hal_cortex.o
 .text.HAL_NVIC_SetPriorityGrouping
                0x000000000800651a       0x16 ./Drivers/STM32G4xx_HAL_Driver/Src/stm32g4xx_hal_cortex.o
                0x000000000800651a                HAL_NVIC_SetPriorityGrouping
 .text.HAL_NVIC_SetPriority
                0x0000000008006530       0x34 ./Drivers/STM32G4xx_HAL_Driver/Src/stm32g4xx_hal_cortex.o
                0x0000000008006530                HAL_NVIC_SetPriority
 .text.HAL_NVIC_EnableIRQ
                0x0000000008006564       0x1c ./Drivers/STM32G4xx_HAL_Driver/Src/stm32g4xx_hal_cortex.o
                0x0000000008006564                HAL_NVIC_EnableIRQ
 .text.HAL_DMA_Init
                0x0000000008006580      0x150 ./Drivers/STM32G4xx_HAL_Driver/Src/stm32g4xx_hal_dma.o
                0x0000000008006580                HAL_DMA_Init
 .text.HAL_DMA_Start_IT
                0x00000000080066d0       0xf6 ./Drivers/STM32G4xx_HAL_Driver/Src/stm32g4xx_hal_dma.o
                0x00000000080066d0                HAL_DMA_Start_IT
 .text.HAL_DMA_Abort
                0x00000000080067c6       0xb2 ./Drivers/STM32G4xx_HAL_Driver/Src/stm32g4xx_hal_dma.o
                0x00000000080067c6                HAL_DMA_Abort
 .text.HAL_DMA_Abort_IT
                0x0000000008006878       0xce ./Drivers/STM32G4xx_HAL_Driver/Src/stm32g4xx_hal_dma.o
                0x0000000008006878                HAL_DMA_Abort_IT
 .text.HAL_DMA_IRQHandler
                0x0000000008006946      0x15e ./Drivers/STM32G4xx_HAL_Driver/Src/stm32g4xx_hal_dma.o
                0x0000000008006946                HAL_DMA_IRQHandler
 .text.HAL_DMA_GetState
                0x0000000008006aa4       0x1c ./Drivers/STM32G4xx_HAL_Driver/Src/stm32g4xx_hal_dma.o
                0x0000000008006aa4                HAL_DMA_GetState
 .text.DMA_SetConfig
                0x0000000008006ac0       0x7c ./Drivers/STM32G4xx_HAL_Driver/Src/stm32g4xx_hal_dma.o
 .text.DMA_CalcDMAMUXChannelBaseAndMask
                0x0000000008006b3c       0x7c ./Drivers/STM32G4xx_HAL_Driver/Src/stm32g4xx_hal_dma.o
 .text.DMA_CalcDMAMUXRequestGenBaseAndMask
                0x0000000008006bb8       0x48 ./Drivers/STM32G4xx_HAL_Driver/Src/stm32g4xx_hal_dma.o
 .text.HAL_GPIO_Init
                0x0000000008006c00      0x304 ./Drivers/STM32G4xx_HAL_Driver/Src/stm32g4xx_hal_gpio.o
                0x0000000008006c00                HAL_GPIO_Init
 .text.HAL_GPIO_ReadPin
                0x0000000008006f04       0x30 ./Drivers/STM32G4xx_HAL_Driver/Src/stm32g4xx_hal_gpio.o
                0x0000000008006f04                HAL_GPIO_ReadPin
 .text.HAL_GPIO_WritePin
                0x0000000008006f34       0x30 ./Drivers/STM32G4xx_HAL_Driver/Src/stm32g4xx_hal_gpio.o
                0x0000000008006f34                HAL_GPIO_WritePin
 .text.HAL_GPIO_EXTI_IRQHandler
                0x0000000008006f64       0x30 ./Drivers/STM32G4xx_HAL_Driver/Src/stm32g4xx_hal_gpio.o
                0x0000000008006f64                HAL_GPIO_EXTI_IRQHandler
 .text.HAL_I2C_Init
                0x0000000008006f94      0x136 ./Drivers/STM32G4xx_HAL_Driver/Src/stm32g4xx_hal_i2c.o
                0x0000000008006f94                HAL_I2C_Init
 *fill*         0x00000000080070ca        0x2 
 .text.HAL_I2C_Master_Transmit_DMA
                0x00000000080070cc      0x228 ./Drivers/STM32G4xx_HAL_Driver/Src/stm32g4xx_hal_i2c.o
                0x00000000080070cc                HAL_I2C_Master_Transmit_DMA
 .text.HAL_I2C_EV_IRQHandler
                0x00000000080072f4       0x34 ./Drivers/STM32G4xx_HAL_Driver/Src/stm32g4xx_hal_i2c.o
                0x00000000080072f4                HAL_I2C_EV_IRQHandler
 .text.HAL_I2C_ER_IRQHandler
                0x0000000008007328       0xc2 ./Drivers/STM32G4xx_HAL_Driver/Src/stm32g4xx_hal_i2c.o
                0x0000000008007328                HAL_I2C_ER_IRQHandler
 .text.HAL_I2C_MasterTxCpltCallback
                0x00000000080073ea       0x14 ./Drivers/STM32G4xx_HAL_Driver/Src/stm32g4xx_hal_i2c.o
                0x00000000080073ea                HAL_I2C_MasterTxCpltCallback
 .text.HAL_I2C_MasterRxCpltCallback
                0x00000000080073fe       0x14 ./Drivers/STM32G4xx_HAL_Driver/Src/stm32g4xx_hal_i2c.o
                0x00000000080073fe                HAL_I2C_MasterRxCpltCallback
 .text.HAL_I2C_SlaveTxCpltCallback
                0x0000000008007412       0x14 ./Drivers/STM32G4xx_HAL_Driver/Src/stm32g4xx_hal_i2c.o
                0x0000000008007412                HAL_I2C_SlaveTxCpltCallback
 .text.HAL_I2C_SlaveRxCpltCallback
                0x0000000008007426       0x14 ./Drivers/STM32G4xx_HAL_Driver/Src/stm32g4xx_hal_i2c.o
                0x0000000008007426                HAL_I2C_SlaveRxCpltCallback
 .text.HAL_I2C_AddrCallback
                0x000000000800743a       0x1c ./Drivers/STM32G4xx_HAL_Driver/Src/stm32g4xx_hal_i2c.o
                0x000000000800743a                HAL_I2C_AddrCallback
 .text.HAL_I2C_ListenCpltCallback
                0x0000000008007456       0x14 ./Drivers/STM32G4xx_HAL_Driver/Src/stm32g4xx_hal_i2c.o
                0x0000000008007456                HAL_I2C_ListenCpltCallback
 .text.HAL_I2C_MemTxCpltCallback
                0x000000000800746a       0x14 ./Drivers/STM32G4xx_HAL_Driver/Src/stm32g4xx_hal_i2c.o
                0x000000000800746a                HAL_I2C_MemTxCpltCallback
 .text.HAL_I2C_MemRxCpltCallback
                0x000000000800747e       0x14 ./Drivers/STM32G4xx_HAL_Driver/Src/stm32g4xx_hal_i2c.o
                0x000000000800747e                HAL_I2C_MemRxCpltCallback
 .text.HAL_I2C_ErrorCallback
                0x0000000008007492       0x14 ./Drivers/STM32G4xx_HAL_Driver/Src/stm32g4xx_hal_i2c.o
                0x0000000008007492                HAL_I2C_ErrorCallback
 .text.HAL_I2C_AbortCpltCallback
                0x00000000080074a6       0x14 ./Drivers/STM32G4xx_HAL_Driver/Src/stm32g4xx_hal_i2c.o
                0x00000000080074a6                HAL_I2C_AbortCpltCallback
 .text.HAL_I2C_GetState
                0x00000000080074ba       0x1c ./Drivers/STM32G4xx_HAL_Driver/Src/stm32g4xx_hal_i2c.o
                0x00000000080074ba                HAL_I2C_GetState
 .text.I2C_Master_ISR_IT
                0x00000000080074d6      0x268 ./Drivers/STM32G4xx_HAL_Driver/Src/stm32g4xx_hal_i2c.o
 .text.I2C_Slave_ISR_IT
                0x000000000800773e      0x208 ./Drivers/STM32G4xx_HAL_Driver/Src/stm32g4xx_hal_i2c.o
 .text.I2C_Master_ISR_DMA
                0x0000000008007946      0x1e6 ./Drivers/STM32G4xx_HAL_Driver/Src/stm32g4xx_hal_i2c.o
 .text.I2C_Mem_ISR_DMA
                0x0000000008007b2c      0x260 ./Drivers/STM32G4xx_HAL_Driver/Src/stm32g4xx_hal_i2c.o
 .text.I2C_Slave_ISR_DMA
                0x0000000008007d8c      0x1c2 ./Drivers/STM32G4xx_HAL_Driver/Src/stm32g4xx_hal_i2c.o
 .text.I2C_ITAddrCplt
                0x0000000008007f4e      0x108 ./Drivers/STM32G4xx_HAL_Driver/Src/stm32g4xx_hal_i2c.o
 .text.I2C_ITMasterSeqCplt
                0x0000000008008056       0x7a ./Drivers/STM32G4xx_HAL_Driver/Src/stm32g4xx_hal_i2c.o
 .text.I2C_ITSlaveSeqCplt
                0x00000000080080d0       0xbc ./Drivers/STM32G4xx_HAL_Driver/Src/stm32g4xx_hal_i2c.o
 .text.I2C_ITMasterCplt
                0x000000000800818c      0x194 ./Drivers/STM32G4xx_HAL_Driver/Src/stm32g4xx_hal_i2c.o
 .text.I2C_ITSlaveCplt
                0x0000000008008320      0x2d4 ./Drivers/STM32G4xx_HAL_Driver/Src/stm32g4xx_hal_i2c.o
 .text.I2C_ITListenCplt
                0x00000000080085f4       0xac ./Drivers/STM32G4xx_HAL_Driver/Src/stm32g4xx_hal_i2c.o
 .text.I2C_ITError
                0x00000000080086a0      0x1e0 ./Drivers/STM32G4xx_HAL_Driver/Src/stm32g4xx_hal_i2c.o
 .text.I2C_TreatErrorCallback
                0x0000000008008880       0x4e ./Drivers/STM32G4xx_HAL_Driver/Src/stm32g4xx_hal_i2c.o
 .text.I2C_Flush_TXDR
                0x00000000080088ce       0x48 ./Drivers/STM32G4xx_HAL_Driver/Src/stm32g4xx_hal_i2c.o
 .text.I2C_DMAMasterTransmitCplt
                0x0000000008008916       0x96 ./Drivers/STM32G4xx_HAL_Driver/Src/stm32g4xx_hal_i2c.o
 .text.I2C_DMAError
                0x00000000080089ac       0x2e ./Drivers/STM32G4xx_HAL_Driver/Src/stm32g4xx_hal_i2c.o
 .text.I2C_DMAAbort
                0x00000000080089da       0x3c ./Drivers/STM32G4xx_HAL_Driver/Src/stm32g4xx_hal_i2c.o
 *fill*         0x0000000008008a16        0x2 
 .text.I2C_TransferConfig
                0x0000000008008a18       0x64 ./Drivers/STM32G4xx_HAL_Driver/Src/stm32g4xx_hal_i2c.o
 .text.I2C_Enable_IRQ
                0x0000000008008a7c      0x108 ./Drivers/STM32G4xx_HAL_Driver/Src/stm32g4xx_hal_i2c.o
 .text.I2C_Disable_IRQ
                0x0000000008008b84       0xbc ./Drivers/STM32G4xx_HAL_Driver/Src/stm32g4xx_hal_i2c.o
 .text.HAL_I2CEx_ConfigAnalogFilter
                0x0000000008008c40       0x96 ./Drivers/STM32G4xx_HAL_Driver/Src/stm32g4xx_hal_i2c_ex.o
                0x0000000008008c40                HAL_I2CEx_ConfigAnalogFilter
 .text.HAL_I2CEx_ConfigDigitalFilter
                0x0000000008008cd6       0x98 ./Drivers/STM32G4xx_HAL_Driver/Src/stm32g4xx_hal_i2c_ex.o
                0x0000000008008cd6                HAL_I2CEx_ConfigDigitalFilter
 *fill*         0x0000000008008d6e        0x2 
 .text.HAL_OPAMP_Init
                0x0000000008008d70      0x1a0 ./Drivers/STM32G4xx_HAL_Driver/Src/stm32g4xx_hal_opamp.o
                0x0000000008008d70                HAL_OPAMP_Init
 .text.HAL_OPAMP_Start
                0x0000000008008f10       0x62 ./Drivers/STM32G4xx_HAL_Driver/Src/stm32g4xx_hal_opamp.o
                0x0000000008008f10                HAL_OPAMP_Start
 *fill*         0x0000000008008f72        0x2 
 .text.HAL_PWREx_ControlVoltageScaling
                0x0000000008008f74      0x148 ./Drivers/STM32G4xx_HAL_Driver/Src/stm32g4xx_hal_pwr_ex.o
                0x0000000008008f74                HAL_PWREx_ControlVoltageScaling
 .text.HAL_PWREx_DisableUCPDDeadBattery
                0x00000000080090bc       0x20 ./Drivers/STM32G4xx_HAL_Driver/Src/stm32g4xx_hal_pwr_ex.o
                0x00000000080090bc                HAL_PWREx_DisableUCPDDeadBattery
 .text.HAL_RCC_OscConfig
                0x00000000080090dc      0x624 ./Drivers/STM32G4xx_HAL_Driver/Src/stm32g4xx_hal_rcc.o
                0x00000000080090dc                HAL_RCC_OscConfig
 .text.HAL_RCC_ClockConfig
                0x0000000008009700      0x278 ./Drivers/STM32G4xx_HAL_Driver/Src/stm32g4xx_hal_rcc.o
                0x0000000008009700                HAL_RCC_ClockConfig
 .text.HAL_RCC_GetSysClockFreq
                0x0000000008009978       0xc4 ./Drivers/STM32G4xx_HAL_Driver/Src/stm32g4xx_hal_rcc.o
                0x0000000008009978                HAL_RCC_GetSysClockFreq
 .text.HAL_RCC_GetHCLKFreq
                0x0000000008009a3c       0x18 ./Drivers/STM32G4xx_HAL_Driver/Src/stm32g4xx_hal_rcc.o
                0x0000000008009a3c                HAL_RCC_GetHCLKFreq
 .text.HAL_RCC_GetPCLK1Freq
                0x0000000008009a54       0x2c ./Drivers/STM32G4xx_HAL_Driver/Src/stm32g4xx_hal_rcc.o
                0x0000000008009a54                HAL_RCC_GetPCLK1Freq
 .text.HAL_RCC_GetPCLK2Freq
                0x0000000008009a80       0x2c ./Drivers/STM32G4xx_HAL_Driver/Src/stm32g4xx_hal_rcc.o
                0x0000000008009a80                HAL_RCC_GetPCLK2Freq
 .text.HAL_RCC_GetClockConfig
                0x0000000008009aac       0x64 ./Drivers/STM32G4xx_HAL_Driver/Src/stm32g4xx_hal_rcc.o
                0x0000000008009aac                HAL_RCC_GetClockConfig
 .text.RCC_GetSysClockFreqFromPLLSource
                0x0000000008009b10       0x8c ./Drivers/STM32G4xx_HAL_Driver/Src/stm32g4xx_hal_rcc.o
 .text.HAL_RCCEx_PeriphCLKConfig
                0x0000000008009b9c      0x49c ./Drivers/STM32G4xx_HAL_Driver/Src/stm32g4xx_hal_rcc_ex.o
                0x0000000008009b9c                HAL_RCCEx_PeriphCLKConfig
 .text.HAL_TIM_Base_Init
                0x000000000800a038       0xae ./Drivers/STM32G4xx_HAL_Driver/Src/stm32g4xx_hal_tim.o
                0x000000000800a038                HAL_TIM_Base_Init
 *fill*         0x000000000800a0e6        0x2 
 .text.HAL_TIM_Base_Start_IT
                0x000000000800a0e8       0xf0 ./Drivers/STM32G4xx_HAL_Driver/Src/stm32g4xx_hal_tim.o
                0x000000000800a0e8                HAL_TIM_Base_Start_IT
 .text.HAL_TIM_Base_Stop_IT
                0x000000000800a1d8       0x5e ./Drivers/STM32G4xx_HAL_Driver/Src/stm32g4xx_hal_tim.o
                0x000000000800a1d8                HAL_TIM_Base_Stop_IT
 .text.HAL_TIM_OC_Init
                0x000000000800a236       0xae ./Drivers/STM32G4xx_HAL_Driver/Src/stm32g4xx_hal_tim.o
                0x000000000800a236                HAL_TIM_OC_Init
 .text.HAL_TIM_OC_MspInit
                0x000000000800a2e4       0x14 ./Drivers/STM32G4xx_HAL_Driver/Src/stm32g4xx_hal_tim.o
                0x000000000800a2e4                HAL_TIM_OC_MspInit
 .text.HAL_TIM_PWM_Init
                0x000000000800a2f8       0xae ./Drivers/STM32G4xx_HAL_Driver/Src/stm32g4xx_hal_tim.o
                0x000000000800a2f8                HAL_TIM_PWM_Init
 .text.HAL_TIM_PWM_MspInit
                0x000000000800a3a6       0x14 ./Drivers/STM32G4xx_HAL_Driver/Src/stm32g4xx_hal_tim.o
                0x000000000800a3a6                HAL_TIM_PWM_MspInit
 *fill*         0x000000000800a3ba        0x2 
 .text.HAL_TIM_PWM_Start
                0x000000000800a3bc      0x224 ./Drivers/STM32G4xx_HAL_Driver/Src/stm32g4xx_hal_tim.o
                0x000000000800a3bc                HAL_TIM_PWM_Start
 .text.HAL_TIM_IC_Init
                0x000000000800a5e0       0xae ./Drivers/STM32G4xx_HAL_Driver/Src/stm32g4xx_hal_tim.o
                0x000000000800a5e0                HAL_TIM_IC_Init
 .text.HAL_TIM_IC_MspInit
                0x000000000800a68e       0x14 ./Drivers/STM32G4xx_HAL_Driver/Src/stm32g4xx_hal_tim.o
                0x000000000800a68e                HAL_TIM_IC_MspInit
 *fill*         0x000000000800a6a2        0x2 
 .text.HAL_TIM_IC_Start_IT
                0x000000000800a6a4      0x2a0 ./Drivers/STM32G4xx_HAL_Driver/Src/stm32g4xx_hal_tim.o
                0x000000000800a6a4                HAL_TIM_IC_Start_IT
 .text.HAL_TIM_IC_Stop_IT
                0x000000000800a944      0x17c ./Drivers/STM32G4xx_HAL_Driver/Src/stm32g4xx_hal_tim.o
                0x000000000800a944                HAL_TIM_IC_Stop_IT
 .text.HAL_TIM_IRQHandler
                0x000000000800aac0      0x29e ./Drivers/STM32G4xx_HAL_Driver/Src/stm32g4xx_hal_tim.o
                0x000000000800aac0                HAL_TIM_IRQHandler
 *fill*         0x000000000800ad5e        0x2 
 .text.HAL_TIM_OC_ConfigChannel
                0x000000000800ad60       0xf4 ./Drivers/STM32G4xx_HAL_Driver/Src/stm32g4xx_hal_tim.o
                0x000000000800ad60                HAL_TIM_OC_ConfigChannel
 .text.HAL_TIM_IC_ConfigChannel
                0x000000000800ae54      0x138 ./Drivers/STM32G4xx_HAL_Driver/Src/stm32g4xx_hal_tim.o
                0x000000000800ae54                HAL_TIM_IC_ConfigChannel
 .text.HAL_TIM_PWM_ConfigChannel
                0x000000000800af8c      0x228 ./Drivers/STM32G4xx_HAL_Driver/Src/stm32g4xx_hal_tim.o
                0x000000000800af8c                HAL_TIM_PWM_ConfigChannel
 .text.HAL_TIM_ConfigClockSource
                0x000000000800b1b4      0x22c ./Drivers/STM32G4xx_HAL_Driver/Src/stm32g4xx_hal_tim.o
                0x000000000800b1b4                HAL_TIM_ConfigClockSource
 .text.HAL_TIM_ReadCapturedValue
                0x000000000800b3e0       0x88 ./Drivers/STM32G4xx_HAL_Driver/Src/stm32g4xx_hal_tim.o
                0x000000000800b3e0                HAL_TIM_ReadCapturedValue
 .text.HAL_TIM_OC_DelayElapsedCallback
                0x000000000800b468       0x14 ./Drivers/STM32G4xx_HAL_Driver/Src/stm32g4xx_hal_tim.o
                0x000000000800b468                HAL_TIM_OC_DelayElapsedCallback
 .text.HAL_TIM_PWM_PulseFinishedCallback
                0x000000000800b47c       0x14 ./Drivers/STM32G4xx_HAL_Driver/Src/stm32g4xx_hal_tim.o
                0x000000000800b47c                HAL_TIM_PWM_PulseFinishedCallback
 .text.HAL_TIM_TriggerCallback
                0x000000000800b490       0x14 ./Drivers/STM32G4xx_HAL_Driver/Src/stm32g4xx_hal_tim.o
                0x000000000800b490                HAL_TIM_TriggerCallback
 .text.TIM_Base_SetConfig
                0x000000000800b4a4      0x168 ./Drivers/STM32G4xx_HAL_Driver/Src/stm32g4xx_hal_tim.o
                0x000000000800b4a4                TIM_Base_SetConfig
 .text.TIM_OC1_SetConfig
                0x000000000800b60c      0x134 ./Drivers/STM32G4xx_HAL_Driver/Src/stm32g4xx_hal_tim.o
 .text.TIM_OC2_SetConfig
                0x000000000800b740      0x128 ./Drivers/STM32G4xx_HAL_Driver/Src/stm32g4xx_hal_tim.o
                0x000000000800b740                TIM_OC2_SetConfig
 .text.TIM_OC3_SetConfig
                0x000000000800b868      0x124 ./Drivers/STM32G4xx_HAL_Driver/Src/stm32g4xx_hal_tim.o
 .text.TIM_OC4_SetConfig
                0x000000000800b98c      0x128 ./Drivers/STM32G4xx_HAL_Driver/Src/stm32g4xx_hal_tim.o
 .text.TIM_OC5_SetConfig
                0x000000000800bab4       0xd4 ./Drivers/STM32G4xx_HAL_Driver/Src/stm32g4xx_hal_tim.o
 .text.TIM_OC6_SetConfig
                0x000000000800bb88       0xd8 ./Drivers/STM32G4xx_HAL_Driver/Src/stm32g4xx_hal_tim.o
 .text.TIM_TI1_SetConfig
                0x000000000800bc60       0xe8 ./Drivers/STM32G4xx_HAL_Driver/Src/stm32g4xx_hal_tim.o
                0x000000000800bc60                TIM_TI1_SetConfig
 .text.TIM_TI1_ConfigInputStage
                0x000000000800bd48       0x5e ./Drivers/STM32G4xx_HAL_Driver/Src/stm32g4xx_hal_tim.o
 .text.TIM_TI2_SetConfig
                0x000000000800bda6       0x7a ./Drivers/STM32G4xx_HAL_Driver/Src/stm32g4xx_hal_tim.o
 .text.TIM_TI2_ConfigInputStage
                0x000000000800be20       0x60 ./Drivers/STM32G4xx_HAL_Driver/Src/stm32g4xx_hal_tim.o
 .text.TIM_TI3_SetConfig
                0x000000000800be80       0x78 ./Drivers/STM32G4xx_HAL_Driver/Src/stm32g4xx_hal_tim.o
 .text.TIM_TI4_SetConfig
                0x000000000800bef8       0x7a ./Drivers/STM32G4xx_HAL_Driver/Src/stm32g4xx_hal_tim.o
 .text.TIM_ITRx_SetConfig
                0x000000000800bf72       0x3a ./Drivers/STM32G4xx_HAL_Driver/Src/stm32g4xx_hal_tim.o
 .text.TIM_ETR_SetConfig
                0x000000000800bfac       0x40 ./Drivers/STM32G4xx_HAL_Driver/Src/stm32g4xx_hal_tim.o
                0x000000000800bfac                TIM_ETR_SetConfig
 .text.TIM_CCxChannelCmd
                0x000000000800bfec       0x4a ./Drivers/STM32G4xx_HAL_Driver/Src/stm32g4xx_hal_tim.o
                0x000000000800bfec                TIM_CCxChannelCmd
 *fill*         0x000000000800c036        0x2 
 .text.HAL_TIMEx_MasterConfigSynchronization
                0x000000000800c038      0x12c ./Drivers/STM32G4xx_HAL_Driver/Src/stm32g4xx_hal_tim_ex.o
                0x000000000800c038                HAL_TIMEx_MasterConfigSynchronization
 .text.HAL_TIMEx_ConfigBreakDeadTime
                0x000000000800c164      0x128 ./Drivers/STM32G4xx_HAL_Driver/Src/stm32g4xx_hal_tim_ex.o
                0x000000000800c164                HAL_TIMEx_ConfigBreakDeadTime
 .text.HAL_TIMEx_CommutCallback
                0x000000000800c28c       0x14 ./Drivers/STM32G4xx_HAL_Driver/Src/stm32g4xx_hal_tim_ex.o
                0x000000000800c28c                HAL_TIMEx_CommutCallback
 .text.HAL_TIMEx_BreakCallback
                0x000000000800c2a0       0x14 ./Drivers/STM32G4xx_HAL_Driver/Src/stm32g4xx_hal_tim_ex.o
                0x000000000800c2a0                HAL_TIMEx_BreakCallback
 .text.HAL_TIMEx_Break2Callback
                0x000000000800c2b4       0x14 ./Drivers/STM32G4xx_HAL_Driver/Src/stm32g4xx_hal_tim_ex.o
                0x000000000800c2b4                HAL_TIMEx_Break2Callback
 .text.HAL_TIMEx_EncoderIndexCallback
                0x000000000800c2c8       0x14 ./Drivers/STM32G4xx_HAL_Driver/Src/stm32g4xx_hal_tim_ex.o
                0x000000000800c2c8                HAL_TIMEx_EncoderIndexCallback
 .text.HAL_TIMEx_DirectionChangeCallback
                0x000000000800c2dc       0x14 ./Drivers/STM32G4xx_HAL_Driver/Src/stm32g4xx_hal_tim_ex.o
                0x000000000800c2dc                HAL_TIMEx_DirectionChangeCallback
 .text.HAL_TIMEx_IndexErrorCallback
                0x000000000800c2f0       0x14 ./Drivers/STM32G4xx_HAL_Driver/Src/stm32g4xx_hal_tim_ex.o
                0x000000000800c2f0                HAL_TIMEx_IndexErrorCallback
 .text.HAL_TIMEx_TransitionErrorCallback
                0x000000000800c304       0x14 ./Drivers/STM32G4xx_HAL_Driver/Src/stm32g4xx_hal_tim_ex.o
                0x000000000800c304                HAL_TIMEx_TransitionErrorCallback
 .text.HAL_UART_Init
                0x000000000800c318       0xa0 ./Drivers/STM32G4xx_HAL_Driver/Src/stm32g4xx_hal_uart.o
                0x000000000800c318                HAL_UART_Init
 .text.HAL_UART_IRQHandler
                0x000000000800c3b8      0x648 ./Drivers/STM32G4xx_HAL_Driver/Src/stm32g4xx_hal_uart.o
                0x000000000800c3b8                HAL_UART_IRQHandler
 .text.HAL_UART_TxCpltCallback
                0x000000000800ca00       0x14 ./Drivers/STM32G4xx_HAL_Driver/Src/stm32g4xx_hal_uart.o
                0x000000000800ca00                HAL_UART_TxCpltCallback
 .text.HAL_UART_ErrorCallback
                0x000000000800ca14       0x14 ./Drivers/STM32G4xx_HAL_Driver/Src/stm32g4xx_hal_uart.o
                0x000000000800ca14                HAL_UART_ErrorCallback
 .text.HAL_UARTEx_RxEventCallback
                0x000000000800ca28       0x18 ./Drivers/STM32G4xx_HAL_Driver/Src/stm32g4xx_hal_uart.o
                0x000000000800ca28                HAL_UARTEx_RxEventCallback
 .text.UART_SetConfig
                0x000000000800ca40      0x5f8 ./Drivers/STM32G4xx_HAL_Driver/Src/stm32g4xx_hal_uart.o
                0x000000000800ca40                UART_SetConfig
 .text.UART_AdvFeatureConfig
                0x000000000800d038      0x144 ./Drivers/STM32G4xx_HAL_Driver/Src/stm32g4xx_hal_uart.o
                0x000000000800d038                UART_AdvFeatureConfig
 .text.UART_CheckIdleState
                0x000000000800d17c      0x154 ./Drivers/STM32G4xx_HAL_Driver/Src/stm32g4xx_hal_uart.o
                0x000000000800d17c                UART_CheckIdleState
 .text.UART_WaitOnFlagUntilTimeout
                0x000000000800d2d0       0xda ./Drivers/STM32G4xx_HAL_Driver/Src/stm32g4xx_hal_uart.o
                0x000000000800d2d0                UART_WaitOnFlagUntilTimeout
 .text.UART_EndRxTransfer
                0x000000000800d3aa       0xcc ./Drivers/STM32G4xx_HAL_Driver/Src/stm32g4xx_hal_uart.o
 .text.UART_DMAAbortOnError
                0x000000000800d476       0x2c ./Drivers/STM32G4xx_HAL_Driver/Src/stm32g4xx_hal_uart.o
 .text.UART_EndTransmit_IT
                0x000000000800d4a2       0x56 ./Drivers/STM32G4xx_HAL_Driver/Src/stm32g4xx_hal_uart.o
 .text.HAL_UARTEx_WakeupCallback
                0x000000000800d4f8       0x14 ./Drivers/STM32G4xx_HAL_Driver/Src/stm32g4xx_hal_uart_ex.o
                0x000000000800d4f8                HAL_UARTEx_WakeupCallback
 .text.HAL_UARTEx_RxFifoFullCallback
                0x000000000800d50c       0x14 ./Drivers/STM32G4xx_HAL_Driver/Src/stm32g4xx_hal_uart_ex.o
                0x000000000800d50c                HAL_UARTEx_RxFifoFullCallback
 .text.HAL_UARTEx_TxFifoEmptyCallback
                0x000000000800d520       0x14 ./Drivers/STM32G4xx_HAL_Driver/Src/stm32g4xx_hal_uart_ex.o
                0x000000000800d520                HAL_UARTEx_TxFifoEmptyCallback
 .text.HAL_UARTEx_DisableFifoMode
                0x000000000800d534       0x72 ./Drivers/STM32G4xx_HAL_Driver/Src/stm32g4xx_hal_uart_ex.o
                0x000000000800d534                HAL_UARTEx_DisableFifoMode
 .text.HAL_UARTEx_SetTxFifoThreshold
                0x000000000800d5a6       0x7c ./Drivers/STM32G4xx_HAL_Driver/Src/stm32g4xx_hal_uart_ex.o
                0x000000000800d5a6                HAL_UARTEx_SetTxFifoThreshold
 .text.HAL_UARTEx_SetRxFifoThreshold
                0x000000000800d622       0x7c ./Drivers/STM32G4xx_HAL_Driver/Src/stm32g4xx_hal_uart_ex.o
                0x000000000800d622                HAL_UARTEx_SetRxFifoThreshold
 *fill*         0x000000000800d69e        0x2 
 .text.UARTEx_SetNbDataToProcess
                0x000000000800d6a0       0x9c ./Drivers/STM32G4xx_HAL_Driver/Src/stm32g4xx_hal_uart_ex.o
 .text.__NVIC_SetPriority
                0x000000000800d73c       0x54 ./Middlewares/Third_Party/FreeRTOS/Source/CMSIS_RTOS_V2/cmsis_os2.o
 .text.SysTick_Handler
                0x000000000800d790       0x20 ./Middlewares/Third_Party/FreeRTOS/Source/CMSIS_RTOS_V2/cmsis_os2.o
                0x000000000800d790                SysTick_Handler
 .text.SVC_Setup
                0x000000000800d7b0       0x12 ./Middlewares/Third_Party/FreeRTOS/Source/CMSIS_RTOS_V2/cmsis_os2.o
 *fill*         0x000000000800d7c2        0x2 
 .text.osKernelInitialize
                0x000000000800d7c4       0x48 ./Middlewares/Third_Party/FreeRTOS/Source/CMSIS_RTOS_V2/cmsis_os2.o
                0x000000000800d7c4                osKernelInitialize
 .text.osKernelStart
                0x000000000800d80c       0x4c ./Middlewares/Third_Party/FreeRTOS/Source/CMSIS_RTOS_V2/cmsis_os2.o
                0x000000000800d80c                osKernelStart
 .text.osThreadNew
                0x000000000800d858      0x124 ./Middlewares/Third_Party/FreeRTOS/Source/CMSIS_RTOS_V2/cmsis_os2.o
                0x000000000800d858                osThreadNew
 .text.osDelay  0x000000000800d97c       0x36 ./Middlewares/Third_Party/FreeRTOS/Source/CMSIS_RTOS_V2/cmsis_os2.o
                0x000000000800d97c                osDelay
 .text.osMutexNew
                0x000000000800d9b2      0x10c ./Middlewares/Third_Party/FreeRTOS/Source/CMSIS_RTOS_V2/cmsis_os2.o
                0x000000000800d9b2                osMutexNew
 .text.osMutexAcquire
                0x000000000800dabe       0x96 ./Middlewares/Third_Party/FreeRTOS/Source/CMSIS_RTOS_V2/cmsis_os2.o
                0x000000000800dabe                osMutexAcquire
 .text.osMutexRelease
                0x000000000800db54       0x7a ./Middlewares/Third_Party/FreeRTOS/Source/CMSIS_RTOS_V2/cmsis_os2.o
                0x000000000800db54                osMutexRelease
 .text.osSemaphoreNew
                0x000000000800dbce      0x112 ./Middlewares/Third_Party/FreeRTOS/Source/CMSIS_RTOS_V2/cmsis_os2.o
                0x000000000800dbce                osSemaphoreNew
 .text.osMessageQueueNew
                0x000000000800dce0       0xe6 ./Middlewares/Third_Party/FreeRTOS/Source/CMSIS_RTOS_V2/cmsis_os2.o
                0x000000000800dce0                osMessageQueueNew
 *fill*         0x000000000800ddc6        0x2 
 .text.vApplicationGetIdleTaskMemory
                0x000000000800ddc8       0x34 ./Middlewares/Third_Party/FreeRTOS/Source/CMSIS_RTOS_V2/cmsis_os2.o
                0x000000000800ddc8                vApplicationGetIdleTaskMemory
 .text.vApplicationGetTimerTaskMemory
                0x000000000800ddfc       0x34 ./Middlewares/Third_Party/FreeRTOS/Source/CMSIS_RTOS_V2/cmsis_os2.o
                0x000000000800ddfc                vApplicationGetTimerTaskMemory
 .text.vListInitialise
                0x000000000800de30       0x40 ./Middlewares/Third_Party/FreeRTOS/Source/list.o
                0x000000000800de30                vListInitialise
 .text.vListInitialiseItem
                0x000000000800de70       0x1a ./Middlewares/Third_Party/FreeRTOS/Source/list.o
                0x000000000800de70                vListInitialiseItem
 .text.vListInsertEnd
                0x000000000800de8a       0x48 ./Middlewares/Third_Party/FreeRTOS/Source/list.o
                0x000000000800de8a                vListInsertEnd
 .text.vListInsert
                0x000000000800ded2       0x72 ./Middlewares/Third_Party/FreeRTOS/Source/list.o
                0x000000000800ded2                vListInsert
 .text.uxListRemove
                0x000000000800df44       0x54 ./Middlewares/Third_Party/FreeRTOS/Source/list.o
                0x000000000800df44                uxListRemove
 .text.xQueueGenericReset
                0x000000000800df98       0xd0 ./Middlewares/Third_Party/FreeRTOS/Source/queue.o
                0x000000000800df98                xQueueGenericReset
 .text.xQueueGenericCreateStatic
                0x000000000800e068       0xf0 ./Middlewares/Third_Party/FreeRTOS/Source/queue.o
                0x000000000800e068                xQueueGenericCreateStatic
 .text.xQueueGenericCreate
                0x000000000800e158       0x74 ./Middlewares/Third_Party/FreeRTOS/Source/queue.o
                0x000000000800e158                xQueueGenericCreate
 .text.prvInitialiseNewQueue
                0x000000000800e1cc       0x46 ./Middlewares/Third_Party/FreeRTOS/Source/queue.o
 .text.prvInitialiseMutex
                0x000000000800e212       0x34 ./Middlewares/Third_Party/FreeRTOS/Source/queue.o
 .text.xQueueCreateMutex
                0x000000000800e246       0x30 ./Middlewares/Third_Party/FreeRTOS/Source/queue.o
                0x000000000800e246                xQueueCreateMutex
 .text.xQueueCreateMutexStatic
                0x000000000800e276       0x36 ./Middlewares/Third_Party/FreeRTOS/Source/queue.o
                0x000000000800e276                xQueueCreateMutexStatic
 .text.xQueueGiveMutexRecursive
                0x000000000800e2ac       0x68 ./Middlewares/Third_Party/FreeRTOS/Source/queue.o
                0x000000000800e2ac                xQueueGiveMutexRecursive
 .text.xQueueTakeMutexRecursive
                0x000000000800e314       0x6c ./Middlewares/Third_Party/FreeRTOS/Source/queue.o
                0x000000000800e314                xQueueTakeMutexRecursive
 .text.xQueueCreateCountingSemaphoreStatic
                0x000000000800e380       0x6e ./Middlewares/Third_Party/FreeRTOS/Source/queue.o
                0x000000000800e380                xQueueCreateCountingSemaphoreStatic
 .text.xQueueCreateCountingSemaphore
                0x000000000800e3ee       0x66 ./Middlewares/Third_Party/FreeRTOS/Source/queue.o
                0x000000000800e3ee                xQueueCreateCountingSemaphore
 .text.xQueueGenericSend
                0x000000000800e454      0x1fc ./Middlewares/Third_Party/FreeRTOS/Source/queue.o
                0x000000000800e454                xQueueGenericSend
 .text.xQueueGenericSendFromISR
                0x000000000800e650      0x136 ./Middlewares/Third_Party/FreeRTOS/Source/queue.o
                0x000000000800e650                xQueueGenericSendFromISR
 *fill*         0x000000000800e786        0x2 
 .text.xQueueReceive
                0x000000000800e788      0x1c0 ./Middlewares/Third_Party/FreeRTOS/Source/queue.o
                0x000000000800e788                xQueueReceive
 .text.xQueueSemaphoreTake
                0x000000000800e948      0x218 ./Middlewares/Third_Party/FreeRTOS/Source/queue.o
                0x000000000800e948                xQueueSemaphoreTake
 .text.vQueueDelete
                0x000000000800eb60       0x46 ./Middlewares/Third_Party/FreeRTOS/Source/queue.o
                0x000000000800eb60                vQueueDelete
 .text.prvGetDisinheritPriorityAfterTimeout
                0x000000000800eba6       0x30 ./Middlewares/Third_Party/FreeRTOS/Source/queue.o
 .text.prvCopyDataToQueue
                0x000000000800ebd6       0xd4 ./Middlewares/Third_Party/FreeRTOS/Source/queue.o
 .text.prvCopyDataFromQueue
                0x000000000800ecaa       0x4c ./Middlewares/Third_Party/FreeRTOS/Source/queue.o
 .text.prvUnlockQueue
                0x000000000800ecf6       0xa4 ./Middlewares/Third_Party/FreeRTOS/Source/queue.o
 .text.prvIsQueueEmpty
                0x000000000800ed9a       0x2c ./Middlewares/Third_Party/FreeRTOS/Source/queue.o
 .text.prvIsQueueFull
                0x000000000800edc6       0x30 ./Middlewares/Third_Party/FreeRTOS/Source/queue.o
 *fill*         0x000000000800edf6        0x2 
 .text.vQueueAddToRegistry
                0x000000000800edf8       0x54 ./Middlewares/Third_Party/FreeRTOS/Source/queue.o
                0x000000000800edf8                vQueueAddToRegistry
 .text.vQueueUnregisterQueue
                0x000000000800ee4c       0x54 ./Middlewares/Third_Party/FreeRTOS/Source/queue.o
                0x000000000800ee4c                vQueueUnregisterQueue
 .text.vQueueWaitForMessageRestricted
                0x000000000800eea0       0x68 ./Middlewares/Third_Party/FreeRTOS/Source/queue.o
                0x000000000800eea0                vQueueWaitForMessageRestricted
 .text.xTaskCreateStatic
                0x000000000800ef08       0xba ./Middlewares/Third_Party/FreeRTOS/Source/tasks.o
                0x000000000800ef08                xTaskCreateStatic
 .text.xTaskCreate
                0x000000000800efc2       0x8a ./Middlewares/Third_Party/FreeRTOS/Source/tasks.o
                0x000000000800efc2                xTaskCreate
 .text.prvInitialiseNewTask
                0x000000000800f04c      0x14c ./Middlewares/Third_Party/FreeRTOS/Source/tasks.o
 .text.prvAddNewTaskToReadyList
                0x000000000800f198       0xe0 ./Middlewares/Third_Party/FreeRTOS/Source/tasks.o
 .text.vTaskDelayUntil
                0x000000000800f278       0xfc ./Middlewares/Third_Party/FreeRTOS/Source/tasks.o
                0x000000000800f278                vTaskDelayUntil
 .text.vTaskDelay
                0x000000000800f374       0x68 ./Middlewares/Third_Party/FreeRTOS/Source/tasks.o
                0x000000000800f374                vTaskDelay
 .text.vTaskStartScheduler
                0x000000000800f3dc       0xe0 ./Middlewares/Third_Party/FreeRTOS/Source/tasks.o
                0x000000000800f3dc                vTaskStartScheduler
 .text.vTaskSuspendAll
                0x000000000800f4bc       0x1c ./Middlewares/Third_Party/FreeRTOS/Source/tasks.o
                0x000000000800f4bc                vTaskSuspendAll
 .text.xTaskResumeAll
                0x000000000800f4d8      0x13c ./Middlewares/Third_Party/FreeRTOS/Source/tasks.o
                0x000000000800f4d8                xTaskResumeAll
 .text.xTaskGetTickCount
                0x000000000800f614       0x20 ./Middlewares/Third_Party/FreeRTOS/Source/tasks.o
                0x000000000800f614                xTaskGetTickCount
 .text.xTaskIncrementTick
                0x000000000800f634      0x174 ./Middlewares/Third_Party/FreeRTOS/Source/tasks.o
                0x000000000800f634                xTaskIncrementTick
 .text.vTaskSwitchContext
                0x000000000800f7a8       0xc8 ./Middlewares/Third_Party/FreeRTOS/Source/tasks.o
                0x000000000800f7a8                vTaskSwitchContext
 .text.vTaskPlaceOnEventList
                0x000000000800f870       0x48 ./Middlewares/Third_Party/FreeRTOS/Source/tasks.o
                0x000000000800f870                vTaskPlaceOnEventList
 .text.vTaskPlaceOnEventListRestricted
                0x000000000800f8b8       0x58 ./Middlewares/Third_Party/FreeRTOS/Source/tasks.o
                0x000000000800f8b8                vTaskPlaceOnEventListRestricted
 .text.xTaskRemoveFromEventList
                0x000000000800f910       0xc8 ./Middlewares/Third_Party/FreeRTOS/Source/tasks.o
                0x000000000800f910                xTaskRemoveFromEventList
 .text.vTaskInternalSetTimeOutState
                0x000000000800f9d8       0x2c ./Middlewares/Third_Party/FreeRTOS/Source/tasks.o
                0x000000000800f9d8                vTaskInternalSetTimeOutState
 .text.xTaskCheckForTimeOut
                0x000000000800fa04       0xc4 ./Middlewares/Third_Party/FreeRTOS/Source/tasks.o
                0x000000000800fa04                xTaskCheckForTimeOut
 .text.vTaskMissedYield
                0x000000000800fac8       0x18 ./Middlewares/Third_Party/FreeRTOS/Source/tasks.o
                0x000000000800fac8                vTaskMissedYield
 .text.prvIdleTask
                0x000000000800fae0       0x30 ./Middlewares/Third_Party/FreeRTOS/Source/tasks.o
 .text.prvInitialiseTaskLists
                0x000000000800fb10       0x80 ./Middlewares/Third_Party/FreeRTOS/Source/tasks.o
 .text.prvCheckTasksWaitingTermination
                0x000000000800fb90       0x5c ./Middlewares/Third_Party/FreeRTOS/Source/tasks.o
 .text.prvDeleteTCB
                0x000000000800fbec       0x68 ./Middlewares/Third_Party/FreeRTOS/Source/tasks.o
 .text.prvResetNextTaskUnblockTime
                0x000000000800fc54       0x40 ./Middlewares/Third_Party/FreeRTOS/Source/tasks.o
 .text.xTaskGetCurrentTaskHandle
                0x000000000800fc94       0x20 ./Middlewares/Third_Party/FreeRTOS/Source/tasks.o
                0x000000000800fc94                xTaskGetCurrentTaskHandle
 .text.xTaskGetSchedulerState
                0x000000000800fcb4       0x3c ./Middlewares/Third_Party/FreeRTOS/Source/tasks.o
                0x000000000800fcb4                xTaskGetSchedulerState
 .text.xTaskPriorityInherit
                0x000000000800fcf0       0xd0 ./Middlewares/Third_Party/FreeRTOS/Source/tasks.o
                0x000000000800fcf0                xTaskPriorityInherit
 .text.xTaskPriorityDisinherit
                0x000000000800fdc0       0xdc ./Middlewares/Third_Party/FreeRTOS/Source/tasks.o
                0x000000000800fdc0                xTaskPriorityDisinherit
 .text.vTaskPriorityDisinheritAfterTimeout
                0x000000000800fe9c      0x104 ./Middlewares/Third_Party/FreeRTOS/Source/tasks.o
                0x000000000800fe9c                vTaskPriorityDisinheritAfterTimeout
 .text.pvTaskIncrementMutexHeldCount
                0x000000000800ffa0       0x28 ./Middlewares/Third_Party/FreeRTOS/Source/tasks.o
                0x000000000800ffa0                pvTaskIncrementMutexHeldCount
 .text.prvAddCurrentTaskToDelayedList
                0x000000000800ffc8       0xa8 ./Middlewares/Third_Party/FreeRTOS/Source/tasks.o
 .text.xTimerCreateTimerTask
                0x0000000008010070       0x90 ./Middlewares/Third_Party/FreeRTOS/Source/timers.o
                0x0000000008010070                xTimerCreateTimerTask
 .text.xTimerGenericCommand
                0x0000000008010100       0x9c ./Middlewares/Third_Party/FreeRTOS/Source/timers.o
                0x0000000008010100                xTimerGenericCommand
 .text.prvProcessExpiredTimer
                0x000000000801019c       0x98 ./Middlewares/Third_Party/FreeRTOS/Source/timers.o
 .text.prvTimerTask
                0x0000000008010234       0x24 ./Middlewares/Third_Party/FreeRTOS/Source/timers.o
 .text.prvProcessTimerOrBlockTask
                0x0000000008010258       0x9c ./Middlewares/Third_Party/FreeRTOS/Source/timers.o
 .text.prvGetNextExpireTime
                0x00000000080102f4       0x48 ./Middlewares/Third_Party/FreeRTOS/Source/timers.o
 .text.prvSampleTimeNow
                0x000000000801033c       0x40 ./Middlewares/Third_Party/FreeRTOS/Source/timers.o
 .text.prvInsertTimerInActiveList
                0x000000000801037c       0x84 ./Middlewares/Third_Party/FreeRTOS/Source/timers.o
 .text.prvProcessReceivedCommands
                0x0000000008010400      0x1c4 ./Middlewares/Third_Party/FreeRTOS/Source/timers.o
 .text.prvSwitchTimerLists
                0x00000000080105c4       0xc8 ./Middlewares/Third_Party/FreeRTOS/Source/timers.o
 .text.prvCheckForValidListAndQueue
                0x000000000801068c       0x80 ./Middlewares/Third_Party/FreeRTOS/Source/timers.o
 .text.pxPortInitialiseStack
                0x000000000801070c       0x68 ./Middlewares/Third_Party/FreeRTOS/Source/portable/GCC/ARM_CM4F/port.o
                0x000000000801070c                pxPortInitialiseStack
 .text.prvTaskExitError
                0x0000000008010774       0x58 ./Middlewares/Third_Party/FreeRTOS/Source/portable/GCC/ARM_CM4F/port.o
 *fill*         0x00000000080107cc        0x4 
 .text.SVC_Handler
                0x00000000080107d0       0x28 ./Middlewares/Third_Party/FreeRTOS/Source/portable/GCC/ARM_CM4F/port.o
                0x00000000080107d0                SVC_Handler
 .text.prvPortStartFirstTask
                0x00000000080107f8       0x28 ./Middlewares/Third_Party/FreeRTOS/Source/portable/GCC/ARM_CM4F/port.o
 .text.xPortStartScheduler
                0x0000000008010820      0x144 ./Middlewares/Third_Party/FreeRTOS/Source/portable/GCC/ARM_CM4F/port.o
                0x0000000008010820                xPortStartScheduler
 .text.vPortEnterCritical
                0x0000000008010964       0x60 ./Middlewares/Third_Party/FreeRTOS/Source/portable/GCC/ARM_CM4F/port.o
                0x0000000008010964                vPortEnterCritical
 .text.vPortExitCritical
                0x00000000080109c4       0x54 ./Middlewares/Third_Party/FreeRTOS/Source/portable/GCC/ARM_CM4F/port.o
                0x00000000080109c4                vPortExitCritical
 *fill*         0x0000000008010a18        0x8 
 .text.PendSV_Handler
                0x0000000008010a20       0x68 ./Middlewares/Third_Party/FreeRTOS/Source/portable/GCC/ARM_CM4F/port.o
                0x0000000008010a20                PendSV_Handler
 .text.xPortSysTickHandler
                0x0000000008010a88       0x44 ./Middlewares/Third_Party/FreeRTOS/Source/portable/GCC/ARM_CM4F/port.o
                0x0000000008010a88                xPortSysTickHandler
 .text.vPortSetupTimerInterrupt
                0x0000000008010acc       0x48 ./Middlewares/Third_Party/FreeRTOS/Source/portable/GCC/ARM_CM4F/port.o
                0x0000000008010acc                vPortSetupTimerInterrupt
 .text.vPortEnableVFP
                0x0000000008010b14       0x14 ./Middlewares/Third_Party/FreeRTOS/Source/portable/GCC/ARM_CM4F/port.o
 .text.vPortValidateInterruptPriority
                0x0000000008010b28       0x80 ./Middlewares/Third_Party/FreeRTOS/Source/portable/GCC/ARM_CM4F/port.o
                0x0000000008010b28                vPortValidateInterruptPriority
 .text.pvPortMalloc
                0x0000000008010ba8      0x198 ./Middlewares/Third_Party/FreeRTOS/Source/portable/MemMang/heap_4.o
                0x0000000008010ba8                pvPortMalloc
 .text.vPortFree
                0x0000000008010d40       0xc4 ./Middlewares/Third_Party/FreeRTOS/Source/portable/MemMang/heap_4.o
                0x0000000008010d40                vPortFree
 .text.prvHeapInit
                0x0000000008010e04       0xc4 ./Middlewares/Third_Party/FreeRTOS/Source/portable/MemMang/heap_4.o
 .text.prvInsertBlockIntoFreeList
                0x0000000008010ec8       0xb4 ./Middlewares/Third_Party/FreeRTOS/Source/portable/MemMang/heap_4.o
 .text.__errno  0x0000000008010f7c        0xc c:/st/stm32cubeide_1.12.1/stm32cubeide/plugins/com.st.stm32cube.ide.mcu.externaltools.gnu-tools-for-stm32.10.3-2021.10.win32_1.0.200.202301161003/tools/bin/../lib/gcc/arm-none-eabi/10.3.1/../../../../arm-none-eabi/lib/thumb/v7e-m+fp/hard\libc_nano.a(lib_a-errno.o)
                0x0000000008010f7c                __errno
 .text.__libc_init_array
                0x0000000008010f88       0x48 c:/st/stm32cubeide_1.12.1/stm32cubeide/plugins/com.st.stm32cube.ide.mcu.externaltools.gnu-tools-for-stm32.10.3-2021.10.win32_1.0.200.202301161003/tools/bin/../lib/gcc/arm-none-eabi/10.3.1/../../../../arm-none-eabi/lib/thumb/v7e-m+fp/hard\libc_nano.a(lib_a-init.o)
                0x0000000008010f88                __libc_init_array
 .text.__retarget_lock_acquire_recursive
                0x0000000008010fd0        0x2 c:/st/stm32cubeide_1.12.1/stm32cubeide/plugins/com.st.stm32cube.ide.mcu.externaltools.gnu-tools-for-stm32.10.3-2021.10.win32_1.0.200.202301161003/tools/bin/../lib/gcc/arm-none-eabi/10.3.1/../../../../arm-none-eabi/lib/thumb/v7e-m+fp/hard\libc_nano.a(lib_a-lock.o)
                0x0000000008010fd0                __retarget_lock_acquire_recursive
 .text.__retarget_lock_release_recursive
                0x0000000008010fd2        0x2 c:/st/stm32cubeide_1.12.1/stm32cubeide/plugins/com.st.stm32cube.ide.mcu.externaltools.gnu-tools-for-stm32.10.3-2021.10.win32_1.0.200.202301161003/tools/bin/../lib/gcc/arm-none-eabi/10.3.1/../../../../arm-none-eabi/lib/thumb/v7e-m+fp/hard\libc_nano.a(lib_a-lock.o)
                0x0000000008010fd2                __retarget_lock_release_recursive
 .text.memcpy   0x0000000008010fd4       0x1c c:/st/stm32cubeide_1.12.1/stm32cubeide/plugins/com.st.stm32cube.ide.mcu.externaltools.gnu-tools-for-stm32.10.3-2021.10.win32_1.0.200.202301161003/tools/bin/../lib/gcc/arm-none-eabi/10.3.1/../../../../arm-none-eabi/lib/thumb/v7e-m+fp/hard\libc_nano.a(lib_a-memcpy-stub.o)
                0x0000000008010fd4                memcpy
 .text.memset   0x0000000008010ff0       0x10 c:/st/stm32cubeide_1.12.1/stm32cubeide/plugins/com.st.stm32cube.ide.mcu.externaltools.gnu-tools-for-stm32.10.3-2021.10.win32_1.0.200.202301161003/tools/bin/../lib/gcc/arm-none-eabi/10.3.1/../../../../arm-none-eabi/lib/thumb/v7e-m+fp/hard\libc_nano.a(lib_a-memset.o)
                0x0000000008010ff0                memset
 .text.sbrk_aligned
                0x0000000008011000       0x40 c:/st/stm32cubeide_1.12.1/stm32cubeide/plugins/com.st.stm32cube.ide.mcu.externaltools.gnu-tools-for-stm32.10.3-2021.10.win32_1.0.200.202301161003/tools/bin/../lib/gcc/arm-none-eabi/10.3.1/../../../../arm-none-eabi/lib/thumb/v7e-m+fp/hard\libc_nano.a(lib_a-nano-mallocr.o)
 .text._malloc_r
                0x0000000008011040       0xe8 c:/st/stm32cubeide_1.12.1/stm32cubeide/plugins/com.st.stm32cube.ide.mcu.externaltools.gnu-tools-for-stm32.10.3-2021.10.win32_1.0.200.202301161003/tools/bin/../lib/gcc/arm-none-eabi/10.3.1/../../../../arm-none-eabi/lib/thumb/v7e-m+fp/hard\libc_nano.a(lib_a-nano-mallocr.o)
                0x0000000008011040                _malloc_r
 .text.cleanup_glue
                0x0000000008011128       0x1a c:/st/stm32cubeide_1.12.1/stm32cubeide/plugins/com.st.stm32cube.ide.mcu.externaltools.gnu-tools-for-stm32.10.3-2021.10.win32_1.0.200.202301161003/tools/bin/../lib/gcc/arm-none-eabi/10.3.1/../../../../arm-none-eabi/lib/thumb/v7e-m+fp/hard\libc_nano.a(lib_a-reent.o)
                0x0000000008011128                cleanup_glue
 *fill*         0x0000000008011142        0x2 
 .text._reclaim_reent
                0x0000000008011144       0xb8 c:/st/stm32cubeide_1.12.1/stm32cubeide/plugins/com.st.stm32cube.ide.mcu.externaltools.gnu-tools-for-stm32.10.3-2021.10.win32_1.0.200.202301161003/tools/bin/../lib/gcc/arm-none-eabi/10.3.1/../../../../arm-none-eabi/lib/thumb/v7e-m+fp/hard\libc_nano.a(lib_a-reent.o)
                0x0000000008011144                _reclaim_reent
 .text._sbrk_r  0x00000000080111fc       0x20 c:/st/stm32cubeide_1.12.1/stm32cubeide/plugins/com.st.stm32cube.ide.mcu.externaltools.gnu-tools-for-stm32.10.3-2021.10.win32_1.0.200.202301161003/tools/bin/../lib/gcc/arm-none-eabi/10.3.1/../../../../arm-none-eabi/lib/thumb/v7e-m+fp/hard\libc_nano.a(lib_a-sbrkr.o)
                0x00000000080111fc                _sbrk_r
 .text.sprintf  0x000000000801121c       0x40 c:/st/stm32cubeide_1.12.1/stm32cubeide/plugins/com.st.stm32cube.ide.mcu.externaltools.gnu-tools-for-stm32.10.3-2021.10.win32_1.0.200.202301161003/tools/bin/../lib/gcc/arm-none-eabi/10.3.1/../../../../arm-none-eabi/lib/thumb/v7e-m+fp/hard\libc_nano.a(lib_a-sprintf.o)
                0x000000000801121c                siprintf
                0x000000000801121c                sprintf
 .text.__malloc_lock
                0x000000000801125c        0xc c:/st/stm32cubeide_1.12.1/stm32cubeide/plugins/com.st.stm32cube.ide.mcu.externaltools.gnu-tools-for-stm32.10.3-2021.10.win32_1.0.200.202301161003/tools/bin/../lib/gcc/arm-none-eabi/10.3.1/../../../../arm-none-eabi/lib/thumb/v7e-m+fp/hard\libc_nano.a(lib_a-mlock.o)
                0x000000000801125c                __malloc_lock
 .text.__malloc_unlock
                0x0000000008011268        0xc c:/st/stm32cubeide_1.12.1/stm32cubeide/plugins/com.st.stm32cube.ide.mcu.externaltools.gnu-tools-for-stm32.10.3-2021.10.win32_1.0.200.202301161003/tools/bin/../lib/gcc/arm-none-eabi/10.3.1/../../../../arm-none-eabi/lib/thumb/v7e-m+fp/hard\libc_nano.a(lib_a-mlock.o)
                0x0000000008011268                __malloc_unlock
 .text._free_r  0x0000000008011274       0x98 c:/st/stm32cubeide_1.12.1/stm32cubeide/plugins/com.st.stm32cube.ide.mcu.externaltools.gnu-tools-for-stm32.10.3-2021.10.win32_1.0.200.202301161003/tools/bin/../lib/gcc/arm-none-eabi/10.3.1/../../../../arm-none-eabi/lib/thumb/v7e-m+fp/hard\libc_nano.a(lib_a-nano-freer.o)
                0x0000000008011274                _free_r
 .text.__ssputs_r
                0x000000000801130c       0xb6 c:/st/stm32cubeide_1.12.1/stm32cubeide/plugins/com.st.stm32cube.ide.mcu.externaltools.gnu-tools-for-stm32.10.3-2021.10.win32_1.0.200.202301161003/tools/bin/../lib/gcc/arm-none-eabi/10.3.1/../../../../arm-none-eabi/lib/thumb/v7e-m+fp/hard\libc_nano.a(lib_a-nano-svfprintf.o)
                0x000000000801130c                __ssputs_r
 *fill*         0x00000000080113c2        0x2 
 .text._svfprintf_r
                0x00000000080113c4      0x200 c:/st/stm32cubeide_1.12.1/stm32cubeide/plugins/com.st.stm32cube.ide.mcu.externaltools.gnu-tools-for-stm32.10.3-2021.10.win32_1.0.200.202301161003/tools/bin/../lib/gcc/arm-none-eabi/10.3.1/../../../../arm-none-eabi/lib/thumb/v7e-m+fp/hard\libc_nano.a(lib_a-nano-svfprintf.o)
                0x00000000080113c4                _svfiprintf_r
                0x00000000080113c4                _svfprintf_r
 .text._printf_common
                0x00000000080115c4       0xda c:/st/stm32cubeide_1.12.1/stm32cubeide/plugins/com.st.stm32cube.ide.mcu.externaltools.gnu-tools-for-stm32.10.3-2021.10.win32_1.0.200.202301161003/tools/bin/../lib/gcc/arm-none-eabi/10.3.1/../../../../arm-none-eabi/lib/thumb/v7e-m+fp/hard\libc_nano.a(lib_a-nano-vfprintf_i.o)
                0x00000000080115c4                _printf_common
 *fill*         0x000000000801169e        0x2 
 .text._printf_i
                0x00000000080116a0      0x24c c:/st/stm32cubeide_1.12.1/stm32cubeide/plugins/com.st.stm32cube.ide.mcu.externaltools.gnu-tools-for-stm32.10.3-2021.10.win32_1.0.200.202301161003/tools/bin/../lib/gcc/arm-none-eabi/10.3.1/../../../../arm-none-eabi/lib/thumb/v7e-m+fp/hard\libc_nano.a(lib_a-nano-vfprintf_i.o)
                0x00000000080116a0                _printf_i
 .text.memmove  0x00000000080118ec       0x34 c:/st/stm32cubeide_1.12.1/stm32cubeide/plugins/com.st.stm32cube.ide.mcu.externaltools.gnu-tools-for-stm32.10.3-2021.10.win32_1.0.200.202301161003/tools/bin/../lib/gcc/arm-none-eabi/10.3.1/../../../../arm-none-eabi/lib/thumb/v7e-m+fp/hard\libc_nano.a(lib_a-memmove.o)
                0x00000000080118ec                memmove
 .text._realloc_r
                0x0000000008011920       0x5e c:/st/stm32cubeide_1.12.1/stm32cubeide/plugins/com.st.stm32cube.ide.mcu.externaltools.gnu-tools-for-stm32.10.3-2021.10.win32_1.0.200.202301161003/tools/bin/../lib/gcc/arm-none-eabi/10.3.1/../../../../arm-none-eabi/lib/thumb/v7e-m+fp/hard\libc_nano.a(lib_a-nano-reallocr.o)
                0x0000000008011920                _realloc_r
 .text._malloc_usable_size_r
                0x000000000801197e       0x10 c:/st/stm32cubeide_1.12.1/stm32cubeide/plugins/com.st.stm32cube.ide.mcu.externaltools.gnu-tools-for-stm32.10.3-2021.10.win32_1.0.200.202301161003/tools/bin/../lib/gcc/arm-none-eabi/10.3.1/../../../../arm-none-eabi/lib/thumb/v7e-m+fp/hard\libc_nano.a(lib_a-nano-msizer.o)
                0x000000000801197e                _malloc_usable_size_r
 *(.glue_7)
 .glue_7        0x000000000801198e        0x0 linker stubs
 *(.glue_7t)
 .glue_7t       0x000000000801198e        0x0 linker stubs
 *(.eh_frame)
 *fill*         0x000000000801198e        0x2 
 .eh_frame      0x0000000008011990        0x0 c:/st/stm32cubeide_1.12.1/stm32cubeide/plugins/com.st.stm32cube.ide.mcu.externaltools.gnu-tools-for-stm32.10.3-2021.10.win32_1.0.200.202301161003/tools/bin/../lib/gcc/arm-none-eabi/10.3.1/thumb/v7e-m+fp/hard/crtbegin.o
 *(.init)
 .init          0x0000000008011990        0x4 c:/st/stm32cubeide_1.12.1/stm32cubeide/plugins/com.st.stm32cube.ide.mcu.externaltools.gnu-tools-for-stm32.10.3-2021.10.win32_1.0.200.202301161003/tools/bin/../lib/gcc/arm-none-eabi/10.3.1/thumb/v7e-m+fp/hard/crti.o
                0x0000000008011990                _init
 .init          0x0000000008011994        0x8 c:/st/stm32cubeide_1.12.1/stm32cubeide/plugins/com.st.stm32cube.ide.mcu.externaltools.gnu-tools-for-stm32.10.3-2021.10.win32_1.0.200.202301161003/tools/bin/../lib/gcc/arm-none-eabi/10.3.1/thumb/v7e-m+fp/hard/crtn.o
 *(.fini)
 .fini          0x000000000801199c        0x4 c:/st/stm32cubeide_1.12.1/stm32cubeide/plugins/com.st.stm32cube.ide.mcu.externaltools.gnu-tools-for-stm32.10.3-2021.10.win32_1.0.200.202301161003/tools/bin/../lib/gcc/arm-none-eabi/10.3.1/thumb/v7e-m+fp/hard/crti.o
                0x000000000801199c                _fini
 .fini          0x00000000080119a0        0x8 c:/st/stm32cubeide_1.12.1/stm32cubeide/plugins/com.st.stm32cube.ide.mcu.externaltools.gnu-tools-for-stm32.10.3-2021.10.win32_1.0.200.202301161003/tools/bin/../lib/gcc/arm-none-eabi/10.3.1/thumb/v7e-m+fp/hard/crtn.o
                0x00000000080119a8                . = ALIGN (0x4)
                0x00000000080119a8                _etext = .

.vfp11_veneer   0x00000000080119a8        0x0
 .vfp11_veneer  0x00000000080119a8        0x0 linker stubs

.v4_bx          0x00000000080119a8        0x0
 .v4_bx         0x00000000080119a8        0x0 linker stubs

.iplt           0x00000000080119a8        0x0
 .iplt          0x00000000080119a8        0x0 c:/st/stm32cubeide_1.12.1/stm32cubeide/plugins/com.st.stm32cube.ide.mcu.externaltools.gnu-tools-for-stm32.10.3-2021.10.win32_1.0.200.202301161003/tools/bin/../lib/gcc/arm-none-eabi/10.3.1/thumb/v7e-m+fp/hard/crtbegin.o

.rodata         0x00000000080119a8      0x34c
                0x00000000080119a8                . = ALIGN (0x4)
 *(.rodata)
 .rodata        0x00000000080119a8       0x32 ./Core/Src/app_freertos.o
 *fill*         0x00000000080119da        0x2 
 .rodata        0x00000000080119dc       0xc4 ./Core/Src/main.o
 .rodata        0x0000000008011aa0        0x5 ./Middlewares/Third_Party/FreeRTOS/Source/tasks.o
 *fill*         0x0000000008011aa5        0x3 
 .rodata        0x0000000008011aa8        0xd ./Middlewares/Third_Party/FreeRTOS/Source/timers.o
 *(.rodata*)
 *fill*         0x0000000008011ab5        0x3 
 .rodata.lineOffsets.0
                0x0000000008011ab8        0x4 ./Core/Src/lcd_hd44780_i2c.o
 .rodata.task_main_attributes
                0x0000000008011abc       0x24 ./Core/Src/main.o
                0x0000000008011abc                task_main_attributes
 .rodata.task_controle_attributes
                0x0000000008011ae0       0x24 ./Core/Src/main.o
                0x0000000008011ae0                task_controle_attributes
 .rodata.task_sensores_attributes
                0x0000000008011b04       0x24 ./Core/Src/main.o
                0x0000000008011b04                task_sensores_attributes
 .rodata.task_odometria_attributes
                0x0000000008011b28       0x24 ./Core/Src/main.o
                0x0000000008011b28                task_odometria_attributes
 .rodata.task_bluetooth_attributes
                0x0000000008011b4c       0x24 ./Core/Src/main.o
                0x0000000008011b4c                task_bluetooth_attributes
 .rodata.task_LVBateria_attributes
                0x0000000008011b70       0x24 ./Core/Src/main.o
                0x0000000008011b70                task_LVBateria_attributes
 .rodata.task_Display_attributes
                0x0000000008011b94       0x24 ./Core/Src/main.o