../Core/Src/main.c:181:5:main	32	static
../Core/Src/main.c:318:6:SystemClock_Config	88	static
../Core/Src/main.c:365:13:MX_ADC1_Init	56	static
../Core/Src/main.c:446:13:MX_ADC2_Init	40	static
../Core/Src/main.c:509:13:MX_ADC3_Init	56	static
../Core/Src/main.c:581:13:MX_ADC4_Init	40	static
../Core/Src/main.c:644:13:MX_ADC5_Init	40	static
../Core/Src/main.c:707:13:MX_I2C2_Init	8	static
../Core/Src/main.c:755:13:MX_LPUART1_UART_Init	8	static
../Core/Src/main.c:802:13:MX_USART3_UART_Init	8	static
../Core/Src/main.c:850:13:MX_TIM1_Init	120	static
../Core/Src/main.c:936:13:MX_TIM2_Init	40	static
../Core/Src/main.c:981:13:MX_TIM3_Init	56	static
../Core/Src/main.c:1039:13:MX_TIM8_Init	120	static
../Core/Src/main.c:1121:13:MX_TIM16_Init	24	static
../Core/Src/main.c:1167:13:MX_TIM17_Init	24	static
../Core/Src/main.c:1213:13:MX_TIM20_Init	120	static
../Core/Src/main.c:1293:13:MX_DMA_Init	16	static
../Core/Src/main.c:1324:13:MX_GPIO_Init	48	static
../Core/Src/main.c:1409:6:task_Main	16	static
../Core/Src/main.c:1427:6:task_LvBateria	16	static
../Core/Src/main.c:1446:6:HAL_TIM_PeriodElapsedCallback	16	static
../Core/Src/main.c:1463:6:Error_Handler	4	static,ignoring_inline_asm
