../Core/Src/stm32g4xx_it.c:82:6:NMI_Handler	4	static
../Core/Src/stm32g4xx_it.c:97:6:HardFault_Handler	4	static
../Core/Src/stm32g4xx_it.c:112:6:MemManage_Handler	4	static
../Core/Src/stm32g4xx_it.c:127:6:BusFault_Handler	4	static
../Core/Src/stm32g4xx_it.c:142:6:UsageFault_Handler	4	static
../Core/Src/stm32g4xx_it.c:157:6:DebugMon_Handler	4	static
../Core/Src/stm32g4xx_it.c:177:6:EXTI2_IRQHandler	8	static
../Core/Src/stm32g4xx_it.c:191:6:DMA1_Channel1_IRQHandler	8	static
../Core/Src/stm32g4xx_it.c:205:6:DMA1_Channel2_IRQHandler	8	static
../Core/Src/stm32g4xx_it.c:219:6:DMA1_Channel3_IRQHandler	8	static
../Core/Src/stm32g4xx_it.c:233:6:DMA1_Channel4_IRQHandler	8	static
../Core/Src/stm32g4xx_it.c:247:6:DMA1_Channel5_IRQHandler	8	static
../Core/Src/stm32g4xx_it.c:261:6:TIM1_UP_TIM16_IRQHandler	8	static
../Core/Src/stm32g4xx_it.c:276:6:TIM1_TRG_COM_TIM17_IRQHandler	8	static
../Core/Src/stm32g4xx_it.c:291:6:TIM3_IRQHandler	8	static
../Core/Src/stm32g4xx_it.c:305:6:USART3_IRQHandler	8	static
../Core/Src/stm32g4xx_it.c:319:6:EXTI15_10_IRQHandler	8	static
../Core/Src/stm32g4xx_it.c:333:6:TIM6_DAC_IRQHandler	8	static
../Core/Src/stm32g4xx_it.c:347:6:HAL_TIM_IC_CaptureCallback	16	static
