../Core/Src/stm32g4xx_it.c:85:6:NMI_Handler	4	static
../Core/Src/stm32g4xx_it.c:100:6:HardFault_Handler	4	static
../Core/Src/stm32g4xx_it.c:115:6:MemManage_Handler	4	static
../Core/Src/stm32g4xx_it.c:130:6:BusFault_Handler	4	static
../Core/Src/stm32g4xx_it.c:145:6:UsageFault_Handler	4	static
../Core/Src/stm32g4xx_it.c:160:6:DebugMon_Handler	4	static
../Core/Src/stm32g4xx_it.c:180:6:EXTI2_IRQHandler	8	static
../Core/Src/stm32g4xx_it.c:194:6:DMA1_Channel1_IRQHandler	8	static
../Core/Src/stm32g4xx_it.c:208:6:DMA1_Channel2_IRQHandler	8	static
../Core/Src/stm32g4xx_it.c:222:6:DMA1_Channel3_IRQHandler	8	static
../Core/Src/stm32g4xx_it.c:236:6:DMA1_Channel4_IRQHandler	8	static
../Core/Src/stm32g4xx_it.c:250:6:DMA1_Channel5_IRQHandler	8	static
../Core/Src/stm32g4xx_it.c:264:6:TIM1_UP_TIM16_IRQHandler	8	static
../Core/Src/stm32g4xx_it.c:279:6:TIM1_TRG_COM_TIM17_IRQHandler	8	static
../Core/Src/stm32g4xx_it.c:294:6:TIM3_IRQHandler	8	static
../Core/Src/stm32g4xx_it.c:308:6:I2C2_EV_IRQHandler	8	static
../Core/Src/stm32g4xx_it.c:322:6:I2C2_ER_IRQHandler	8	static
../Core/Src/stm32g4xx_it.c:336:6:USART3_IRQHandler	8	static
../Core/Src/stm32g4xx_it.c:350:6:EXTI15_10_IRQHandler	8	static
../Core/Src/stm32g4xx_it.c:364:6:TIM6_DAC_IRQHandler	8	static
../Core/Src/stm32g4xx_it.c:378:6:DMA2_Channel1_IRQHandler	8	static
../Core/Src/stm32g4xx_it.c:392:6:DMA2_Channel2_IRQHandler	8	static
